Archive member included to satisfy reference by file (symbol)

../../libdaisy/build\libdaisy.a(daisy_seed.o)
                              build/SynthMenis.o (daisy::DaisySeed::Configure())
../../libdaisy/build\libdaisy.a(codec_ak4556.o)
                              ../../libdaisy/build\libdaisy.a(daisy_seed.o) (daisy::Ak4556::Init(dsy_gpio_pin))
../../libdaisy/build\libdaisy.a(sdram.o)
                              ../../libdaisy/build\libdaisy.a(daisy_seed.o) (dsy_sdram_init)
../../libdaisy/build\libdaisy.a(audio.o)
                              ../../libdaisy/build\libdaisy.a(daisy_seed.o) (daisy::AudioHandle::Init(daisy::AudioHandle::Config const&, daisy::SaiHandle))
../../libdaisy/build\libdaisy.a(encoder.o)
                              build/SynthMenis.o (daisy::Encoder::Init(dsy_gpio_pin, dsy_gpio_pin, dsy_gpio_pin, float))
../../libdaisy/build\libdaisy.a(switch.o)
                              build/SynthMenis.o (daisy::Switch::Init(dsy_gpio_pin, float))
../../libdaisy/build\libdaisy.a(usb.o)
                              build/SynthMenis.o (daisy::UsbHandle::Init(daisy::UsbHandle::UsbPeriph))
../../libdaisy/build\libdaisy.a(adc.o)
                              build/SynthMenis.o (daisy::AdcChannelConfig::InitSingle(dsy_gpio_pin))
../../libdaisy/build\libdaisy.a(gpio.o)
                              build/SynthMenis.o (dsy_gpio_init)
../../libdaisy/build\libdaisy.a(qspi.o)
                              ../../libdaisy/build\libdaisy.a(daisy_seed.o) (dsy_qspi_init)
../../libdaisy/build\libdaisy.a(sai.o)
                              ../../libdaisy/build\libdaisy.a(daisy_seed.o) (daisy::SaiHandle::Init(daisy::SaiHandle::Config const&))
../../libdaisy/build\libdaisy.a(spi.o)
                              build/SynthMenis.o (daisy::SpiHandle::Init(daisy::SpiHandle::Config const&))
../../libdaisy/build\libdaisy.a(uart.o)
                              build/SynthMenis.o (daisy::UartHandler::Init(daisy::UartHandler::Config const&))
../../libdaisy/build\libdaisy.a(system.o)
                              build/SynthMenis.o (daisy::System::GetNow())
../../libdaisy/build\libdaisy.a(system_stm32h7xx.o)
                              build/startup_stm32h750xx.o (SystemInit)
../../libdaisy/build\libdaisy.a(usbd_cdc_if.o)
                              ../../libdaisy/build\libdaisy.a(usb.o) (CDC_Transmit_FS)
../../libdaisy/build\libdaisy.a(usbd_conf.o)
                              ../../libdaisy/build\libdaisy.a(usb.o) (hpcd_USB_OTG_HS)
../../libdaisy/build\libdaisy.a(usbd_desc.o)
                              ../../libdaisy/build\libdaisy.a(usb.o) (HS_Desc)
../../libdaisy/build\libdaisy.a(hal_map.o)
                              ../../libdaisy/build\libdaisy.a(sdram.o) (dsy_hal_map_get_port)
../../libdaisy/build\libdaisy.a(oled_fonts.o)
                              build/Menus.o (Font_7x10)
../../libdaisy/build\libdaisy.a(stm32h7xx_hal.o)
                              ../../libdaisy/build\libdaisy.a(system.o) (HAL_Init)
../../libdaisy/build\libdaisy.a(stm32h7xx_hal_adc.o)
                              ../../libdaisy/build\libdaisy.a(adc.o) (HAL_ADC_ConfigChannel)
../../libdaisy/build\libdaisy.a(stm32h7xx_hal_adc_ex.o)
                              ../../libdaisy/build\libdaisy.a(adc.o) (HAL_ADCEx_Calibration_Start)
../../libdaisy/build\libdaisy.a(stm32h7xx_hal_cortex.o)
                              ../../libdaisy/build\libdaisy.a(stm32h7xx_hal.o) (HAL_NVIC_SetPriorityGrouping)
../../libdaisy/build\libdaisy.a(stm32h7xx_hal_dma.o)
                              ../../libdaisy/build\libdaisy.a(adc.o) (HAL_DMA_Init)
../../libdaisy/build\libdaisy.a(stm32h7xx_hal_gpio.o)
                              ../../libdaisy/build\libdaisy.a(sdram.o) (HAL_GPIO_Init)
../../libdaisy/build\libdaisy.a(stm32h7xx_hal_pcd.o)
                              ../../libdaisy/build\libdaisy.a(usbd_conf.o) (HAL_PCD_Init)
../../libdaisy/build\libdaisy.a(stm32h7xx_hal_pcd_ex.o)
                              ../../libdaisy/build\libdaisy.a(usbd_conf.o) (HAL_PCDEx_SetTxFiFo)
../../libdaisy/build\libdaisy.a(stm32h7xx_hal_pwr_ex.o)
                              ../../libdaisy/build\libdaisy.a(system.o) (HAL_PWREx_ConfigSupply)
../../libdaisy/build\libdaisy.a(stm32h7xx_hal_qspi.o)
                              ../../libdaisy/build\libdaisy.a(qspi.o) (HAL_QSPI_Init)
../../libdaisy/build\libdaisy.a(stm32h7xx_hal_rcc.o)
                              ../../libdaisy/build\libdaisy.a(system.o) (HAL_RCC_OscConfig)
../../libdaisy/build\libdaisy.a(stm32h7xx_hal_rcc_ex.o)
                              ../../libdaisy/build\libdaisy.a(system.o) (HAL_RCCEx_PeriphCLKConfig)
../../libdaisy/build\libdaisy.a(stm32h7xx_hal_sai.o)
                              ../../libdaisy/build\libdaisy.a(sai.o) (HAL_SAI_InitProtocol)
../../libdaisy/build\libdaisy.a(stm32h7xx_hal_sdram.o)
                              ../../libdaisy/build\libdaisy.a(sdram.o) (HAL_SDRAM_Init)
../../libdaisy/build\libdaisy.a(stm32h7xx_hal_spi.o)
[...]
Memory Configuration

Name             Origin             Length             Attributes
FLASH            0x08000000         0x00020000         xr
DTCMRAM          0x20000000         0x00020000         xrw
SRAM             0x24000000         0x00080000         xrw
RAM_D2           0x30000000         0x00048000         xrw
RAM_D3           0x38000000         0x00010000         xrw
ITCMRAM          0x00000000         0x00010000         xrw
SDRAM            0xc0000000         0x04000000         xrw
QSPIFLASH        0x90000000         0x00800000         xr
*default*        0x00000000         0xffffffff

Linker script and memory map

LOAD c:/users/vinícius/documents/daisytoolchain-0.3.1/windows/bin/../lib/gcc/arm-none-eabi/10.2.1/thumb/v7e-m+dp/hard/crti.o
LOAD c:/users/vinícius/documents/daisytoolchain-0.3.1/windows/bin/../lib/gcc/arm-none-eabi/10.2.1/thumb/v7e-m+dp/hard/crtbegin.o
LOAD c:/users/vinícius/documents/daisytoolchain-0.3.1/windows/bin/../lib/gcc/arm-none-eabi/10.2.1/../../../../arm-none-eabi/lib/thumb/v7e-m+dp/hard/crt0.o
LOAD build/startup_stm32h750xx.o
LOAD build/Menus.o
LOAD build/OledDisplayExtravaganza.o
LOAD build/SynthMenis.o
LOAD ../../libdaisy/build\libdaisy.a
LOAD c:/users/vinícius/documents/daisytoolchain-0.3.1/windows/bin/../lib/gcc/arm-none-eabi/10.2.1/../../../../arm-none-eabi/lib/thumb/v7e-m+dp/hard\libnosys.a
LOAD ../../DaisySP/build\libdaisysp.a
LOAD c:/users/vinícius/documents/daisytoolchain-0.3.1/windows/bin/../lib/gcc/arm-none-eabi/10.2.1/../../../../arm-none-eabi/lib/thumb/v7e-m+dp/hard\libstdc++_nano.a
LOAD c:/users/vinícius/documents/daisytoolchain-0.3.1/windows/bin/../lib/gcc/arm-none-eabi/10.2.1/../../../../arm-none-eabi/lib/thumb/v7e-m+dp/hard\libm.a
LOAD c:/users/vinícius/documents/daisytoolchain-0.3.1/windows/bin/../lib/gcc/arm-none-eabi/10.2.1/../../../../arm-none-eabi/lib/thumb/v7e-m+dp/hard\libc_nano.a
START GROUP
LOAD c:/users/vinícius/documents/daisytoolchain-0.3.1/windows/bin/../lib/gcc/arm-none-eabi/10.2.1/thumb/v7e-m+dp/hard\libgcc.a
LOAD c:/users/vinícius/documents/daisytoolchain-0.3.1/windows/bin/../lib/gcc/arm-none-eabi/10.2.1/../../../../arm-none-eabi/lib/thumb/v7e-m+dp/hard\libc_nano.a
END GROUP
START GROUP
LOAD c:/users/vinícius/documents/daisytoolchain-0.3.1/windows/bin/../lib/gcc/arm-none-eabi/10.2.1/thumb/v7e-m+dp/hard\libgcc.a
LOAD c:/users/vinícius/documents/daisytoolchain-0.3.1/windows/bin/../lib/gcc/arm-none-eabi/10.2.1/../../../../arm-none-eabi/lib/thumb/v7e-m+dp/hard\libc_nano.a
LOAD c:/users/vinícius/documents/daisytoolchain-0.3.1/windows/bin/../lib/gcc/arm-none-eabi/10.2.1/../../../../arm-none-eabi/lib/thumb/v7e-m+dp/hard\libnosys.a
END GROUP
START GROUP
LOAD c:/users/vinícius/documents/daisytoolchain-0.3.1/windows/bin/../lib/gcc/arm-none-eabi/10.2.1/thumb/v7e-m+dp/hard\libgcc.a
LOAD c:/users/vinícius/documents/daisytoolchain-0.3.1/windows/bin/../lib/gcc/arm-none-eabi/10.2.1/../../../../arm-none-eabi/lib/thumb/v7e-m+dp/hard\libc_nano.a
LOAD c:/users/vinícius/documents/daisytoolchain-0.3.1/windows/bin/../lib/gcc/arm-none-eabi/10.2.1/../../../../arm-none-eabi/lib/thumb/v7e-m+dp/hard\libnosys.a
END GROUP
LOAD c:/users/vinícius/documents/daisytoolchain-0.3.1/windows/bin/../lib/gcc/arm-none-eabi/10.2.1/thumb/v7e-m+dp/hard/crtend.o
LOAD c:/users/vinícius/documents/daisytoolchain-0.3.1/windows/bin/../lib/gcc/arm-none-eabi/10.2.1/thumb/v7e-m+dp/hard/crtn.o
                0x20020000                _estack = 0x20020000

.isr_vector     0x08000000      0x298
                0x08000000                . = ALIGN (0x4)
 *(.isr_vector)
 .isr_vector    0x08000000      0x298 build/startup_stm32h750xx.o
                0x08000000                g_pfnVectors
                0x08000298                . = ALIGN (0x4)

.text           0x080002a0    0x17fd0
                0x080002a0                . = ALIGN (0x4)
                0x080002a0                _stext = .
 *(.text)
 .text          0x080002a0       0x40 c:/users/vinícius/documents/daisytoolchain-0.3.1/windows/bin/../lib/gcc/arm-none-eabi/10.2.1/thumb/v7e-m+dp/hard/crtbegin.o
 .text          0x080002e0       0x14 c:/users/vinícius/documents/daisytoolchain-0.3.1/windows/bin/../lib/gcc/arm-none-eabi/10.2.1/../../../../arm-none-eabi/lib/thumb/v7e-m+dp/hard\libc_nano.a(lib_a-strcmp.o)
                0x080002e0                strcmp
 .text          0x080002f4       0x10 c:/users/vinícius/documents/daisytoolchain-0.3.1/windows/bin/../lib/gcc/arm-none-eabi/10.2.1/../../../../arm-none-eabi/lib/thumb/v7e-m+dp/hard\libc_nano.a(lib_a-strlen.o)
                0x080002f4                strlen
 *fill*         0x08000304        0xc 
 .text          0x08000310       0xa0 c:/users/vinícius/documents/daisytoolchain-0.3.1/windows/bin/../lib/gcc/arm-none-eabi/10.2.1/../../../../arm-none-eabi/lib/thumb/v7e-m+dp/hard\libc_nano.a(lib_a-memchr.o)
                0x08000310                memchr
 .text          0x080003b0      0x378 c:/users/vinícius/documents/daisytoolchain-0.3.1/windows/bin/../lib/gcc/arm-none-eabi/10.2.1/thumb/v7e-m+dp/hard\libgcc.a(_arm_addsubdf3.o)
                0x080003b0                __aeabi_drsub
                0x080003b8                __aeabi_dsub
                0x080003b8                __subdf3
                0x080003bc                __aeabi_dadd
                0x080003bc                __adddf3
                0x08000634                __floatunsidf
                0x08000634                __aeabi_ui2d
                0x08000654                __floatsidf
                0x08000654                __aeabi_i2d
                0x08000678                __aeabi_f2d
                0x08000678                __extendsfdf2
                0x080006bc                __floatundidf
                0x080006bc                __aeabi_ul2d
                0x080006cc                __floatdidf
                0x080006cc                __aeabi_l2d
 .text          0x08000728       0x30 c:/users/vinícius/documents/daisytoolchain-0.3.1/windows/bin/../lib/gcc/arm-none-eabi/10.2.1/thumb/v7e-m+dp/hard\libgcc.a(_aeabi_uldivmod.o)
                0x08000728                __aeabi_uldivmod
 .text          0x08000758      0x2d0 c:/users/vinícius/documents/daisytoolchain-0.3.1/windows/bin/../lib/gcc/arm-none-eabi/10.2.1/thumb/v7e-m+dp/hard\libgcc.a(_udivmoddi4.o)
                0x08000758                __udivmoddi4
 .text          0x08000a28        0x4 c:/users/vinícius/documents/daisytoolchain-0.3.1/windows/bin/../lib/gcc/arm-none-eabi/10.2.1/thumb/v7e-m+dp/hard\libgcc.a(_dvmd_tls.o)
                0x08000a28                __aeabi_idiv0
                0x08000a28                __aeabi_ldiv0
 *(.text*)
 .text.Default_Handler
                0x08000a2c        0x4 build/startup_stm32h750xx.o
                0x08000a2c                RTC_Alarm_IRQHandler
                0x08000a2c                HASH_RNG_IRQHandler
                0x08000a2c                EXTI2_IRQHandler
                0x08000a2c                TIM8_CC_IRQHandler
                0x08000a2c                HRTIM1_Master_IRQHandler
                0x08000a2c                DebugMon_Handler
                0x08000a2c                SPI4_IRQHandler
                0x08000a2c                TIM1_CC_IRQHandler
                0x08000a2c                BDMA_Channel6_IRQHandler
                0x08000a2c                DMA2_Stream5_IRQHandler
                0x08000a2c                HRTIM1_FLT_IRQHandler
                0x08000a2c                JPEG_IRQHandler
                0x08000a2c                BDMA_Channel1_IRQHandler
                0x08000a2c                HRTIM1_TIMD_IRQHandler
                0x08000a2c                TAMP_STAMP_IRQHandler
                0x08000a2c                PendSV_Handler
                0x08000a2c                NMI_Handler
                0x08000a2c                EXTI3_IRQHandler
                0x08000a2c                LPTIM4_IRQHandler
                0x08000a2c                TIM8_TRG_COM_TIM14_IRQHandler
                0x08000a2c                LPTIM2_IRQHandler
                0x08000a2c                DFSDM1_FLT1_IRQHandler
                0x08000a2c                DMAMUX2_OVR_IRQHandler
                0x08000a2c                TIM8_UP_TIM13_IRQHandler
                0x08000a2c                I2C3_ER_IRQHandler
                0x08000a2c                DFSDM1_FLT2_IRQHandler
                0x08000a2c                MDMA_IRQHandler
                0x08000a2c                LPTIM3_IRQHandler
                0x08000a2c                HSEM1_IRQHandler
                0x08000a2c                EXTI0_IRQHandler
                0x08000a2c                FPU_IRQHandler
                0x08000a2c                OTG_HS_WKUP_IRQHandler
                0x08000a2c                FDCAN1_IT1_IRQHandler
                0x08000a2c                UsageFault_Handler
                0x08000a2c                LTDC_ER_IRQHandler
                0x08000a2c                DMA2_Stream2_IRQHandler
                0x08000a2c                HRTIM1_TIME_IRQHandler
                0x08000a2c                SPI1_IRQHandler
                0x08000a2c                TIM6_DAC_IRQHandler
                0x08000a2c                DCMI_IRQHandler
                0x08000a2c                HRTIM1_TIMC_IRQHandler
                0x08000a2c                DMA2_Stream3_IRQHandler
                0x08000a2c                SAI2_IRQHandler
                0x08000a2c                DFSDM1_FLT3_IRQHandler
                0x08000a2c                TIM17_IRQHandler
                0x08000a2c                CRYP_IRQHandler
                0x08000a2c                BDMA_Channel7_IRQHandler
                0x08000a2c                LPTIM5_IRQHandler
                0x08000a2c                ADC3_IRQHandler
                0x08000a2c                DMA2_Stream0_IRQHandler
                0x08000a2c                TIM4_IRQHandler
                0x08000a2c                BDMA_Channel2_IRQHandler
                0x08000a2c                DMAMUX1_OVR_IRQHandler
                0x08000a2c                TIM16_IRQHandler
                0x08000a2c                BDMA_Channel5_IRQHandler
                0x08000a2c                TIM3_IRQHandler
                0x08000a2c                RCC_IRQHandler
                0x08000a2c                TIM8_BRK_TIM12_IRQHandler
                0x08000a2c                TIM1_TRG_COM_IRQHandler
                0x08000a2c                Default_Handler
                0x08000a2c                ECC_IRQHandler
                0x08000a2c                CEC_IRQHandler
                0x08000a2c                EXTI15_10_IRQHandler
                0x08000a2c                BDMA_Channel0_IRQHandler
                0x08000a2c                ADC_IRQHandler
                0x08000a2c                DMA1_Stream7_IRQHandler
                0x08000a2c                HRTIM1_TIMA_IRQHandler
                0x08000a2c                SPI5_IRQHandler
                0x08000a2c                TIM7_IRQHandler
                0x08000a2c                SDMMC1_IRQHandler
                0x08000a2c                TIM5_IRQHandler
                0x08000a2c                DMA2_Stream7_IRQHandler
                0x08000a2c                TIM15_IRQHandler
                0x08000a2c                PVD_AVD_IRQHandler
                0x08000a2c                EXTI9_5_IRQHandler
                0x08000a2c                RTC_WKUP_IRQHandler
                0x08000a2c                LTDC_IRQHandler
                0x08000a2c                SAI3_IRQHandler
                0x08000a2c                ETH_WKUP_IRQHandler
                0x08000a2c                SPDIF_RX_IRQHandler
                0x08000a2c                SPI2_IRQHandler
                0x08000a2c                MemManage_Handler
                0x08000a2c                SVC_Handler
                0x08000a2c                CRS_IRQHandler
                0x08000a2c                EXTI4_IRQHandler
                0x08000a2c                HRTIM1_TIMB_IRQHandler
                0x08000a2c                FDCAN2_IT1_IRQHandler
                0x08000a2c                ETH_IRQHandler
                0x08000a2c                TIM1_UP_IRQHandler
                0x08000a2c                BDMA_Channel4_IRQHandler
                0x08000a2c                WWDG_IRQHandler
                0x08000a2c                SPI6_IRQHandler
                0x08000a2c                I2C4_EV_IRQHandler
                0x08000a2c                MDIOS_IRQHandler
                0x08000a2c                FDCAN2_IT0_IRQHandler
                0x08000a2c                FDCAN1_IT0_IRQHandler
                0x08000a2c                TIM2_IRQHandler
                0x08000a2c                OTG_FS_WKUP_IRQHandler
                0x08000a2c                DMA2D_IRQHandler
                0x08000a2c                TIM1_BRK_IRQHandler
                0x08000a2c                EXTI1_IRQHandler
                0x08000a2c                SDMMC2_IRQHandler
                0x08000a2c                BDMA_Channel3_IRQHandler
                0x08000a2c                MDIOS_WKUP_IRQHandler
                0x08000a2c                DFSDM1_FLT0_IRQHandler
                0x08000a2c                SAI4_IRQHandler
                0x08000a2c                I2C2_ER_IRQHandler
                0x08000a2c                DMA2_Stream1_IRQHandler
                0x08000a2c                FLASH_IRQHandler
                0x08000a2c                DMA2_Stream4_IRQHandler
                0x08000a2c                BusFault_Handler
                0x08000a2c                SPI3_IRQHandler
                0x08000a2c                WAKEUP_PIN_IRQHandler
                0x08000a2c                I2C1_ER_IRQHandler
                0x08000a2c                FMC_IRQHandler
                0x08000a2c                FDCAN_CAL_IRQHandler
                0x08000a2c                SWPMI1_IRQHandler
                0x08000a2c                COMP1_IRQHandler
                0x08000a2c                LPTIM1_IRQHandler
                0x08000a2c                I2C4_ER_IRQHandler
                0x08000a2c                DMA2_Stream6_IRQHandler
                0x08000a2c                SAI1_IRQHandler
 .text.Reset_Handler
                0x08000a30       0x44 build/startup_stm32h750xx.o
                0x08000a30                Reset_Handler
 .text._ZNK5daisy11OledDisplayINS_13SSD130xDriverILj128ELj64ENS_24SSD130x4WireSpiTransportEEEE5WidthEv
                0x08000a74        0x4 build/Menus.o
                0x08000a74                daisy::OledDisplay<daisy::SSD130xDriver<128u, 64u, daisy::SSD130x4WireSpiTransport> >::Width() const
 .text._ZNK5daisy11OledDisplayINS_13SSD130xDriverILj128ELj64ENS_24SSD130x4WireSpiTransportEEEE6HeightEv
                0x08000a78        0x4 build/Menus.o
                0x08000a78                daisy::OledDisplay<daisy::SSD130xDriver<128u, 64u, daisy::SSD130x4WireSpiTransport> >::Height() const
 .text._ZN5MenusC2Ev
                0x08000a7c       0x4c build/Menus.o
                0x08000a7c                Menus::Menus()
                0x08000a7c                Menus::Menus()
 .text._ZN5daisy25OneBitGraphicsDisplayImplINS_11OledDisplayINS_13SSD130xDriverILj128ELj64ENS_24SSD130x4WireSpiTransportEEEEEE11WriteStringEPKc7FontDefb
                0x08000ac8      0x1c0 build/Menus.o
                0x08000ac8                daisy::OneBitGraphicsDisplayImpl<daisy::OledDisplay<daisy::SSD130xDriver<128u, 64u, daisy::SSD130x4WireSpiTransport> > >::WriteString(char const*, FontDef, bool)
 .text._ZN5daisy25OneBitGraphicsDisplayImplINS_11OledDisplayINS_13SSD130xDriverILj128ELj64ENS_24SSD130x4WireSpiTransportEEEEEE8DrawRectEjjjjbb
                0x08000c88      0x418 build/Menus.o
                0x08000c88                daisy::OneBitGraphicsDisplayImpl<daisy::OledDisplay<daisy::SSD130xDriver<128u, 64u, daisy::SSD130x4WireSpiTransport> > >::DrawRect(unsigned int, unsigned int, unsigned int, unsigned int, bool, bool)
 .text._ZN5Menus5Menu1E23OledDisplayExtravaganzaPN7daisysp10OscillatorE
                0x080010a0      0x718 build/Menus.o
                0x080010a0                Menus::Menu1(OledDisplayExtravaganza, daisysp::Oscillator*)
 .text._ZN5Menus5Menu2E23OledDisplayExtravaganzaPN7daisysp10OscillatorE
                0x080017b8      0x4ac build/Menus.o
                0x080017b8                Menus::Menu2(OledDisplayExtravaganza, daisysp::Oscillator*)
 .text._ZN23OledDisplayExtravaganzaD2Ev
                0x08001c64        0x4 build/OledDisplayExtravaganza.o
                0x08001c64                OledDisplayExtravaganza::~OledDisplayExtravaganza()
                0x08001c64                OledDisplayExtravaganza::~OledDisplayExtravaganza()
 .text._ZN5daisy11OledDisplayINS_13SSD130xDriverILj128ELj64ENS_24SSD130x4WireSpiTransportEEEE4FillEb
                0x08001c68       0x10 build/OledDisplayExtravaganza.o
                0x08001c68                daisy::OledDisplay<daisy::SSD130xDriver<128u, 64u, daisy::SSD130x4WireSpiTransport> >::Fill(bool)
 .text._ZN23OledDisplayExtravaganzaD0Ev
                0x08001c78       0x10 build/OledDisplayExtravaganza.o
                0x08001c78                OledDisplayExtravaganza::~OledDisplayExtravaganza()
 .text._ZN5daisy11OledDisplayINS_13SSD130xDriverILj128ELj64ENS_24SSD130x4WireSpiTransportEEEE6UpdateEv
                0x08001c88       0x8c build/OledDisplayExtravaganza.o
                0x08001c88                daisy::OledDisplay<daisy::SSD130xDriver<128u, 64u, daisy::SSD130x4WireSpiTransport> >::Update()
 .text._ZN5daisy11OledDisplayINS_13SSD130xDriverILj128ELj64ENS_24SSD130x4WireSpiTransportEEEE9DrawPixelEjjb
                0x08001d14       0x44 build/OledDisplayExtravaganza.o
                0x08001d14                daisy::OledDisplay<daisy::SSD130xDriver<128u, 64u, daisy::SSD130x4WireSpiTransport> >::DrawPixel(unsigned int, unsigned int, bool)
 .text._ZN5daisy25OneBitGraphicsDisplayImplINS_11OledDisplayINS_13SSD130xDriverILj128ELj64ENS_24SSD130x4WireSpiTransportEEEEEE8DrawLineEjjjjb
                0x08001d58       0xfc build/OledDisplayExtravaganza.o
                0x08001d58                daisy::OneBitGraphicsDisplayImpl<daisy::OledDisplay<daisy::SSD130xDriver<128u, 64u, daisy::SSD130x4WireSpiTransport> > >::DrawLine(unsigned int, unsigned int, unsigned int, unsigned int, bool)
 *fill*         0x08001e54        0x4 
 .text._ZN5daisy25OneBitGraphicsDisplayImplINS_11OledDisplayINS_13SSD130xDriverILj128ELj64ENS_24SSD130x4WireSpiTransportEEEEEE7DrawArcEjjjiib
                0x08001e58      0x478 build/OledDisplayExtravaganza.o
                0x08001e58                daisy::OneBitGraphicsDisplayImpl<daisy::OledDisplay<daisy::SSD130xDriver<128u, 64u, daisy::SSD130x4WireSpiTransport> > >::DrawArc(unsigned int, unsigned int, unsigned int, int, int, bool)
 .text._ZN5daisy25OneBitGraphicsDisplayImplINS_11OledDisplayINS_13SSD130xDriverILj128ELj64ENS_24SSD130x4WireSpiTransportEEEEEE9WriteCharEc7FontDefb
                0x080022d0      0x1a0 build/OledDisplayExtravaganza.o
                0x080022d0                daisy::OneBitGraphicsDisplayImpl<daisy::OledDisplay<daisy::SSD130xDriver<128u, 64u, daisy::SSD130x4WireSpiTransport> > >::WriteChar(char, FontDef, bool)
 .text._ZN23OledDisplayExtravaganzaC2Ev
                0x08002470       0x10 build/OledDisplayExtravaganza.o
                0x08002470                OledDisplayExtravaganza::OledDisplayExtravaganza()
                0x08002470                OledDisplayExtravaganza::OledDisplayExtravaganza()
 .text._ZN23OledDisplayExtravaganza10drawSliderEffffff
                0x08002480       0x98 build/OledDisplayExtravaganza.o
                0x08002480                OledDisplayExtravaganza::drawSlider(float, float, float, float, float, float)
 .text._ZN23OledDisplayExtravaganza8drawSineEfffb
                0x08002518      0x1cc build/OledDisplayExtravaganza.o
                0x08002518                OledDisplayExtravaganza::drawSine(float, float, float, bool)
 .text._ZN23OledDisplayExtravaganza7drawTriEfffb
                0x080026e4      0x2e4 build/OledDisplayExtravaganza.o
                0x080026e4                OledDisplayExtravaganza::drawTri(float, float, float, bool)
 .text._ZN23OledDisplayExtravaganza7drawSqrEfffb
                0x080029c8      0x3a8 build/OledDisplayExtravaganza.o
                0x080029c8                OledDisplayExtravaganza::drawSqr(float, float, float, bool)
 .text._ZN23OledDisplayExtravaganza7drawSawEfffb
                0x08002d70      0x304 build/OledDisplayExtravaganza.o
                0x08002d70                OledDisplayExtravaganza::drawSaw(float, float, float, bool)
 .text._ZN23OledDisplayExtravaganza9WaveIconsEiiiib
                0x08003074      0x268 build/OledDisplayExtravaganza.o
                0x08003074                OledDisplayExtravaganza::WaveIcons(int, int, int, int, bool)
 *fill*         0x080032dc        0x4 
 .text._ZN23OledDisplayExtravaganza20drawHorizontalToggleEfffbbPKc
                0x080032e0      0x55c build/OledDisplayExtravaganza.o
                0x080032e0                OledDisplayExtravaganza::drawHorizontalToggle(float, float, float, bool, bool, char const*)
 *fill*         0x0800383c        0x4 
 .text._ZN23OledDisplayExtravaganza18drawVerticalToggleEfffbbPKc
                0x08003840      0x57c build/OledDisplayExtravaganza.o
                0x08003840                OledDisplayExtravaganza::drawVerticalToggle(float, float, float, bool, bool, char const*)
 .text._ZN5daisy9DaisySeedD2Ev
                0x08003dbc        0x4 build/SynthMenis.o
                0x08003dbc                daisy::DaisySeed::~DaisySeed()
                0x08003dbc                daisy::DaisySeed::~DaisySeed()
 .text._ZN7daisysp4AdsrD2Ev
                0x08003dc0        0x4 build/SynthMenis.o
                0x08003dc0                daisysp::Adsr::~Adsr()
                0x08003dc0                daisysp::Adsr::~Adsr()
 .text._ZN7daisysp4LineD2Ev
                0x08003dc4        0x4 build/SynthMenis.o
                0x08003dc4                daisysp::Line::~Line()
                0x08003dc4                daisysp::Line::~Line()
 .text._ZN5MenusD2Ev
                0x08003dc8        0x4 build/SynthMenis.o
                0x08003dc8                Menus::~Menus()
                0x08003dc8                Menus::~Menus()
 .text.__tcf_0  0x08003dcc        0x4 build/SynthMenis.o
 .text._ZN5daisy11MidiHandlerINS_17MidiUartTransportEED2Ev
                0x08003dd0        0x4 build/SynthMenis.o
                0x08003dd0                daisy::MidiHandler<daisy::MidiUartTransport>::~MidiHandler()
                0x08003dd0                daisy::MidiHandler<daisy::MidiUartTransport>::~MidiHandler()
 .text._Z13AudioCallbackPKfPfj
                0x08003dd4       0xbc build/SynthMenis.o
                0x08003dd4                AudioCallback(float const*, float*, unsigned int)
 .text._Z17HandleMidiMessage9MidiEvent
                0x08003e90       0xc4 build/SynthMenis.o
                0x08003e90                HandleMidiMessage(MidiEvent)
 .text._ZN5daisy13SSD130xDriverILj128ELj64ENS_24SSD130x4WireSpiTransportEE4InitENS2_6ConfigE
                0x08003f54      0x2d4 build/SynthMenis.o
                0x08003f54                daisy::SSD130xDriver<128u, 64u, daisy::SSD130x4WireSpiTransport>::Init(daisy::SSD130xDriver<128u, 64u, daisy::SSD130x4WireSpiTransport>::Config)
 .text._ZN5daisy11MidiHandlerINS_17MidiUartTransportEE5ParseEh
                0x08004228      0x278 build/SynthMenis.o
                0x08004228                daisy::MidiHandler<daisy::MidiUartTransport>::Parse(unsigned char)
 .text.startup.main
                0x080044a0      0x518 build/SynthMenis.o
                0x080044a0                main
 .text.startup._GLOBAL__sub_I_synthmenu
                0x080049b8       0xfc build/SynthMenis.o
 .text._ZN5daisy9DaisySeed9ConfigureEv
                0x08004ab4       0x4c ../../libdaisy/build\libdaisy.a(daisy_seed.o)
                0x08004ab4                daisy::DaisySeed::Configure()
 .text._ZN5daisy9DaisySeed6GetPinEh
                0x08004b00       0x2c ../../libdaisy/build\libdaisy.a(daisy_seed.o)
                0x08004b00                daisy::DaisySeed::GetPin(unsigned char)
 .text._ZN5daisy9DaisySeed10StartAudioEPFvPKfPfjE
                0x08004b2c        0x8 ../../libdaisy/build\libdaisy.a(daisy_seed.o)
                0x08004b2c                daisy::DaisySeed::StartAudio(void (*)(float const*, float*, unsigned int))
 .text._ZN5daisy9DaisySeed15AudioSampleRateEv
                0x08004b34        0x8 ../../libdaisy/build\libdaisy.a(daisy_seed.o)
                0x08004b34                daisy::DaisySeed::AudioSampleRate()
 .text._ZN5daisy9DaisySeed6SetLedEb
                0x08004b3c        0x8 ../../libdaisy/build\libdaisy.a(daisy_seed.o)
                0x08004b3c                daisy::DaisySeed::SetLed(bool)
 *fill*         0x08004b44        0x4 
 .text._ZN5daisy9DaisySeed14ConfigureAudioEv
                0x08004b48       0x78 ../../libdaisy/build\libdaisy.a(daisy_seed.o)
                0x08004b48                daisy::DaisySeed::ConfigureAudio()
 .text._ZN5daisy9DaisySeed4InitEb
                0x08004bc0       0x7c ../../libdaisy/build\libdaisy.a(daisy_seed.o)
                0x08004bc0                daisy::DaisySeed::Init(bool)
 .text._ZN5daisy6Ak45564InitE12dsy_gpio_pin
                0x08004c3c       0x44 ../../libdaisy/build\libdaisy.a(codec_ak4556.o)
                0x08004c3c                daisy::Ak4556::Init(dsy_gpio_pin)
 .text.dsy_sdram_init
                0x08004c80      0x108 ../../libdaisy/build\libdaisy.a(sdram.o)
                0x08004c80                dsy_sdram_init
 .text.HAL_SDRAM_MspInit
                0x08004d88      0x1d0 ../../libdaisy/build\libdaisy.a(sdram.o)
                0x08004d88                HAL_SDRAM_MspInit
 .text._ZN5daisy11AudioHandle4Impl16InternalCallbackEPlS2_j
                0x08004f58      0xbbc ../../libdaisy/build\libdaisy.a(audio.o)
                0x08004f58                daisy::AudioHandle::Impl::InternalCallback(long*, long*, unsigned int)
 .text._ZN5daisy11AudioHandle4InitERKNS0_6ConfigENS_9SaiHandleE
                0x08005b14       0x64 ../../libdaisy/build\libdaisy.a(audio.o)
                0x08005b14                daisy::AudioHandle::Init(daisy::AudioHandle::Config const&, daisy::SaiHandle)
 .text._ZNK5daisy11AudioHandle9GetConfigEv
                0x08005b78        0x8 ../../libdaisy/build\libdaisy.a(audio.o)
                0x08005b78                daisy::AudioHandle::GetConfig() const
 .text._ZN5daisy11AudioHandle13GetSampleRateEv
                0x08005b80        0x8 ../../libdaisy/build\libdaisy.a(audio.o)
                0x08005b80                daisy::AudioHandle::GetSampleRate()
 .text._ZN5daisy11AudioHandle5StartEPFvPKfPfjE
                0x08005b88       0x2c ../../libdaisy/build\libdaisy.a(audio.o)
                0x08005b88                daisy::AudioHandle::Start(void (*)(float const*, float*, unsigned int))
 .text.startup._GLOBAL__sub_I__ZN5daisy11AudioHandle4Impl4InitENS0_6ConfigENS_9SaiHandleE
                0x08005bb4       0x10 ../../libdaisy/build\libdaisy.a(audio.o)
 .text._ZN5daisy7Encoder4InitE12dsy_gpio_pinS1_S1_f
                0x08005bc4       0x4c ../../libdaisy/build\libdaisy.a(encoder.o)
                0x08005bc4                daisy::Encoder::Init(dsy_gpio_pin, dsy_gpio_pin, dsy_gpio_pin, float)
 .text._ZN5daisy7Encoder8DebounceEv
                0x08005c10       0x60 ../../libdaisy/build\libdaisy.a(encoder.o)
                0x08005c10                daisy::Encoder::Debounce()
 .text._ZN5daisy6Switch4InitE12dsy_gpio_pinf
                0x08005c70       0x3c ../../libdaisy/build\libdaisy.a(switch.o)
                0x08005c70                daisy::Switch::Init(dsy_gpio_pin, float)
 .text._ZN5daisy6Switch8DebounceEv
                0x08005cac       0x4c ../../libdaisy/build\libdaisy.a(switch.o)
                0x08005cac                daisy::Switch::Debounce()
 .text.DummyRxCallback
                0x08005cf8        0x4 ../../libdaisy/build\libdaisy.a(usb.o)
                0x08005cf8                DummyRxCallback
 .text._ZN5daisy9UsbHandle4InitENS0_9UsbPeriphE
                0x08005cfc      0x10c ../../libdaisy/build\libdaisy.a(usb.o)
                0x08005cfc                daisy::UsbHandle::Init(daisy::UsbHandle::UsbPeriph)
 .text._ZN5daisy9UsbHandle16TransmitInternalEPhj
                0x08005e08       0x14 ../../libdaisy/build\libdaisy.a(usb.o)
                0x08005e08                daisy::UsbHandle::TransmitInternal(unsigned char*, unsigned int)
 .text.OTG_HS_EP1_OUT_IRQHandler
                0x08005e1c        0xc ../../libdaisy/build\libdaisy.a(usb.o)
                0x08005e1c                OTG_HS_EP1_OUT_IRQHandler
 .text.OTG_HS_EP1_IN_IRQHandler
                0x08005e28        0xc ../../libdaisy/build\libdaisy.a(usb.o)
                0x08005e28                OTG_HS_EP1_IN_IRQHandler
 .text.OTG_HS_IRQHandler
                0x08005e34        0xc ../../libdaisy/build\libdaisy.a(usb.o)
                0x08005e34                OTG_HS_IRQHandler
 .text.OTG_FS_EP1_OUT_IRQHandler
                0x08005e40        0xc ../../libdaisy/build\libdaisy.a(usb.o)
                0x08005e40                OTG_FS_EP1_OUT_IRQHandler
 .text.OTG_FS_EP1_IN_IRQHandler
                0x08005e4c        0xc ../../libdaisy/build\libdaisy.a(usb.o)
                0x08005e4c                OTG_FS_EP1_IN_IRQHandler
 .text.OTG_FS_IRQHandler
                0x08005e58        0xc ../../libdaisy/build\libdaisy.a(usb.o)
                0x08005e58                OTG_FS_IRQHandler
 .text._ZN5daisy16AdcChannelConfig10InitSingleE12dsy_gpio_pin
                0x08005e64       0x1c ../../libdaisy/build\libdaisy.a(adc.o)
                0x08005e64                daisy::AdcChannelConfig::InitSingle(dsy_gpio_pin)
 .text._ZN5daisy9AdcHandle4InitEPNS_16AdcChannelConfigEjNS0_12OverSamplingE
                0x08005e80      0x6e8 ../../libdaisy/build\libdaisy.a(adc.o)
                0x08005e80                daisy::AdcHandle::Init(daisy::AdcChannelConfig*, unsigned int, daisy::AdcHandle::OverSampling)
 .text._ZN5daisy9AdcHandle5StartEv
                0x08006568       0x2c ../../libdaisy/build\libdaisy.a(adc.o)
                0x08006568                daisy::AdcHandle::Start()
 .text.HAL_ADC_MspInit
                0x08006594       0x98 ../../libdaisy/build\libdaisy.a(adc.o)
                0x08006594                HAL_ADC_MspInit
 .text.DMA1_Stream2_IRQHandler
                0x0800662c        0xc ../../libdaisy/build\libdaisy.a(adc.o)
                0x0800662c                DMA1_Stream2_IRQHandler
 .text.HAL_ADC_ConvCpltCallback
                0x08006638      0x14c ../../libdaisy/build\libdaisy.a(adc.o)
                0x08006638                HAL_ADC_ConvCpltCallback
 .text.HAL_ADC_ErrorCallback
                0x08006784        0x4 ../../libdaisy/build\libdaisy.a(adc.o)
                0x08006784                HAL_ADC_ErrorCallback
 .text.dsy_gpio_init
                0x08006788      0x1b8 ../../libdaisy/build\libdaisy.a(gpio.o)
                0x08006788                dsy_gpio_init
 .text.dsy_gpio_read
                0x08006940       0x1c ../../libdaisy/build\libdaisy.a(gpio.o)
                0x08006940                dsy_gpio_read
 .text.dsy_gpio_write
                0x0800695c       0x24 ../../libdaisy/build\libdaisy.a(gpio.o)
                0x0800695c                dsy_gpio_write
 .text.dsy_qspi_init
                0x08006980      0x388 ../../libdaisy/build\libdaisy.a(qspi.o)
                0x08006980                dsy_qspi_init
 .text.HAL_QSPI_MspInit
                0x08006d08      0x10c ../../libdaisy/build\libdaisy.a(qspi.o)
                0x08006d08                HAL_QSPI_MspInit
 .text.HAL_QSPI_MspDeInit
                0x08006e14       0x58 ../../libdaisy/build\libdaisy.a(qspi.o)
                0x08006e14                HAL_QSPI_MspDeInit
 .text.QUADSPI_IRQHandler
                0x08006e6c        0xc ../../libdaisy/build\libdaisy.a(qspi.o)
                0x08006e6c                QUADSPI_IRQHandler
 .text._ZN5daisy9SaiHandle4Impl7InitDmaENS1_15PeripheralBlockE
                0x08006e78       0xa0 ../../libdaisy/build\libdaisy.a(sai.o)
                0x08006e78                daisy::SaiHandle::Impl::InitDma(daisy::SaiHandle::Impl::PeripheralBlock)
 .text._ZN5daisy9SaiHandle4Impl8InitPinsEv
                0x08006f18       0xa8 ../../libdaisy/build\libdaisy.a(sai.o)
                0x08006f18                daisy::SaiHandle::Impl::InitPins()
 .text.HAL_SAI_MspInit
                0x08006fc0      0x164 ../../libdaisy/build\libdaisy.a(sai.o)
                0x08006fc0                HAL_SAI_MspInit
 .text.DMA1_Stream0_IRQHandler
                0x08007124        0xc ../../libdaisy/build\libdaisy.a(sai.o)
                0x08007124                DMA1_Stream0_IRQHandler
 .text.DMA1_Stream1_IRQHandler
                0x08007130        0xc ../../libdaisy/build\libdaisy.a(sai.o)
                0x08007130                DMA1_Stream1_IRQHandler
 .text.DMA1_Stream3_IRQHandler
                0x0800713c        0xc ../../libdaisy/build\libdaisy.a(sai.o)
                0x0800713c                DMA1_Stream3_IRQHandler
 .text.DMA1_Stream4_IRQHandler
                0x08007148        0xc ../../libdaisy/build\libdaisy.a(sai.o)
                0x08007148                DMA1_Stream4_IRQHandler
 .text.HAL_SAI_RxHalfCpltCallback
                0x08007154       0x78 ../../libdaisy/build\libdaisy.a(sai.o)
                0x08007154                HAL_SAI_RxHalfCpltCallback
 .text.HAL_SAI_RxCpltCallback
                0x080071cc       0x70 ../../libdaisy/build\libdaisy.a(sai.o)
                0x080071cc                HAL_SAI_RxCpltCallback
 *fill*         0x0800723c        0x4 
 .text._ZN5daisy9SaiHandle4InitERKNS0_6ConfigE
                0x08007240      0x1f0 ../../libdaisy/build\libdaisy.a(sai.o)
                0x08007240                daisy::SaiHandle::Init(daisy::SaiHandle::Config const&)
 .text._ZNK5daisy9SaiHandle9GetConfigEv
                0x08007430        0x4 ../../libdaisy/build\libdaisy.a(sai.o)
                0x08007430                daisy::SaiHandle::GetConfig() const
 .text._ZN5daisy9SaiHandle8StartDmaEPlS1_jPFvS1_S1_jE
                0x08007434       0x68 ../../libdaisy/build\libdaisy.a(sai.o)
                0x08007434                daisy::SaiHandle::StartDma(long*, long*, unsigned int, void (*)(long*, long*, unsigned int))
 .text._ZN5daisy9SaiHandle13GetSampleRateEv
                0x0800749c       0x24 ../../libdaisy/build\libdaisy.a(sai.o)
                0x0800749c                daisy::SaiHandle::GetSampleRate()
 .text._ZNK5daisy9SaiHandle9GetOffsetEv
                0x080074c0        0x8 ../../libdaisy/build\libdaisy.a(sai.o)
                0x080074c0                daisy::SaiHandle::GetOffset() const
 .text._ZN5daisy9SpiHandle4Impl8InitPinsEv
                0x080074c8      0x274 ../../libdaisy/build\libdaisy.a(spi.o)
                0x080074c8                daisy::SpiHandle::Impl::InitPins()
 .text.HAL_SPI_MspInit
                0x0800773c      0x154 ../../libdaisy/build\libdaisy.a(spi.o)
                0x0800773c                HAL_SPI_MspInit
 .text._ZN5daisy9SpiHandle4InitERKNS0_6ConfigE
                0x08007890      0x104 ../../libdaisy/build\libdaisy.a(spi.o)
                0x08007890                daisy::SpiHandle::Init(daisy::SpiHandle::Config const&)
 .text._ZN5daisy9SpiHandle16BlockingTransmitEPhjm
                0x08007994       0x14 ../../libdaisy/build\libdaisy.a(spi.o)
                0x08007994                daisy::SpiHandle::BlockingTransmit(unsigned char*, unsigned int, unsigned long)
 .text.startup._GLOBAL__sub_I__Z19MapInstanceToHandleP11SPI_TypeDef
                0x080079a8      0x168 ../../libdaisy/build\libdaisy.a(spi.o)
 .text._ZN5daisy11UartHandler4Impl8InitPinsEv
                0x08007b10      0x15c ../../libdaisy/build\libdaisy.a(uart.o)
                0x08007b10                daisy::UartHandler::Impl::InitPins()
 .text._ZN5daisy11UartHandler4Impl14UARTRxCompleteEv
                0x08007c6c       0xfc ../../libdaisy/build\libdaisy.a(uart.o)
                0x08007c6c                daisy::UartHandler::Impl::UARTRxComplete()
 .text.HAL_UART_RxCpltCallback
                0x08007d68       0x90 ../../libdaisy/build\libdaisy.a(uart.o)
                0x08007d68                HAL_UART_RxCpltCallback
 .text.HAL_UART_ErrorCallback
                0x08007df8       0x94 ../../libdaisy/build\libdaisy.a(uart.o)
                0x08007df8                HAL_UART_ErrorCallback
 .text.HAL_UART_MspInit
                0x08007e8c      0x28c ../../libdaisy/build\libdaisy.a(uart.o)
                0x08007e8c                HAL_UART_MspInit
 .text.USART1_IRQHandler
                0x08008118       0xa8 ../../libdaisy/build\libdaisy.a(uart.o)
                0x08008118                USART1_IRQHandler
 .text.USART2_IRQHandler
                0x080081c0       0xac ../../libdaisy/build\libdaisy.a(uart.o)
                0x080081c0                USART2_IRQHandler
 .text.USART3_IRQHandler
                0x0800826c       0xac ../../libdaisy/build\libdaisy.a(uart.o)
                0x0800826c                USART3_IRQHandler
 .text.UART4_IRQHandler
                0x08008318       0xac ../../libdaisy/build\libdaisy.a(uart.o)
                0x08008318                UART4_IRQHandler
 .text.UART5_IRQHandler
                0x080083c4       0xac ../../libdaisy/build\libdaisy.a(uart.o)
                0x080083c4                UART5_IRQHandler
 .text.USART6_IRQHandler
                0x08008470       0xac ../../libdaisy/build\libdaisy.a(uart.o)
                0x08008470                USART6_IRQHandler
 .text.UART7_IRQHandler
                0x0800851c       0xac ../../libdaisy/build\libdaisy.a(uart.o)
                0x0800851c                UART7_IRQHandler
 .text.UART8_IRQHandler
                0x080085c8       0xac ../../libdaisy/build\libdaisy.a(uart.o)
                0x080085c8                UART8_IRQHandler
 .text.LPUART1_IRQHandler
                0x08008674       0xb4 ../../libdaisy/build\libdaisy.a(uart.o)
                0x08008674                LPUART1_IRQHandler
 .text.DMA1_Stream5_IRQHandler
                0x08008728        0xc ../../libdaisy/build\libdaisy.a(uart.o)
                0x08008728                DMA1_Stream5_IRQHandler
 .text._ZN5daisy11UartHandler4InitERKNS0_6ConfigE
                0x08008734      0x104 ../../libdaisy/build\libdaisy.a(uart.o)
                0x08008734                daisy::UartHandler::Init(daisy::UartHandler::Config const&)
 .text._ZN5daisy11UartHandler7StartRxEv
                0x08008838       0x28 ../../libdaisy/build\libdaisy.a(uart.o)
                0x08008838                daisy::UartHandler::StartRx()
 .text._ZN5daisy11UartHandler8RxActiveEv
                0x08008860        0x8 ../../libdaisy/build\libdaisy.a(uart.o)
                0x08008860                daisy::UartHandler::RxActive()
 .text._ZN5daisy11UartHandler7FlushRxEv
                0x08008868       0x10 ../../libdaisy/build\libdaisy.a(uart.o)
                0x08008868                daisy::UartHandler::FlushRx()
 .text._ZN5daisy11UartHandler5PopRxEv
                0x08008878       0x28 ../../libdaisy/build\libdaisy.a(uart.o)
                0x08008878                daisy::UartHandler::PopRx()
 .text._ZN5daisy11UartHandler8ReadableEv
                0x080088a0       0x10 ../../libdaisy/build\libdaisy.a(uart.o)
                0x080088a0                daisy::UartHandler::Readable()
 .text.startup._GLOBAL__sub_I__Z19MapInstanceToHandleP13USART_TypeDef
                0x080088b0      0x140 ../../libdaisy/build\libdaisy.a(uart.o)
 .text._ZN5daisy11TimerHandleD2Ev
                0x080089f0        0x4 ../../libdaisy/build\libdaisy.a(system.o)
                0x080089f0                daisy::TimerHandle::~TimerHandle()
                0x080089f0                daisy::TimerHandle::~TimerHandle()
 .text.SysTick_Handler
                0x080089f4       0x10 ../../libdaisy/build\libdaisy.a(system.o)
                0x080089f4                SysTick_Handler
 .text.HardFault_Handler
                0x08008a04        0x4 ../../libdaisy/build\libdaisy.a(system.o)
                0x08008a04                HardFault_Handler
 .text._ZN5daisy6System6GetNowEv
                0x08008a08        0x4 ../../libdaisy/build\libdaisy.a(system.o)
                0x08008a08                daisy::System::GetNow()
 .text._ZN5daisy6System5DelayEm
                0x08008a0c        0x4 ../../libdaisy/build\libdaisy.a(system.o)
                0x08008a0c                daisy::System::Delay(unsigned long)
 .text._ZN5daisy6System15ConfigureClocksEv
                0x08008a10      0x194 ../../libdaisy/build\libdaisy.a(system.o)
                0x08008a10                daisy::System::ConfigureClocks()
 .text._ZN5daisy6System4InitERKNS0_6ConfigE
                0x08008ba4      0x11c ../../libdaisy/build\libdaisy.a(system.o)
                0x08008ba4                daisy::System::Init(daisy::System::Config const&)
 .text.startup._GLOBAL__sub_I_SysTick_Handler
                0x08008cc0       0x1c ../../libdaisy/build\libdaisy.a(system.o)
 .text.SystemInit
                0x08008cdc       0x84 ../../libdaisy/build\libdaisy.a(system_stm32h7xx.o)
                0x08008cdc                SystemInit
 .text.dummy_rx_callback
                0x08008d60        0x4 ../../libdaisy/build\libdaisy.a(usbd_cdc_if.o)
                0x08008d60                dummy_rx_callback
 .text.CDC_DeInit_FS
                0x08008d64        0x4 ../../libdaisy/build\libdaisy.a(usbd_cdc_if.o)
 .text.CDC_Receive_FS
                0x08008d68       0x2c ../../libdaisy/build\libdaisy.a(usbd_cdc_if.o)
 .text.CDC_Receive_HS
                0x08008d94       0x2c ../../libdaisy/build\libdaisy.a(usbd_cdc_if.o)
 .text.CDC_Init_FS
                0x08008dc0       0x34 ../../libdaisy/build\libdaisy.a(usbd_cdc_if.o)
 .text.CDC_Init_HS
                0x08008df4       0x34 ../../libdaisy/build\libdaisy.a(usbd_cdc_if.o)
 .text.CDC_Control_FS
                0x08008e28       0x34 ../../libdaisy/build\libdaisy.a(usbd_cdc_if.o)
 .text.CDC_Control_HS
                0x08008e5c       0x34 ../../libdaisy/build\libdaisy.a(usbd_cdc_if.o)
 .text.CDC_DeInit_HS
                0x08008e90        0x4 ../../libdaisy/build\libdaisy.a(usbd_cdc_if.o)
 .text.CDC_Transmit_FS
                0x08008e94       0x2c ../../libdaisy/build\libdaisy.a(usbd_cdc_if.o)
                0x08008e94                CDC_Transmit_FS
 .text.HAL_PCD_MspInit
                0x08008ec0      0x144 ../../libdaisy/build\libdaisy.a(usbd_conf.o)
                0x08008ec0                HAL_PCD_MspInit
 .text.HAL_PCD_SetupStageCallback
                0x08009004        0xc ../../libdaisy/build\libdaisy.a(usbd_conf.o)
                0x08009004                HAL_PCD_SetupStageCallback
 .text.HAL_PCD_DataOutStageCallback
                0x08009010       0x14 ../../libdaisy/build\libdaisy.a(usbd_conf.o)
                0x08009010                HAL_PCD_DataOutStageCallback
 .text.HAL_PCD_DataInStageCallback
                0x08009024       0x14 ../../libdaisy/build\libdaisy.a(usbd_conf.o)
                0x08009024                HAL_PCD_DataInStageCallback
 .text.HAL_PCD_SOFCallback
                0x08009038        0x8 ../../libdaisy/build\libdaisy.a(usbd_conf.o)
                0x08009038                HAL_PCD_SOFCallback
 .text.HAL_PCD_ResetCallback
                0x08009040       0x24 ../../libdaisy/build\libdaisy.a(usbd_conf.o)
                0x08009040                HAL_PCD_ResetCallback
 .text.HAL_PCD_SuspendCallback
                0x08009064       0x30 ../../libdaisy/build\libdaisy.a(usbd_conf.o)
                0x08009064                HAL_PCD_SuspendCallback
 .text.HAL_PCD_ResumeCallback
                0x08009094        0x8 ../../libdaisy/build\libdaisy.a(usbd_conf.o)
                0x08009094                HAL_PCD_ResumeCallback
 .text.HAL_PCD_ISOOUTIncompleteCallback
                0x0800909c        0x8 ../../libdaisy/build\libdaisy.a(usbd_conf.o)
                0x0800909c                HAL_PCD_ISOOUTIncompleteCallback
 .text.HAL_PCD_ISOINIncompleteCallback
                0x080090a4        0x8 ../../libdaisy/build\libdaisy.a(usbd_conf.o)
                0x080090a4                HAL_PCD_ISOINIncompleteCallback
 .text.HAL_PCD_ConnectCallback
                0x080090ac        0x8 ../../libdaisy/build\libdaisy.a(usbd_conf.o)
                0x080090ac                HAL_PCD_ConnectCallback
 .text.HAL_PCD_DisconnectCallback
                0x080090b4        0x8 ../../libdaisy/build\libdaisy.a(usbd_conf.o)
                0x080090b4                HAL_PCD_DisconnectCallback
 .text.USBD_LL_Init
                0x080090bc       0xe4 ../../libdaisy/build\libdaisy.a(usbd_conf.o)
                0x080090bc                USBD_LL_Init
 .text.USBD_LL_Start
                0x080091a0       0x1c ../../libdaisy/build\libdaisy.a(usbd_conf.o)
                0x080091a0                USBD_LL_Start
 .text.USBD_LL_OpenEP
                0x080091bc       0x24 ../../libdaisy/build\libdaisy.a(usbd_conf.o)
                0x080091bc                USBD_LL_OpenEP
 .text.USBD_LL_CloseEP
                0x080091e0       0x1c ../../libdaisy/build\libdaisy.a(usbd_conf.o)
                0x080091e0                USBD_LL_CloseEP
 .text.USBD_LL_StallEP
                0x080091fc       0x1c ../../libdaisy/build\libdaisy.a(usbd_conf.o)
                0x080091fc                USBD_LL_StallEP
 .text.USBD_LL_ClearStallEP
                0x08009218       0x1c ../../libdaisy/build\libdaisy.a(usbd_conf.o)
                0x08009218                USBD_LL_ClearStallEP
 .text.USBD_LL_IsStallEP
                0x08009234       0x28 ../../libdaisy/build\libdaisy.a(usbd_conf.o)
                0x08009234                USBD_LL_IsStallEP
 .text.USBD_LL_SetUSBAddress
                0x0800925c       0x1c ../../libdaisy/build\libdaisy.a(usbd_conf.o)
                0x0800925c                USBD_LL_SetUSBAddress
 .text.USBD_LL_Transmit
                0x08009278       0x1c ../../libdaisy/build\libdaisy.a(usbd_conf.o)
                0x08009278                USBD_LL_Transmit
 .text.USBD_LL_PrepareReceive
                0x08009294       0x1c ../../libdaisy/build\libdaisy.a(usbd_conf.o)
                0x08009294                USBD_LL_PrepareReceive
 .text.USBD_LL_GetRxDataSize
                0x080092b0        0x8 ../../libdaisy/build\libdaisy.a(usbd_conf.o)
                0x080092b0                USBD_LL_GetRxDataSize
 .text.USBD_HS_DeviceDescriptor
                0x080092b8        0xc ../../libdaisy/build\libdaisy.a(usbd_desc.o)
                0x080092b8                USBD_HS_DeviceDescriptor
 .text.USBD_FS_DeviceDescriptor
                0x080092c4        0xc ../../libdaisy/build\libdaisy.a(usbd_desc.o)
                0x080092c4                USBD_FS_DeviceDescriptor
 .text.USBD_FS_LangIDStrDescriptor
                0x080092d0        0xc ../../libdaisy/build\libdaisy.a(usbd_desc.o)
                0x080092d0                USBD_FS_LangIDStrDescriptor
 .text.USBD_FS_ManufacturerStrDescriptor
                0x080092dc       0x1c ../../libdaisy/build\libdaisy.a(usbd_desc.o)
                0x080092dc                USBD_FS_ManufacturerStrDescriptor
 .text.USBD_HS_ProductStrDescriptor
                0x080092f8       0x1c ../../libdaisy/build\libdaisy.a(usbd_desc.o)
                0x080092f8                USBD_HS_ProductStrDescriptor
 .text.USBD_FS_ConfigStrDescriptor
                0x08009314       0x1c ../../libdaisy/build\libdaisy.a(usbd_desc.o)
                0x08009314                USBD_FS_ConfigStrDescriptor
 .text.USBD_FS_InterfaceStrDescriptor
                0x08009330       0x1c ../../libdaisy/build\libdaisy.a(usbd_desc.o)
                0x08009330                USBD_FS_InterfaceStrDescriptor
 .text.USBD_FS_ProductStrDescriptor
                0x0800934c       0x1c ../../libdaisy/build\libdaisy.a(usbd_desc.o)
                0x0800934c                USBD_FS_ProductStrDescriptor
 .text.USBD_HS_LangIDStrDescriptor
                0x08009368        0xc ../../libdaisy/build\libdaisy.a(usbd_desc.o)
                0x08009368                USBD_HS_LangIDStrDescriptor
 .text.USBD_HS_ManufacturerStrDescriptor
                0x08009374       0x1c ../../libdaisy/build\libdaisy.a(usbd_desc.o)
                0x08009374                USBD_HS_ManufacturerStrDescriptor
 .text.USBD_FS_SerialStrDescriptor
                0x08009390      0x124 ../../libdaisy/build\libdaisy.a(usbd_desc.o)
                0x08009390                USBD_FS_SerialStrDescriptor
 .text.USBD_HS_SerialStrDescriptor
                0x080094b4      0x124 ../../libdaisy/build\libdaisy.a(usbd_desc.o)
                0x080094b4                USBD_HS_SerialStrDescriptor
 .text.USBD_HS_InterfaceStrDescriptor
                0x080095d8       0x1c ../../libdaisy/build\libdaisy.a(usbd_desc.o)
                0x080095d8                USBD_HS_InterfaceStrDescriptor
 .text.USBD_HS_ConfigStrDescriptor
                0x080095f4       0x1c ../../libdaisy/build\libdaisy.a(usbd_desc.o)
                0x080095f4                USBD_HS_ConfigStrDescriptor
 .text.dsy_hal_map_get_port
                0x08009610       0x10 ../../libdaisy/build\libdaisy.a(hal_map.o)
                0x08009610                dsy_hal_map_get_port
 .text.dsy_hal_map_get_pin
                0x08009620       0x10 ../../libdaisy/build\libdaisy.a(hal_map.o)
                0x08009620                dsy_hal_map_get_pin
 .text.dsy_hal_map_gpio_clk_enable
                0x08009630      0x150 ../../libdaisy/build\libdaisy.a(hal_map.o)
                0x08009630                dsy_hal_map_gpio_clk_enable
 .text.HAL_MspInit
                0x08009780        0x4 ../../libdaisy/build\libdaisy.a(stm32h7xx_hal.o)
                0x08009780                HAL_MspInit
 .text.HAL_InitTick
                0x08009784       0x4c ../../libdaisy/build\libdaisy.a(stm32h7xx_hal.o)
                0x08009784                HAL_InitTick
 .text.HAL_Init
                0x080097d0       0x60 ../../libdaisy/build\libdaisy.a(stm32h7xx_hal.o)
                0x080097d0                HAL_Init
 .text.HAL_IncTick
                0x08009830       0x18 ../../libdaisy/build\libdaisy.a(stm32h7xx_hal.o)
                0x08009830                HAL_IncTick
 .text.HAL_GetTick
                0x08009848        0xc ../../libdaisy/build\libdaisy.a(stm32h7xx_hal.o)
                0x08009848                HAL_GetTick
 .text.HAL_Delay
                0x08009854       0x24 ../../libdaisy/build\libdaisy.a(stm32h7xx_hal.o)
                0x08009854                HAL_Delay
 .text.HAL_GetREVID
                0x08009878        0xc ../../libdaisy/build\libdaisy.a(stm32h7xx_hal.o)
                0x08009878                HAL_GetREVID
 .text.HAL_ADC_ConvHalfCpltCallback
                0x08009884        0x4 ../../libdaisy/build\libdaisy.a(stm32h7xx_hal_adc.o)
                0x08009884                HAL_ADC_ConvHalfCpltCallback
 .text.ADC_DMAHalfConvCplt
                0x08009888        0xc ../../libdaisy/build\libdaisy.a(stm32h7xx_hal_adc.o)
                0x08009888                ADC_DMAHalfConvCplt
 .text.ADC_DMAConvCplt
                0x08009894       0x6c ../../libdaisy/build\libdaisy.a(stm32h7xx_hal_adc.o)
                0x08009894                ADC_DMAConvCplt
 .text.ADC_DMAError
                0x08009900       0x1c ../../libdaisy/build\libdaisy.a(stm32h7xx_hal_adc.o)
                0x08009900                ADC_DMAError
 .text.HAL_ADC_ConfigChannel
                0x0800991c      0x3fc ../../libdaisy/build\libdaisy.a(stm32h7xx_hal_adc.o)
                0x0800991c                HAL_ADC_ConfigChannel
 .text.ADC_Enable
                0x08009d18       0xac ../../libdaisy/build\libdaisy.a(stm32h7xx_hal_adc.o)
                0x08009d18                ADC_Enable
 .text.HAL_ADC_Start_DMA
                0x08009dc4      0x114 ../../libdaisy/build\libdaisy.a(stm32h7xx_hal_adc.o)
                0x08009dc4                HAL_ADC_Start_DMA
 .text.ADC_Disable
                0x08009ed8       0x68 ../../libdaisy/build\libdaisy.a(stm32h7xx_hal_adc.o)
                0x08009ed8                ADC_Disable
 .text.ADC_ConfigureBoostMode
                0x08009f40      0x184 ../../libdaisy/build\libdaisy.a(stm32h7xx_hal_adc.o)
                0x08009f40                ADC_ConfigureBoostMode
 .text.HAL_ADC_Init
                0x0800a0c4      0x218 ../../libdaisy/build\libdaisy.a(stm32h7xx_hal_adc.o)
                0x0800a0c4                HAL_ADC_Init
 .text.HAL_ADCEx_Calibration_Start
                0x0800a2dc       0xa4 ../../libdaisy/build\libdaisy.a(stm32h7xx_hal_adc_ex.o)
                0x0800a2dc                HAL_ADCEx_Calibration_Start
 .text.HAL_ADCEx_MultiModeConfigChannel
                0x0800a380       0xc4 ../../libdaisy/build\libdaisy.a(stm32h7xx_hal_adc_ex.o)
                0x0800a380                HAL_ADCEx_MultiModeConfigChannel
 .text.HAL_NVIC_SetPriorityGrouping
                0x0800a444       0x24 ../../libdaisy/build\libdaisy.a(stm32h7xx_hal_cortex.o)
                0x0800a444                HAL_NVIC_SetPriorityGrouping
 .text.HAL_NVIC_SetPriority
                0x0800a468       0x7c ../../libdaisy/build\libdaisy.a(stm32h7xx_hal_cortex.o)
                0x0800a468                HAL_NVIC_SetPriority
 .text.HAL_NVIC_EnableIRQ
                0x0800a4e4       0x1c ../../libdaisy/build\libdaisy.a(stm32h7xx_hal_cortex.o)
                0x0800a4e4                HAL_NVIC_EnableIRQ
 .text.HAL_NVIC_DisableIRQ
                0x0800a500       0x28 ../../libdaisy/build\libdaisy.a(stm32h7xx_hal_cortex.o)
                0x0800a500                HAL_NVIC_DisableIRQ
 .text.HAL_SYSTICK_Config
                0x0800a528       0x2c ../../libdaisy/build\libdaisy.a(stm32h7xx_hal_cortex.o)
                0x0800a528                HAL_SYSTICK_Config
 .text.HAL_MPU_Disable
                0x0800a554       0x1c ../../libdaisy/build\libdaisy.a(stm32h7xx_hal_cortex.o)
                0x0800a554                HAL_MPU_Disable
 .text.HAL_MPU_Enable
                0x0800a570       0x20 ../../libdaisy/build\libdaisy.a(stm32h7xx_hal_cortex.o)
                0x0800a570                HAL_MPU_Enable
 .text.HAL_MPU_ConfigRegion
                0x0800a590       0x64 ../../libdaisy/build\libdaisy.a(stm32h7xx_hal_cortex.o)
                0x0800a590                HAL_MPU_ConfigRegion
 .text.HAL_SYSTICK_Callback
                0x0800a5f4        0x4 ../../libdaisy/build\libdaisy.a(stm32h7xx_hal_cortex.o)
                0x0800a5f4                HAL_SYSTICK_Callback
 .text.HAL_SYSTICK_IRQHandler
                0x0800a5f8        0x8 ../../libdaisy/build\libdaisy.a(stm32h7xx_hal_cortex.o)
                0x0800a5f8                HAL_SYSTICK_IRQHandler
 .text.DMA_CalcBaseAndBitshift
                0x0800a600       0xf4 ../../libdaisy/build\libdaisy.a(stm32h7xx_hal_dma.o)
 .text.DMA_CalcDMAMUXChannelBaseAndMask
                0x0800a6f4       0xd8 ../../libdaisy/build\libdaisy.a(stm32h7xx_hal_dma.o)
 .text.HAL_DMA_Init
                0x0800a7cc      0x37c ../../libdaisy/build\libdaisy.a(stm32h7xx_hal_dma.o)
                0x0800a7cc                HAL_DMA_Init
 .text.HAL_DMA_Start_IT
                0x0800ab48      0x240 ../../libdaisy/build\libdaisy.a(stm32h7xx_hal_dma.o)
                0x0800ab48                HAL_DMA_Start_IT
 .text.HAL_DMA_Abort_IT
                0x0800ad88      0x134 ../../libdaisy/build\libdaisy.a(stm32h7xx_hal_dma.o)
                0x0800ad88                HAL_DMA_Abort_IT
 .text.HAL_DMA_IRQHandler
                0x0800aebc      0x6a0 ../../libdaisy/build\libdaisy.a(stm32h7xx_hal_dma.o)
                0x0800aebc                HAL_DMA_IRQHandler
 .text.HAL_DMA_GetError
                0x0800b55c        0x4 ../../libdaisy/build\libdaisy.a(stm32h7xx_hal_dma.o)
                0x0800b55c                HAL_DMA_GetError
 .text.HAL_GPIO_Init
                0x0800b560      0x280 ../../libdaisy/build\libdaisy.a(stm32h7xx_hal_gpio.o)
                0x0800b560                HAL_GPIO_Init
 .text.HAL_GPIO_DeInit
                0x0800b7e0      0x190 ../../libdaisy/build\libdaisy.a(stm32h7xx_hal_gpio.o)
                0x0800b7e0                HAL_GPIO_DeInit
 .text.HAL_GPIO_ReadPin
                0x0800b970        0xc ../../libdaisy/build\libdaisy.a(stm32h7xx_hal_gpio.o)
                0x0800b970                HAL_GPIO_ReadPin
 .text.HAL_GPIO_WritePin
                0x0800b97c        0x8 ../../libdaisy/build\libdaisy.a(stm32h7xx_hal_gpio.o)
                0x0800b97c                HAL_GPIO_WritePin
 .text.HAL_PCD_Init
                0x0800b984      0x12c ../../libdaisy/build\libdaisy.a(stm32h7xx_hal_pcd.o)
                0x0800b984                HAL_PCD_Init
 .text.HAL_PCD_Start
                0x0800bab0       0x44 ../../libdaisy/build\libdaisy.a(stm32h7xx_hal_pcd.o)
                0x0800bab0                HAL_PCD_Start
 .text.HAL_PCD_IRQHandler
                0x0800baf4      0x69c ../../libdaisy/build\libdaisy.a(stm32h7xx_hal_pcd.o)
                0x0800baf4                HAL_PCD_IRQHandler
 .text.HAL_PCD_SetAddress
                0x0800c190       0x2c ../../libdaisy/build\libdaisy.a(stm32h7xx_hal_pcd.o)
                0x0800c190                HAL_PCD_SetAddress
 .text.HAL_PCD_EP_Open
                0x0800c1bc       0x7c ../../libdaisy/build\libdaisy.a(stm32h7xx_hal_pcd.o)
                0x0800c1bc                HAL_PCD_EP_Open
 .text.HAL_PCD_EP_Close
                0x0800c238       0x6c ../../libdaisy/build\libdaisy.a(stm32h7xx_hal_pcd.o)
                0x0800c238                HAL_PCD_EP_Close
 .text.HAL_PCD_EP_Receive
                0x0800c2a4       0x50 ../../libdaisy/build\libdaisy.a(stm32h7xx_hal_pcd.o)
                0x0800c2a4                HAL_PCD_EP_Receive
 .text.HAL_PCD_EP_GetRxCount
                0x0800c2f4       0x14 ../../libdaisy/build\libdaisy.a(stm32h7xx_hal_pcd.o)
                0x0800c2f4                HAL_PCD_EP_GetRxCount
 .text.HAL_PCD_EP_Transmit
                0x0800c308       0x50 ../../libdaisy/build\libdaisy.a(stm32h7xx_hal_pcd.o)
                0x0800c308                HAL_PCD_EP_Transmit
 .text.HAL_PCD_EP_SetStall
                0x0800c358       0x88 ../../libdaisy/build\libdaisy.a(stm32h7xx_hal_pcd.o)
                0x0800c358                HAL_PCD_EP_SetStall
 .text.HAL_PCD_EP_ClrStall
                0x0800c3e0       0x78 ../../libdaisy/build\libdaisy.a(stm32h7xx_hal_pcd.o)
                0x0800c3e0                HAL_PCD_EP_ClrStall
 .text.HAL_PCDEx_SetTxFiFo
                0x0800c458       0x54 ../../libdaisy/build\libdaisy.a(stm32h7xx_hal_pcd_ex.o)
                0x0800c458                HAL_PCDEx_SetTxFiFo
 .text.HAL_PCDEx_SetRxFiFo
                0x0800c4ac        0xc ../../libdaisy/build\libdaisy.a(stm32h7xx_hal_pcd_ex.o)
                0x0800c4ac                HAL_PCDEx_SetRxFiFo
 .text.HAL_PCDEx_ActivateLPM
                0x0800c4b8       0x30 ../../libdaisy/build\libdaisy.a(stm32h7xx_hal_pcd_ex.o)
                0x0800c4b8                HAL_PCDEx_ActivateLPM
 .text.HAL_PCDEx_LPM_Callback
                0x0800c4e8        0x4 ../../libdaisy/build\libdaisy.a(stm32h7xx_hal_pcd_ex.o)
                0x0800c4e8                HAL_PCDEx_LPM_Callback
 .text.HAL_PWREx_ConfigSupply
                0x0800c4ec       0x4c ../../libdaisy/build\libdaisy.a(stm32h7xx_hal_pwr_ex.o)
                0x0800c4ec                HAL_PWREx_ConfigSupply
 .text.HAL_PWREx_EnableUSBVoltageDetector
                0x0800c538       0x10 ../../libdaisy/build\libdaisy.a(stm32h7xx_hal_pwr_ex.o)
                0x0800c538                HAL_PWREx_EnableUSBVoltageDetector
 .text.QSPI_Config
                0x0800c548      0x174 ../../libdaisy/build\libdaisy.a(stm32h7xx_hal_qspi.o)
 .text.HAL_QSPI_Init
                0x0800c6bc       0xd8 ../../libdaisy/build\libdaisy.a(stm32h7xx_hal_qspi.o)
                0x0800c6bc                HAL_QSPI_Init
 .text.HAL_QSPI_DeInit
                0x0800c794       0x3c ../../libdaisy/build\libdaisy.a(stm32h7xx_hal_qspi.o)
                0x0800c794                HAL_QSPI_DeInit
 .text.HAL_QSPI_Command
                0x0800c7d0       0xd4 ../../libdaisy/build\libdaisy.a(stm32h7xx_hal_qspi.o)
                0x0800c7d0                HAL_QSPI_Command
 .text.HAL_QSPI_Transmit
                0x0800c8a4       0xfc ../../libdaisy/build\libdaisy.a(stm32h7xx_hal_qspi.o)
                0x0800c8a4                HAL_QSPI_Transmit
 .text.HAL_QSPI_Receive
                0x0800c9a0      0x108 ../../libdaisy/build\libdaisy.a(stm32h7xx_hal_qspi.o)
                0x0800c9a0                HAL_QSPI_Receive
 .text.HAL_QSPI_AutoPolling
                0x0800caa8       0xf0 ../../libdaisy/build\libdaisy.a(stm32h7xx_hal_qspi.o)
                0x0800caa8                HAL_QSPI_AutoPolling
 .text.HAL_QSPI_MemoryMapped
                0x0800cb98       0xc0 ../../libdaisy/build\libdaisy.a(stm32h7xx_hal_qspi.o)
                0x0800cb98                HAL_QSPI_MemoryMapped
 .text.HAL_QSPI_ErrorCallback
                0x0800cc58        0x4 ../../libdaisy/build\libdaisy.a(stm32h7xx_hal_qspi.o)
                0x0800cc58                HAL_QSPI_ErrorCallback
 .text.QSPI_DMAAbortCplt
                0x0800cc5c       0x38 ../../libdaisy/build\libdaisy.a(stm32h7xx_hal_qspi.o)
 .text.HAL_QSPI_AbortCpltCallback
                0x0800cc94        0x4 ../../libdaisy/build\libdaisy.a(stm32h7xx_hal_qspi.o)
                0x0800cc94                HAL_QSPI_AbortCpltCallback
 .text.HAL_QSPI_CmdCpltCallback
                0x0800cc98        0x4 ../../libdaisy/build\libdaisy.a(stm32h7xx_hal_qspi.o)
                0x0800cc98                HAL_QSPI_CmdCpltCallback
 .text.HAL_QSPI_RxCpltCallback
                0x0800cc9c        0x4 ../../libdaisy/build\libdaisy.a(stm32h7xx_hal_qspi.o)
                0x0800cc9c                HAL_QSPI_RxCpltCallback
 .text.HAL_QSPI_TxCpltCallback
                0x0800cca0        0x4 ../../libdaisy/build\libdaisy.a(stm32h7xx_hal_qspi.o)
                0x0800cca0                HAL_QSPI_TxCpltCallback
 .text.HAL_QSPI_FifoThresholdCallback
                0x0800cca4        0x4 ../../libdaisy/build\libdaisy.a(stm32h7xx_hal_qspi.o)
                0x0800cca4                HAL_QSPI_FifoThresholdCallback
 .text.HAL_QSPI_StatusMatchCallback
                0x0800cca8        0x4 ../../libdaisy/build\libdaisy.a(stm32h7xx_hal_qspi.o)
                0x0800cca8                HAL_QSPI_StatusMatchCallback
 .text.HAL_QSPI_TimeOutCallback
                0x0800ccac        0x4 ../../libdaisy/build\libdaisy.a(stm32h7xx_hal_qspi.o)
                0x0800ccac                HAL_QSPI_TimeOutCallback
 .text.HAL_QSPI_IRQHandler
                0x0800ccb0      0x210 ../../libdaisy/build\libdaisy.a(stm32h7xx_hal_qspi.o)
                0x0800ccb0                HAL_QSPI_IRQHandler
 .text.HAL_RCC_OscConfig
                0x0800cec0      0x51c ../../libdaisy/build\libdaisy.a(stm32h7xx_hal_rcc.o)
                0x0800cec0                HAL_RCC_OscConfig
 .text.HAL_RCC_GetSysClockFreq
                0x0800d3dc      0x140 ../../libdaisy/build\libdaisy.a(stm32h7xx_hal_rcc.o)
                0x0800d3dc                HAL_RCC_GetSysClockFreq
 .text.HAL_RCC_ClockConfig
                0x0800d51c      0x234 ../../libdaisy/build\libdaisy.a(stm32h7xx_hal_rcc.o)
                0x0800d51c                HAL_RCC_ClockConfig
 .text.HAL_RCC_GetHCLKFreq
                0x0800d750       0x2c ../../libdaisy/build\libdaisy.a(stm32h7xx_hal_rcc.o)
                0x0800d750                HAL_RCC_GetHCLKFreq
 .text.HAL_RCC_GetPCLK1Freq
                0x0800d77c       0x38 ../../libdaisy/build\libdaisy.a(stm32h7xx_hal_rcc.o)
                0x0800d77c                HAL_RCC_GetPCLK1Freq
 .text.HAL_RCC_GetPCLK2Freq
                0x0800d7b4       0x38 ../../libdaisy/build\libdaisy.a(stm32h7xx_hal_rcc.o)
                0x0800d7b4                HAL_RCC_GetPCLK2Freq
 .text.RCCEx_PLL2_Config
                0x0800d7ec       0xf4 ../../libdaisy/build\libdaisy.a(stm32h7xx_hal_rcc_ex.o)
 .text.RCCEx_PLL3_Config
                0x0800d8e0       0xf4 ../../libdaisy/build\libdaisy.a(stm32h7xx_hal_rcc_ex.o)
 .text.HAL_RCCEx_PeriphCLKConfig
                0x0800d9d4      0xa7c ../../libdaisy/build\libdaisy.a(stm32h7xx_hal_rcc_ex.o)
                0x0800d9d4                HAL_RCCEx_PeriphCLKConfig
 .text.HAL_RCCEx_GetD3PCLK1Freq
                0x0800e450       0x24 ../../libdaisy/build\libdaisy.a(stm32h7xx_hal_rcc_ex.o)
                0x0800e450                HAL_RCCEx_GetD3PCLK1Freq
 .text.HAL_RCCEx_GetPLL2ClockFreq
                0x0800e474      0x17c ../../libdaisy/build\libdaisy.a(stm32h7xx_hal_rcc_ex.o)
                0x0800e474                HAL_RCCEx_GetPLL2ClockFreq
 .text.HAL_RCCEx_GetPLL3ClockFreq
                0x0800e5f0      0x17c ../../libdaisy/build\libdaisy.a(stm32h7xx_hal_rcc_ex.o)
                0x0800e5f0                HAL_RCCEx_GetPLL3ClockFreq
 .text.HAL_RCCEx_GetPLL1ClockFreq
                0x0800e76c      0x17c ../../libdaisy/build\libdaisy.a(stm32h7xx_hal_rcc_ex.o)
                0x0800e76c                HAL_RCCEx_GetPLL1ClockFreq
 .text.HAL_RCCEx_GetPeriphCLKFreq
                0x0800e8e8      0x198 ../../libdaisy/build\libdaisy.a(stm32h7xx_hal_rcc_ex.o)
                0x0800e8e8                HAL_RCCEx_GetPeriphCLKFreq
 .text.HAL_RCCEx_GetD1SysClockFreq
                0x0800ea80       0x2c ../../libdaisy/build\libdaisy.a(stm32h7xx_hal_rcc_ex.o)
                0x0800ea80                HAL_RCCEx_GetD1SysClockFreq
 .text.HAL_SAI_Init.part.0
                0x0800eaac      0x348 ../../libdaisy/build\libdaisy.a(stm32h7xx_hal_sai.o)
 .text.HAL_SAI_InitProtocol
                0x0800edf4      0x178 ../../libdaisy/build\libdaisy.a(stm32h7xx_hal_sai.o)
                0x0800edf4                HAL_SAI_InitProtocol
 .text.HAL_SAI_Transmit_DMA
                0x0800ef6c      0x124 ../../libdaisy/build\libdaisy.a(stm32h7xx_hal_sai.o)
                0x0800ef6c                HAL_SAI_Transmit_DMA
 .text.HAL_SAI_Receive_DMA
                0x0800f090       0xd0 ../../libdaisy/build\libdaisy.a(stm32h7xx_hal_sai.o)
                0x0800f090                HAL_SAI_Receive_DMA
 .text.HAL_SAI_TxCpltCallback
                0x0800f160        0x4 ../../libdaisy/build\libdaisy.a(stm32h7xx_hal_sai.o)
                0x0800f160                HAL_SAI_TxCpltCallback
 .text.SAI_DMATxCplt
                0x0800f164       0x64 ../../libdaisy/build\libdaisy.a(stm32h7xx_hal_sai.o)
 .text.HAL_SAI_TxHalfCpltCallback
                0x0800f1c8        0x4 ../../libdaisy/build\libdaisy.a(stm32h7xx_hal_sai.o)
                0x0800f1c8                HAL_SAI_TxHalfCpltCallback
 .text.SAI_DMATxHalfCplt
                0x0800f1cc        0xc ../../libdaisy/build\libdaisy.a(stm32h7xx_hal_sai.o)
 .text.SAI_DMARxCplt
                0x0800f1d8       0x64 ../../libdaisy/build\libdaisy.a(stm32h7xx_hal_sai.o)
 .text.SAI_DMARxHalfCplt
                0x0800f23c        0xc ../../libdaisy/build\libdaisy.a(stm32h7xx_hal_sai.o)
 .text.HAL_SAI_ErrorCallback
                0x0800f248        0x4 ../../libdaisy/build\libdaisy.a(stm32h7xx_hal_sai.o)
                0x0800f248                HAL_SAI_ErrorCallback
 .text.SAI_DMAError
                0x0800f24c       0x6c ../../libdaisy/build\libdaisy.a(stm32h7xx_hal_sai.o)
 .text.HAL_SDRAM_Init
                0x0800f2b8       0x54 ../../libdaisy/build\libdaisy.a(stm32h7xx_hal_sdram.o)
                0x0800f2b8                HAL_SDRAM_Init
 .text.HAL_SDRAM_SendCommand
                0x0800f30c       0x40 ../../libdaisy/build\libdaisy.a(stm32h7xx_hal_sdram.o)
                0x0800f30c                HAL_SDRAM_SendCommand
 .text.HAL_SDRAM_ProgramRefreshRate
                0x0800f34c       0x30 ../../libdaisy/build\libdaisy.a(stm32h7xx_hal_sdram.o)
                0x0800f34c                HAL_SDRAM_ProgramRefreshRate
 .text.SPI_CloseTransfer
                0x0800f37c       0xb8 ../../libdaisy/build\libdaisy.a(stm32h7xx_hal_spi.o)
 .text.HAL_SPI_Init
                0x0800f434      0x15c ../../libdaisy/build\libdaisy.a(stm32h7xx_hal_spi.o)
                0x0800f434                HAL_SPI_Init
 .text.HAL_SPI_Transmit
                0x0800f590      0x314 ../../libdaisy/build\libdaisy.a(stm32h7xx_hal_spi.o)
                0x0800f590                HAL_SPI_Transmit
 .text.HAL_UART_Receive_DMA
                0x0800f8a4       0xac ../../libdaisy/build\libdaisy.a(stm32h7xx_hal_uart.o)
                0x0800f8a4                HAL_UART_Receive_DMA
 .text.HAL_UART_TxCpltCallback
                0x0800f950        0x4 ../../libdaisy/build\libdaisy.a(stm32h7xx_hal_uart.o)
                0x0800f950                HAL_UART_TxCpltCallback
 .text.UART_DMAReceiveCplt
                0x0800f954       0x38 ../../libdaisy/build\libdaisy.a(stm32h7xx_hal_uart.o)
 .text.HAL_UART_RxHalfCpltCallback
                0x0800f98c        0x4 ../../libdaisy/build\libdaisy.a(stm32h7xx_hal_uart.o)
                0x0800f98c                HAL_UART_RxHalfCpltCallback
 .text.UART_DMARxHalfCplt
                0x0800f990        0xc ../../libdaisy/build\libdaisy.a(stm32h7xx_hal_uart.o)
 .text.UART_DMAError
                0x0800f99c       0x78 ../../libdaisy/build\libdaisy.a(stm32h7xx_hal_uart.o)
 .text.HAL_UART_IRQHandler
                0x0800fa14      0x1d0 ../../libdaisy/build\libdaisy.a(stm32h7xx_hal_uart.o)
                0x0800fa14                HAL_UART_IRQHandler
 .text.UART_DMAAbortOnError
                0x0800fbe4       0x14 ../../libdaisy/build\libdaisy.a(stm32h7xx_hal_uart.o)
 .text.UART_SetConfig
                0x0800fbf8     0x14b8 ../../libdaisy/build\libdaisy.a(stm32h7xx_hal_uart.o)
                0x0800fbf8                UART_SetConfig
 .text.UART_AdvFeatureConfig
                0x080110b0       0xb0 ../../libdaisy/build\libdaisy.a(stm32h7xx_hal_uart.o)
                0x080110b0                UART_AdvFeatureConfig
 .text.UART_CheckIdleState
                0x08011160       0x84 ../../libdaisy/build\libdaisy.a(stm32h7xx_hal_uart.o)
                0x08011160                UART_CheckIdleState
 .text.HAL_UART_Init
                0x080111e4       0x68 ../../libdaisy/build\libdaisy.a(stm32h7xx_hal_uart.o)
                0x080111e4                HAL_UART_Init
 .text.HAL_UARTEx_WakeupCallback
                0x0801124c        0x4 ../../libdaisy/build\libdaisy.a(stm32h7xx_hal_uart_ex.o)
                0x0801124c                HAL_UARTEx_WakeupCallback
 .text.HAL_UARTEx_RxFifoFullCallback
                0x08011250        0x4 ../../libdaisy/build\libdaisy.a(stm32h7xx_hal_uart_ex.o)
                0x08011250                HAL_UARTEx_RxFifoFullCallback
 .text.HAL_UARTEx_TxFifoEmptyCallback
                0x08011254        0x4 ../../libdaisy/build\libdaisy.a(stm32h7xx_hal_uart_ex.o)
                0x08011254                HAL_UARTEx_TxFifoEmptyCallback
 .text.HAL_UARTEx_DisableFifoMode
                0x08011258       0x3c ../../libdaisy/build\libdaisy.a(stm32h7xx_hal_uart_ex.o)
                0x08011258                HAL_UARTEx_DisableFifoMode
 .text.HAL_UARTEx_SetTxFifoThreshold
                0x08011294       0x9c ../../libdaisy/build\libdaisy.a(stm32h7xx_hal_uart_ex.o)
                0x08011294                HAL_UARTEx_SetTxFifoThreshold
 .text.HAL_UARTEx_SetRxFifoThreshold
                0x08011330       0x9c ../../libdaisy/build\libdaisy.a(stm32h7xx_hal_uart_ex.o)
                0x08011330                HAL_UARTEx_SetRxFifoThreshold
 .text.FMC_SDRAM_Init
                0x080113cc       0x7c ../../libdaisy/build\libdaisy.a(stm32h7xx_ll_fmc.o)
                0x080113cc                FMC_SDRAM_Init
 .text.FMC_SDRAM_Timing_Init
                0x08011448       0x98 ../../libdaisy/build\libdaisy.a(stm32h7xx_ll_fmc.o)
                0x08011448                FMC_SDRAM_Timing_Init
 .text.FMC_SDRAM_SendCommand
                0x080114e0       0x28 ../../libdaisy/build\libdaisy.a(stm32h7xx_ll_fmc.o)
                0x080114e0                FMC_SDRAM_SendCommand
 .text.FMC_SDRAM_ProgramRefreshRate
                0x08011508       0x1c ../../libdaisy/build\libdaisy.a(stm32h7xx_ll_fmc.o)
                0x08011508                FMC_SDRAM_ProgramRefreshRate
 .text.USB_CoreInit
                0x08011524       0xfc ../../libdaisy/build\libdaisy.a(stm32h7xx_ll_usb.o)
                0x08011524                USB_CoreInit
 .text.USB_SetTurnaroundTime
                0x08011620       0xf4 ../../libdaisy/build\libdaisy.a(stm32h7xx_ll_usb.o)
                0x08011620                USB_SetTurnaroundTime
 .text.USB_EnableGlobalInt
                0x08011714       0x10 ../../libdaisy/build\libdaisy.a(stm32h7xx_ll_usb.o)
                0x08011714                USB_EnableGlobalInt
 .text.USB_DisableGlobalInt
                0x08011724       0x10 ../../libdaisy/build\libdaisy.a(stm32h7xx_ll_usb.o)
                0x08011724                USB_DisableGlobalInt
 .text.USB_SetCurrentMode
                0x08011734       0x30 ../../libdaisy/build\libdaisy.a(stm32h7xx_ll_usb.o)
                0x08011734                USB_SetCurrentMode
 .text.USB_DevInit
                0x08011764      0x20c ../../libdaisy/build\libdaisy.a(stm32h7xx_ll_usb.o)
                0x08011764                USB_DevInit
 .text.USB_FlushTxFifo
                0x08011970       0x24 ../../libdaisy/build\libdaisy.a(stm32h7xx_ll_usb.o)
                0x08011970                USB_FlushTxFifo
 .text.USB_GetDevSpeed
                0x08011994       0x18 ../../libdaisy/build\libdaisy.a(stm32h7xx_ll_usb.o)
                0x08011994                USB_GetDevSpeed
 .text.USB_ActivateEndpoint
                0x080119ac       0x90 ../../libdaisy/build\libdaisy.a(stm32h7xx_ll_usb.o)
                0x080119ac                USB_ActivateEndpoint
 .text.USB_DeactivateEndpoint
                0x08011a3c       0x84 ../../libdaisy/build\libdaisy.a(stm32h7xx_ll_usb.o)
                0x08011a3c                USB_DeactivateEndpoint
 .text.USB_EPStartXfer
                0x08011ac0      0x230 ../../libdaisy/build\libdaisy.a(stm32h7xx_ll_usb.o)
                0x08011ac0                USB_EPStartXfer
 .text.USB_EP0StartXfer
                0x08011cf0      0x174 ../../libdaisy/build\libdaisy.a(stm32h7xx_ll_usb.o)
                0x08011cf0                USB_EP0StartXfer
 .text.USB_WritePacket
                0x08011e64       0x2c ../../libdaisy/build\libdaisy.a(stm32h7xx_ll_usb.o)
                0x08011e64                USB_WritePacket
 .text.USB_ReadPacket
                0x08011e90       0x20 ../../libdaisy/build\libdaisy.a(stm32h7xx_ll_usb.o)
                0x08011e90                USB_ReadPacket
 .text.USB_EPSetStall
                0x08011eb0       0x68 ../../libdaisy/build\libdaisy.a(stm32h7xx_ll_usb.o)
                0x08011eb0                USB_EPSetStall
 .text.USB_EPClearStall
                0x08011f18       0x58 ../../libdaisy/build\libdaisy.a(stm32h7xx_ll_usb.o)
                0x08011f18                USB_EPClearStall
 .text.USB_SetDevAddress
                0x08011f70       0x24 ../../libdaisy/build\libdaisy.a(stm32h7xx_ll_usb.o)
                0x08011f70                USB_SetDevAddress
 .text.USB_DevConnect
                0x08011f94       0x1c ../../libdaisy/build\libdaisy.a(stm32h7xx_ll_usb.o)
                0x08011f94                USB_DevConnect
 .text.USB_DevDisconnect
                0x08011fb0       0x1c ../../libdaisy/build\libdaisy.a(stm32h7xx_ll_usb.o)
                0x08011fb0                USB_DevDisconnect
 .text.USB_ReadInterrupts
                0x08011fcc        0x8 ../../libdaisy/build\libdaisy.a(stm32h7xx_ll_usb.o)
                0x08011fcc                USB_ReadInterrupts
 .text.USB_ReadDevAllOutEpInterrupt
                0x08011fd4       0x10 ../../libdaisy/build\libdaisy.a(stm32h7xx_ll_usb.o)
                0x08011fd4                USB_ReadDevAllOutEpInterrupt
 .text.USB_ReadDevAllInEpInterrupt
                0x08011fe4       0x10 ../../libdaisy/build\libdaisy.a(stm32h7xx_ll_usb.o)
                0x08011fe4                USB_ReadDevAllInEpInterrupt
 .text.USB_ReadDevOutEPInterrupt
                0x08011ff4       0x14 ../../libdaisy/build\libdaisy.a(stm32h7xx_ll_usb.o)
                0x08011ff4                USB_ReadDevOutEPInterrupt
 .text.USB_ReadDevInEPInterrupt
                0x08012008       0x20 ../../libdaisy/build\libdaisy.a(stm32h7xx_ll_usb.o)
                0x08012008                USB_ReadDevInEPInterrupt
 .text.USB_GetMode
                0x08012028        0x8 ../../libdaisy/build\libdaisy.a(stm32h7xx_ll_usb.o)
                0x08012028                USB_GetMode
 .text.USB_ActivateSetup
                0x08012030       0x38 ../../libdaisy/build\libdaisy.a(stm32h7xx_ll_usb.o)
                0x08012030                USB_ActivateSetup
 .text.USB_EP0_OutStart
                0x08012068       0x58 ../../libdaisy/build\libdaisy.a(stm32h7xx_ll_usb.o)
                0x08012068                USB_EP0_OutStart
 .text.USBD_CDC_EP0_RxReady
                0x080120c0       0x2c ../../libdaisy/build\libdaisy.a(usbd_cdc.o)
 .text.USBD_CDC_GetFSCfgDesc
                0x080120ec       0x10 ../../libdaisy/build\libdaisy.a(usbd_cdc.o)
 .text.USBD_CDC_GetHSCfgDesc
                0x080120fc       0x10 ../../libdaisy/build\libdaisy.a(usbd_cdc.o)
 .text.USBD_CDC_GetOtherSpeedCfgDesc
                0x0801210c       0x10 ../../libdaisy/build\libdaisy.a(usbd_cdc.o)
 .text.USBD_CDC_GetDeviceQualifierDescriptor
                0x0801211c       0x10 ../../libdaisy/build\libdaisy.a(usbd_cdc.o)
                0x0801211c                USBD_CDC_GetDeviceQualifierDescriptor
 .text.USBD_CDC_DataOut
                0x0801212c       0x30 ../../libdaisy/build\libdaisy.a(usbd_cdc.o)
 .text.USBD_CDC_DataIn
                0x0801215c       0x50 ../../libdaisy/build\libdaisy.a(usbd_cdc.o)
 .text.USBD_CDC_Setup
                0x080121ac       0xcc ../../libdaisy/build\libdaisy.a(usbd_cdc.o)
 .text.USBD_CDC_DeInit
                0x08012278       0x44 ../../libdaisy/build\libdaisy.a(usbd_cdc.o)
 .text.USBD_CDC_Init
                0x080122bc       0x94 ../../libdaisy/build\libdaisy.a(usbd_cdc.o)
 .text.USBD_CDC_RegisterInterface
                0x08012350       0x10 ../../libdaisy/build\libdaisy.a(usbd_cdc.o)
                0x08012350                USBD_CDC_RegisterInterface
 .text.USBD_CDC_SetTxBuffer
                0x08012360       0x14 ../../libdaisy/build\libdaisy.a(usbd_cdc.o)
                0x08012360                USBD_CDC_SetTxBuffer
 .text.USBD_CDC_SetRxBuffer
                0x08012374       0x10 ../../libdaisy/build\libdaisy.a(usbd_cdc.o)
                0x08012374                USBD_CDC_SetRxBuffer
 .text.USBD_CDC_TransmitPacket
                0x08012384       0x34 ../../libdaisy/build\libdaisy.a(usbd_cdc.o)
                0x08012384                USBD_CDC_TransmitPacket
 .text.USBD_CDC_ReceivePacket
                0x080123b8       0x38 ../../libdaisy/build\libdaisy.a(usbd_cdc.o)
                0x080123b8                USBD_CDC_ReceivePacket
 .text.USBD_Init
                0x080123f0       0x44 ../../libdaisy/build\libdaisy.a(usbd_core.o)
                0x080123f0                USBD_Init
 .text.USBD_RegisterClass
                0x08012434       0x2c ../../libdaisy/build\libdaisy.a(usbd_core.o)
                0x08012434                USBD_RegisterClass
 .text.USBD_Start
                0x08012460        0xc ../../libdaisy/build\libdaisy.a(usbd_core.o)
                0x08012460                USBD_Start
 .text.USBD_SetClassConfig
                0x0801246c       0x14 ../../libdaisy/build\libdaisy.a(usbd_core.o)
                0x0801246c                USBD_SetClassConfig
 .text.USBD_ClrClassConfig
                0x08012480       0x10 ../../libdaisy/build\libdaisy.a(usbd_core.o)
                0x08012480                USBD_ClrClassConfig
 .text.USBD_LL_SetupStage
                0x08012490       0x5c ../../libdaisy/build\libdaisy.a(usbd_core.o)
                0x08012490                USBD_LL_SetupStage
 .text.USBD_LL_DataOutStage
                0x080124ec       0x7c ../../libdaisy/build\libdaisy.a(usbd_core.o)
                0x080124ec                USBD_LL_DataOutStage
 .text.USBD_LL_DataInStage
                0x08012568       0xcc ../../libdaisy/build\libdaisy.a(usbd_core.o)
                0x08012568                USBD_LL_DataInStage
 .text.USBD_LL_Reset
                0x08012634       0x50 ../../libdaisy/build\libdaisy.a(usbd_core.o)
                0x08012634                USBD_LL_Reset
 .text.USBD_LL_SetSpeed
                0x08012684        0x8 ../../libdaisy/build\libdaisy.a(usbd_core.o)
                0x08012684                USBD_LL_SetSpeed
 .text.USBD_LL_Suspend
                0x0801268c       0x14 ../../libdaisy/build\libdaisy.a(usbd_core.o)
                0x0801268c                USBD_LL_Suspend
 .text.USBD_LL_Resume
                0x080126a0       0x10 ../../libdaisy/build\libdaisy.a(usbd_core.o)
                0x080126a0                USBD_LL_Resume
 .text.USBD_LL_SOF
                0x080126b0       0x1c ../../libdaisy/build\libdaisy.a(usbd_core.o)
                0x080126b0                USBD_LL_SOF
 .text.USBD_LL_IsoINIncomplete
                0x080126cc        0x4 ../../libdaisy/build\libdaisy.a(usbd_core.o)
                0x080126cc                USBD_LL_IsoINIncomplete
 .text.USBD_LL_IsoOUTIncomplete
                0x080126d0        0x4 ../../libdaisy/build\libdaisy.a(usbd_core.o)
                0x080126d0                USBD_LL_IsoOUTIncomplete
 .text.USBD_LL_DevConnected
                0x080126d4        0x4 ../../libdaisy/build\libdaisy.a(usbd_core.o)
                0x080126d4                USBD_LL_DevConnected
 .text.USBD_LL_DevDisconnected
                0x080126d8       0x18 ../../libdaisy/build\libdaisy.a(usbd_core.o)
                0x080126d8                USBD_LL_DevDisconnected
 .text.USBD_StdDevReq
                0x080126f0      0x2f4 ../../libdaisy/build\libdaisy.a(usbd_ctlreq.o)
                0x080126f0                USBD_StdDevReq
 .text.USBD_StdItfReq
                0x080129e4       0x68 ../../libdaisy/build\libdaisy.a(usbd_ctlreq.o)
                0x080129e4                USBD_StdItfReq
 .text.USBD_StdEPReq
                0x08012a4c      0x13c ../../libdaisy/build\libdaisy.a(usbd_ctlreq.o)
                0x08012a4c                USBD_StdEPReq
 .text.USBD_ParseSetupRequest
                0x08012b88       0x28 ../../libdaisy/build\libdaisy.a(usbd_ctlreq.o)
                0x08012b88                USBD_ParseSetupRequest
 .text.USBD_CtlError
                0x08012bb0       0x18 ../../libdaisy/build\libdaisy.a(usbd_ctlreq.o)
                0x08012bb0                USBD_CtlError
 .text.USBD_GetString
                0x08012bc8       0x54 ../../libdaisy/build\libdaisy.a(usbd_ctlreq.o)
                0x08012bc8                USBD_GetString
 .text.USBD_CtlSendData
                0x08012c1c       0x1c ../../libdaisy/build\libdaisy.a(usbd_ioreq.o)
                0x08012c1c                USBD_CtlSendData
 .text.USBD_CtlContinueSendData
                0x08012c38       0x14 ../../libdaisy/build\libdaisy.a(usbd_ioreq.o)
                0x08012c38                USBD_CtlContinueSendData
 .text.USBD_CtlPrepareRx
                0x08012c4c       0x1c ../../libdaisy/build\libdaisy.a(usbd_ioreq.o)
                0x08012c4c                USBD_CtlPrepareRx
 .text.USBD_CtlContinueRx
                0x08012c68       0x14 ../../libdaisy/build\libdaisy.a(usbd_ioreq.o)
                0x08012c68                USBD_CtlContinueRx
 .text.USBD_CtlSendStatus
                0x08012c7c       0x18 ../../libdaisy/build\libdaisy.a(usbd_ioreq.o)
                0x08012c7c                USBD_CtlSendStatus
 .text.USBD_CtlReceiveStatus
                0x08012c94       0x18 ../../libdaisy/build\libdaisy.a(usbd_ioreq.o)
                0x08012c94                USBD_CtlReceiveStatus
 .text.dsy_i2c_global_init
                0x08012cac       0x78 ../../libdaisy/build\libdaisy.a(i2c.o)
                0x08012cac                dsy_i2c_global_init
 .text.DMA1_Stream6_IRQHandler
                0x08012d24       0x34 ../../libdaisy/build\libdaisy.a(i2c.o)
                0x08012d24                DMA1_Stream6_IRQHandler
 .text.I2C1_EV_IRQHandler
                0x08012d58        0xc ../../libdaisy/build\libdaisy.a(i2c.o)
                0x08012d58                I2C1_EV_IRQHandler
 .text.I2C2_EV_IRQHandler
                0x08012d64        0xc ../../libdaisy/build\libdaisy.a(i2c.o)
                0x08012d64                I2C2_EV_IRQHandler
 .text.I2C3_EV_IRQHandler
                0x08012d70        0xc ../../libdaisy/build\libdaisy.a(i2c.o)
                0x08012d70                I2C3_EV_IRQHandler
 .text.startup._GLOBAL__sub_I__ZN5daisy9I2CHandle4Impl10GlobalInitEv
                0x08012d7c       0x18 ../../libdaisy/build\libdaisy.a(i2c.o)
 .text.HAL_TIM_Base_MspInit
                0x08012d94       0xcc ../../libdaisy/build\libdaisy.a(tim.o)
                0x08012d94                HAL_TIM_Base_MspInit
 .text._ZN5daisy11TimerHandle4InitERKNS0_6ConfigE
                0x08012e60       0xc4 ../../libdaisy/build\libdaisy.a(tim.o)
                0x08012e60                daisy::TimerHandle::Init(daisy::TimerHandle::Config const&)
 .text._ZN5daisy11TimerHandle5StartEv
                0x08012f24       0x14 ../../libdaisy/build\libdaisy.a(tim.o)
                0x08012f24                daisy::TimerHandle::Start()
 .text.dsy_dma_init
                0x08012f38       0xd0 ../../libdaisy/build\libdaisy.a(dma.o)
                0x08012f38                dsy_dma_init
 .text.HAL_I2C_EV_IRQHandler
                0x08013008       0x10 ../../libdaisy/build\libdaisy.a(stm32h7xx_hal_i2c.o)
                0x08013008                HAL_I2C_EV_IRQHandler
 .text.HAL_MDMA_Abort_IT
                0x08013018       0x2c ../../libdaisy/build\libdaisy.a(stm32h7xx_hal_mdma.o)
                0x08013018                HAL_MDMA_Abort_IT
 .text.HAL_TIM_Base_Init
                0x08013044      0x140 ../../libdaisy/build\libdaisy.a(stm32h7xx_hal_tim.o)
                0x08013044                HAL_TIM_Base_Init
 .text.HAL_TIM_Base_Start
                0x08013184       0x34 ../../libdaisy/build\libdaisy.a(stm32h7xx_hal_tim.o)
                0x08013184                HAL_TIM_Base_Start
 .text.HAL_TIM_ConfigClockSource
                0x080131b8      0x17c ../../libdaisy/build\libdaisy.a(stm32h7xx_hal_tim.o)
                0x080131b8                HAL_TIM_ConfigClockSource
 .text.HAL_TIMEx_MasterConfigSynchronization
                0x08013334       0x64 ../../libdaisy/build\libdaisy.a(stm32h7xx_hal_tim_ex.o)
                0x08013334                HAL_TIMEx_MasterConfigSynchronization
 .text._ZN7daisysp4Adsr4InitEfi
                0x08013398       0xe0 ../../DaisySP/build\libdaisysp.a(adsr.o)
                0x08013398                daisysp::Adsr::Init(float, int)
 .text._ZN7daisysp4Adsr9RetriggerEb
                0x08013478       0x10 ../../DaisySP/build\libdaisysp.a(adsr.o)
                0x08013478                daisysp::Adsr::Retrigger(bool)
 .text._ZN7daisysp4Adsr7SetTimeEif
                0x08013488      0x110 ../../DaisySP/build\libdaisysp.a(adsr.o)
                0x08013488                daisysp::Adsr::SetTime(int, float)
 .text._ZN7daisysp4Adsr7ProcessEb
                0x08013598       0xb0 ../../DaisySP/build\libdaisysp.a(adsr.o)
                0x08013598                daisysp::Adsr::Process(bool)
 .text._ZN7daisysp4Line4InitEf
                0x08013648       0x18 ../../DaisySP/build\libdaisysp.a(line.o)
                0x08013648                daisysp::Line::Init(float)
 .text._ZN7daisysp4Line5StartEfff
                0x08013660       0x2c ../../DaisySP/build\libdaisysp.a(line.o)
                0x08013660                daisysp::Line::Start(float, float, float)
 .text._ZN7daisysp4Line7ProcessEPh
                0x0801368c       0x64 ../../DaisySP/build\libdaisysp.a(line.o)
                0x0801368c                daisysp::Line::Process(unsigned char*)
 .text._ZN7daisysp10Oscillator7ProcessEv
                0x080136f0      0x3c4 ../../DaisySP/build\libdaisysp.a(oscillator.o)
                0x080136f0                daisysp::Oscillator::Process()
 .text._ZN7daisysp10Oscillator12CalcPhaseIncEf
                0x08013ab4       0x18 ../../DaisySP/build\libdaisysp.a(oscillator.o)
                0x08013ab4                daisysp::Oscillator::CalcPhaseInc(float)
 .text.__aeabi_atexit
                0x08013acc        0xa c:/users/vinícius/documents/daisytoolchain-0.3.1/windows/bin/../lib/gcc/arm-none-eabi/10.2.1/../../../../arm-none-eabi/lib/thumb/v7e-m+dp/hard\libstdc++_nano.a(atexit_arm.o)
                0x08013acc                __aeabi_atexit
 .text._ZNK10__cxxabiv117__class_type_info11__do_upcastEPKS0_PPv
                0x08013ad6       0x32 c:/users/vinícius/documents/daisytoolchain-0.3.1/windows/bin/../lib/gcc/arm-none-eabi/10.2.1/../../../../arm-none-eabi/lib/thumb/v7e-m+dp/hard\libstdc++_nano.a(class_type_info.o)
                0x08013ad6                __cxxabiv1::__class_type_info::__do_upcast(__cxxabiv1::__class_type_info const*, void**) const
 .text._ZNK10__cxxabiv117__class_type_info20__do_find_public_srcEiPKvPKS0_S2_
                0x08013b08        0xc c:/users/vinícius/documents/daisytoolchain-0.3.1/windows/bin/../lib/gcc/arm-none-eabi/10.2.1/../../../../arm-none-eabi/lib/thumb/v7e-m+dp/hard\libstdc++_nano.a(class_type_info.o)
                0x08013b08                __cxxabiv1::__class_type_info::__do_find_public_src(int, void const*, __cxxabiv1::__class_type_info const*, void const*) const
 .text._ZN10__cxxabiv117__class_type_infoD2Ev
                0x08013b14       0x14 c:/users/vinícius/documents/daisytoolchain-0.3.1/windows/bin/../lib/gcc/arm-none-eabi/10.2.1/../../../../arm-none-eabi/lib/thumb/v7e-m+dp/hard\libstdc++_nano.a(class_type_info.o)
                0x08013b14                __cxxabiv1::__class_type_info::~__class_type_info()
                0x08013b14                __cxxabiv1::__class_type_info::~__class_type_info()
 .text._ZN10__cxxabiv117__class_type_infoD0Ev
                0x08013b28       0x14 c:/users/vinícius/documents/daisytoolchain-0.3.1/windows/bin/../lib/gcc/arm-none-eabi/10.2.1/../../../../arm-none-eabi/lib/thumb/v7e-m+dp/hard\libstdc++_nano.a(class_type_info.o)
                0x08013b28                __cxxabiv1::__class_type_info::~__class_type_info()
 .text._ZNK10__cxxabiv117__class_type_info12__do_dyncastEiNS0_10__sub_kindEPKS0_PKvS3_S5_RNS0_16__dyncast_resultE
                0x08013b3c       0x3e c:/users/vinícius/documents/daisytoolchain-0.3.1/windows/bin/../lib/gcc/arm-none-eabi/10.2.1/../../../../arm-none-eabi/lib/thumb/v7e-m+dp/hard\libstdc++_nano.a(class_type_info.o)
                0x08013b3c                __cxxabiv1::__class_type_info::__do_dyncast(int, __cxxabiv1::__class_type_info::__sub_kind, __cxxabiv1::__class_type_info const*, void const*, __cxxabiv1::__class_type_info const*, void const*, __cxxabiv1::__class_type_info::__dyncast_result&) const
 .text._ZNK10__cxxabiv117__class_type_info11__do_upcastEPKS0_PKvRNS0_15__upcast_resultE
                0x08013b7a       0x18 c:/users/vinícius/documents/daisytoolchain-0.3.1/windows/bin/../lib/gcc/arm-none-eabi/10.2.1/../../../../arm-none-eabi/lib/thumb/v7e-m+dp/hard\libstdc++_nano.a(class_type_info.o)
                0x08013b7a                __cxxabiv1::__class_type_info::__do_upcast(__cxxabiv1::__class_type_info const*, void const*, __cxxabiv1::__class_type_info::__upcast_result&) const
 .text._ZNK10__cxxabiv117__class_type_info10__do_catchEPKSt9type_infoPPvj
                0x08013b92       0x2a c:/users/vinícius/documents/daisytoolchain-0.3.1/windows/bin/../lib/gcc/arm-none-eabi/10.2.1/../../../../arm-none-eabi/lib/thumb/v7e-m+dp/hard\libstdc++_nano.a(class_type_info.o)
                0x08013b92                __cxxabiv1::__class_type_info::__do_catch(std::type_info const*, void**, unsigned int) const
 .text._ZdlPvj  0x08013bbc        0x4 c:/users/vinícius/documents/daisytoolchain-0.3.1/windows/bin/../lib/gcc/arm-none-eabi/10.2.1/../../../../arm-none-eabi/lib/thumb/v7e-m+dp/hard\libstdc++_nano.a(del_ops.o)
                0x08013bbc                operator delete(void*, unsigned int)
 .text._ZN10__cxxabiv120__si_class_type_infoD2Ev
                0x08013bc0       0x14 c:/users/vinícius/documents/daisytoolchain-0.3.1/windows/bin/../lib/gcc/arm-none-eabi/10.2.1/../../../../arm-none-eabi/lib/thumb/v7e-m+dp/hard\libstdc++_nano.a(si_class_type_info.o)
                0x08013bc0                __cxxabiv1::__si_class_type_info::~__si_class_type_info()
                0x08013bc0                __cxxabiv1::__si_class_type_info::~__si_class_type_info()
 .text._ZN10__cxxabiv120__si_class_type_infoD0Ev
                0x08013bd4       0x14 c:/users/vinícius/documents/daisytoolchain-0.3.1/windows/bin/../lib/gcc/arm-none-eabi/10.2.1/../../../../arm-none-eabi/lib/thumb/v7e-m+dp/hard\libstdc++_nano.a(si_class_type_info.o)
                0x08013bd4                __cxxabiv1::__si_class_type_info::~__si_class_type_info()
 .text._ZNK10__cxxabiv120__si_class_type_info20__do_find_public_srcEiPKvPKNS_17__class_type_infoES2_
                0x08013be8       0x38 c:/users/vinícius/documents/daisytoolchain-0.3.1/windows/bin/../lib/gcc/arm-none-eabi/10.2.1/../../../../arm-none-eabi/lib/thumb/v7e-m+dp/hard\libstdc++_nano.a(si_class_type_info.o)
                0x08013be8                __cxxabiv1::__si_class_type_info::__do_find_public_src(int, void const*, __cxxabiv1::__class_type_info const*, void const*) const
 .text._ZNK10__cxxabiv120__si_class_type_info12__do_dyncastEiNS_17__class_type_info10__sub_kindEPKS1_PKvS4_S6_RNS1_16__dyncast_resultE
                0x08013c20       0x74 c:/users/vinícius/documents/daisytoolchain-0.3.1/windows/bin/../lib/gcc/arm-none-eabi/10.2.1/../../../../arm-none-eabi/lib/thumb/v7e-m+dp/hard\libstdc++_nano.a(si_class_type_info.o)
                0x08013c20                __cxxabiv1::__si_class_type_info::__do_dyncast(int, __cxxabiv1::__class_type_info::__sub_kind, __cxxabiv1::__class_type_info const*, void const*, __cxxabiv1::__class_type_info const*, void const*, __cxxabiv1::__class_type_info::__dyncast_result&) const
 .text._ZNK10__cxxabiv120__si_class_type_info11__do_upcastEPKNS_17__class_type_infoEPKvRNS1_15__upcast_resultE
                0x08013c94       0x2a c:/users/vinícius/documents/daisytoolchain-0.3.1/windows/bin/../lib/gcc/arm-none-eabi/10.2.1/../../../../arm-none-eabi/lib/thumb/v7e-m+dp/hard\libstdc++_nano.a(si_class_type_info.o)