Archive member included to satisfy reference by file (symbol)

../../libdaisy/build\libdaisy.a(daisy_seed.o)
                              build/SynthMenis.o (daisy::DaisySeed::Configure())
../../libdaisy/build\libdaisy.a(codec_ak4556.o)
                              ../../libdaisy/build\libdaisy.a(daisy_seed.o) (daisy::Ak4556::Init(dsy_gpio_pin))
../../libdaisy/build\libdaisy.a(sdram.o)
                              ../../libdaisy/build\libdaisy.a(daisy_seed.o) (dsy_sdram_init)
../../libdaisy/build\libdaisy.a(audio.o)
                              ../../libdaisy/build\libdaisy.a(daisy_seed.o) (daisy::AudioHandle::Init(daisy::AudioHandle::Config const&, daisy::SaiHandle))
../../libdaisy/build\libdaisy.a(encoder.o)
                              build/SynthMenis.o (daisy::Encoder::Init(dsy_gpio_pin, dsy_gpio_pin, dsy_gpio_pin, float))
../../libdaisy/build\libdaisy.a(switch.o)
                              build/SynthMenis.o (daisy::Switch::Init(dsy_gpio_pin, float))
../../libdaisy/build\libdaisy.a(usb.o)
                              build/SynthMenis.o (daisy::UsbHandle::Init(daisy::UsbHandle::UsbPeriph))
../../libdaisy/build\libdaisy.a(gpio.o)
                              build/SynthMenis.o (dsy_gpio_init)
../../libdaisy/build\libdaisy.a(qspi.o)
                              ../../libdaisy/build\libdaisy.a(daisy_seed.o) (dsy_qspi_init)
../../libdaisy/build\libdaisy.a(sai.o)
                              ../../libdaisy/build\libdaisy.a(daisy_seed.o) (daisy::SaiHandle::Init(daisy::SaiHandle::Config const&))
../../libdaisy/build\libdaisy.a(spi.o)
                              build/SynthMenis.o (daisy::SpiHandle::Init(daisy::SpiHandle::Config const&))
../../libdaisy/build\libdaisy.a(uart.o)
                              build/SynthMenis.o (daisy::UartHandler::Init(daisy::UartHandler::Config const&))
../../libdaisy/build\libdaisy.a(system.o)
                              build/SynthMenis.o (daisy::System::GetNow())
../../libdaisy/build\libdaisy.a(system_stm32h7xx.o)
                              build/startup_stm32h750xx.o (SystemInit)
../../libdaisy/build\libdaisy.a(usbd_cdc_if.o)
                              ../../libdaisy/build\libdaisy.a(usb.o) (CDC_Transmit_FS)
../../libdaisy/build\libdaisy.a(usbd_conf.o)
                              ../../libdaisy/build\libdaisy.a(usb.o) (hpcd_USB_OTG_HS)
../../libdaisy/build\libdaisy.a(usbd_desc.o)
                              ../../libdaisy/build\libdaisy.a(usb.o) (HS_Desc)
../../libdaisy/build\libdaisy.a(hal_map.o)
                              ../../libdaisy/build\libdaisy.a(sdram.o) (dsy_hal_map_get_port)
../../libdaisy/build\libdaisy.a(oled_fonts.o)
                              build/Menus.o (Font_7x10)
../../libdaisy/build\libdaisy.a(stm32h7xx_hal.o)
                              ../../libdaisy/build\libdaisy.a(system.o) (HAL_Init)
../../libdaisy/build\libdaisy.a(stm32h7xx_hal_cortex.o)
                              ../../libdaisy/build\libdaisy.a(stm32h7xx_hal.o) (HAL_NVIC_SetPriorityGrouping)
../../libdaisy/build\libdaisy.a(stm32h7xx_hal_dma.o)
                              ../../libdaisy/build\libdaisy.a(sai.o) (HAL_DMA_Init)
../../libdaisy/build\libdaisy.a(stm32h7xx_hal_gpio.o)
                              ../../libdaisy/build\libdaisy.a(sdram.o) (HAL_GPIO_Init)
../../libdaisy/build\libdaisy.a(stm32h7xx_hal_pcd.o)
                              ../../libdaisy/build\libdaisy.a(usbd_conf.o) (HAL_PCD_Init)
../../libdaisy/build\libdaisy.a(stm32h7xx_hal_pcd_ex.o)
                              ../../libdaisy/build\libdaisy.a(usbd_conf.o) (HAL_PCDEx_SetTxFiFo)
../../libdaisy/build\libdaisy.a(stm32h7xx_hal_pwr_ex.o)
                              ../../libdaisy/build\libdaisy.a(system.o) (HAL_PWREx_ConfigSupply)
../../libdaisy/build\libdaisy.a(stm32h7xx_hal_qspi.o)
                              ../../libdaisy/build\libdaisy.a(qspi.o) (HAL_QSPI_Init)
../../libdaisy/build\libdaisy.a(stm32h7xx_hal_rcc.o)
                              ../../libdaisy/build\libdaisy.a(system.o) (HAL_RCC_OscConfig)
../../libdaisy/build\libdaisy.a(stm32h7xx_hal_rcc_ex.o)
                              ../../libdaisy/build\libdaisy.a(system.o) (HAL_RCCEx_PeriphCLKConfig)
../../libdaisy/build\libdaisy.a(stm32h7xx_hal_sai.o)
                              ../../libdaisy/build\libdaisy.a(sai.o) (HAL_SAI_InitProtocol)
../../libdaisy/build\libdaisy.a(stm32h7xx_hal_sdram.o)
                              ../../libdaisy/build\libdaisy.a(sdram.o) (HAL_SDRAM_Init)
../../libdaisy/build\libdaisy.a(stm32h7xx_hal_spi.o)
                              ../../libdaisy/build\libdaisy.a(spi.o) (HAL_SPI_Init)
../../libdaisy/build\libdaisy.a(stm32h7xx_hal_uart.o)
                              ../../libdaisy/build\libdaisy.a(uart.o) (HAL_UART_Transmit)
../../libdaisy/build\libdaisy.a(stm32h7xx_hal_uart_ex.o)
                              ../../libdaisy/build\libdaisy.a(stm32h7xx_hal_uart.o) (HAL_UARTEx_WakeupCallback)
../../libdaisy/build\libdaisy.a(stm32h7xx_ll_fmc.o)
[...]
Memory Configuration

Name             Origin             Length             Attributes
FLASH            0x08000000         0x00020000         xr
DTCMRAM          0x20000000         0x00020000         xrw
SRAM             0x24000000         0x00080000         xrw
RAM_D2           0x30000000         0x00048000         xrw
RAM_D3           0x38000000         0x00010000         xrw
ITCMRAM          0x00000000         0x00010000         xrw
SDRAM            0xc0000000         0x04000000         xrw
QSPIFLASH        0x90000000         0x00800000         xr
*default*        0x00000000         0xffffffff

Linker script and memory map

LOAD c:/users/vinícius/documents/daisytoolchain-0.3.1/windows/bin/../lib/gcc/arm-none-eabi/10.2.1/thumb/v7e-m+dp/hard/crti.o
LOAD c:/users/vinícius/documents/daisytoolchain-0.3.1/windows/bin/../lib/gcc/arm-none-eabi/10.2.1/thumb/v7e-m+dp/hard/crtbegin.o
LOAD c:/users/vinícius/documents/daisytoolchain-0.3.1/windows/bin/../lib/gcc/arm-none-eabi/10.2.1/../../../../arm-none-eabi/lib/thumb/v7e-m+dp/hard/crt0.o
LOAD build/startup_stm32h750xx.o
LOAD build/Menus.o
LOAD build/OledDisplayExtravaganza.o
LOAD build/SynthMenis.o
LOAD ../../libdaisy/build\libdaisy.a
LOAD c:/users/vinícius/documents/daisytoolchain-0.3.1/windows/bin/../lib/gcc/arm-none-eabi/10.2.1/../../../../arm-none-eabi/lib/thumb/v7e-m+dp/hard\libnosys.a
LOAD ../../DaisySP/build\libdaisysp.a
LOAD c:/users/vinícius/documents/daisytoolchain-0.3.1/windows/bin/../lib/gcc/arm-none-eabi/10.2.1/../../../../arm-none-eabi/lib/thumb/v7e-m+dp/hard\libstdc++_nano.a
LOAD c:/users/vinícius/documents/daisytoolchain-0.3.1/windows/bin/../lib/gcc/arm-none-eabi/10.2.1/../../../../arm-none-eabi/lib/thumb/v7e-m+dp/hard\libm.a
LOAD c:/users/vinícius/documents/daisytoolchain-0.3.1/windows/bin/../lib/gcc/arm-none-eabi/10.2.1/../../../../arm-none-eabi/lib/thumb/v7e-m+dp/hard\libc_nano.a
START GROUP
LOAD c:/users/vinícius/documents/daisytoolchain-0.3.1/windows/bin/../lib/gcc/arm-none-eabi/10.2.1/thumb/v7e-m+dp/hard\libgcc.a
LOAD c:/users/vinícius/documents/daisytoolchain-0.3.1/windows/bin/../lib/gcc/arm-none-eabi/10.2.1/../../../../arm-none-eabi/lib/thumb/v7e-m+dp/hard\libc_nano.a
END GROUP
START GROUP
LOAD c:/users/vinícius/documents/daisytoolchain-0.3.1/windows/bin/../lib/gcc/arm-none-eabi/10.2.1/thumb/v7e-m+dp/hard\libgcc.a
LOAD c:/users/vinícius/documents/daisytoolchain-0.3.1/windows/bin/../lib/gcc/arm-none-eabi/10.2.1/../../../../arm-none-eabi/lib/thumb/v7e-m+dp/hard\libc_nano.a
LOAD c:/users/vinícius/documents/daisytoolchain-0.3.1/windows/bin/../lib/gcc/arm-none-eabi/10.2.1/../../../../arm-none-eabi/lib/thumb/v7e-m+dp/hard\libnosys.a
END GROUP
START GROUP
LOAD c:/users/vinícius/documents/daisytoolchain-0.3.1/windows/bin/../lib/gcc/arm-none-eabi/10.2.1/thumb/v7e-m+dp/hard\libgcc.a
LOAD c:/users/vinícius/documents/daisytoolchain-0.3.1/windows/bin/../lib/gcc/arm-none-eabi/10.2.1/../../../../arm-none-eabi/lib/thumb/v7e-m+dp/hard\libc_nano.a
LOAD c:/users/vinícius/documents/daisytoolchain-0.3.1/windows/bin/../lib/gcc/arm-none-eabi/10.2.1/../../../../arm-none-eabi/lib/thumb/v7e-m+dp/hard\libnosys.a
END GROUP
LOAD c:/users/vinícius/documents/daisytoolchain-0.3.1/windows/bin/../lib/gcc/arm-none-eabi/10.2.1/thumb/v7e-m+dp/hard/crtend.o
LOAD c:/users/vinícius/documents/daisytoolchain-0.3.1/windows/bin/../lib/gcc/arm-none-eabi/10.2.1/thumb/v7e-m+dp/hard/crtn.o
                0x20020000                _estack = 0x20020000

.isr_vector     0x08000000      0x298
                0x08000000                . = ALIGN (0x4)
 *(.isr_vector)
 .isr_vector    0x08000000      0x298 build/startup_stm32h750xx.o
                0x08000000                g_pfnVectors
                0x08000298                . = ALIGN (0x4)

.text           0x080002a0    0x175c8
                0x080002a0                . = ALIGN (0x4)
                0x080002a0                _stext = .
 *(.text)
 .text          0x080002a0       0x40 c:/users/vinícius/documents/daisytoolchain-0.3.1/windows/bin/../lib/gcc/arm-none-eabi/10.2.1/thumb/v7e-m+dp/hard/crtbegin.o
 .text          0x080002e0       0x14 c:/users/vinícius/documents/daisytoolchain-0.3.1/windows/bin/../lib/gcc/arm-none-eabi/10.2.1/../../../../arm-none-eabi/lib/thumb/v7e-m+dp/hard\libc_nano.a(lib_a-strcmp.o)
                0x080002e0                strcmp
 .text          0x080002f4       0x10 c:/users/vinícius/documents/daisytoolchain-0.3.1/windows/bin/../lib/gcc/arm-none-eabi/10.2.1/../../../../arm-none-eabi/lib/thumb/v7e-m+dp/hard\libc_nano.a(lib_a-strlen.o)
                0x080002f4                strlen
 *fill*         0x08000304        0xc 
 .text          0x08000310       0xa0 c:/users/vinícius/documents/daisytoolchain-0.3.1/windows/bin/../lib/gcc/arm-none-eabi/10.2.1/../../../../arm-none-eabi/lib/thumb/v7e-m+dp/hard\libc_nano.a(lib_a-memchr.o)
                0x08000310                memchr
 .text          0x080003b0      0x378 c:/users/vinícius/documents/daisytoolchain-0.3.1/windows/bin/../lib/gcc/arm-none-eabi/10.2.1/thumb/v7e-m+dp/hard\libgcc.a(_arm_addsubdf3.o)
                0x080003b0                __aeabi_drsub
                0x080003b8                __aeabi_dsub
                0x080003b8                __subdf3
                0x080003bc                __aeabi_dadd
                0x080003bc                __adddf3
                0x08000634                __floatunsidf
                0x08000634                __aeabi_ui2d
                0x08000654                __floatsidf
                0x08000654                __aeabi_i2d
                0x08000678                __aeabi_f2d
                0x08000678                __extendsfdf2
                0x080006bc                __floatundidf
                0x080006bc                __aeabi_ul2d
                0x080006cc                __floatdidf
                0x080006cc                __aeabi_l2d
 .text          0x08000728       0x30 c:/users/vinícius/documents/daisytoolchain-0.3.1/windows/bin/../lib/gcc/arm-none-eabi/10.2.1/thumb/v7e-m+dp/hard\libgcc.a(_aeabi_uldivmod.o)
                0x08000728                __aeabi_uldivmod
 .text          0x08000758      0x2d0 c:/users/vinícius/documents/daisytoolchain-0.3.1/windows/bin/../lib/gcc/arm-none-eabi/10.2.1/thumb/v7e-m+dp/hard\libgcc.a(_udivmoddi4.o)
                0x08000758                __udivmoddi4
 .text          0x08000a28        0x4 c:/users/vinícius/documents/daisytoolchain-0.3.1/windows/bin/../lib/gcc/arm-none-eabi/10.2.1/thumb/v7e-m+dp/hard\libgcc.a(_dvmd_tls.o)
                0x08000a28                __aeabi_idiv0
                0x08000a28                __aeabi_ldiv0
 *(.text*)
 .text.Default_Handler
                0x08000a2c        0x4 build/startup_stm32h750xx.o
                0x08000a2c                RTC_Alarm_IRQHandler
                0x08000a2c                HASH_RNG_IRQHandler
                0x08000a2c                EXTI2_IRQHandler
                0x08000a2c                TIM8_CC_IRQHandler
                0x08000a2c                HRTIM1_Master_IRQHandler
                0x08000a2c                DebugMon_Handler
                0x08000a2c                SPI4_IRQHandler
                0x08000a2c                TIM1_CC_IRQHandler
                0x08000a2c                BDMA_Channel6_IRQHandler
                0x08000a2c                DMA2_Stream5_IRQHandler
                0x08000a2c                HRTIM1_FLT_IRQHandler
                0x08000a2c                JPEG_IRQHandler
                0x08000a2c                BDMA_Channel1_IRQHandler
                0x08000a2c                HRTIM1_TIMD_IRQHandler
                0x08000a2c                TAMP_STAMP_IRQHandler
                0x08000a2c                PendSV_Handler
                0x08000a2c                NMI_Handler
                0x08000a2c                EXTI3_IRQHandler
                0x08000a2c                LPTIM4_IRQHandler
                0x08000a2c                TIM8_TRG_COM_TIM14_IRQHandler
                0x08000a2c                LPTIM2_IRQHandler
                0x08000a2c                DFSDM1_FLT1_IRQHandler
                0x08000a2c                DMAMUX2_OVR_IRQHandler
                0x08000a2c                TIM8_UP_TIM13_IRQHandler
                0x08000a2c                I2C3_ER_IRQHandler
                0x08000a2c                DFSDM1_FLT2_IRQHandler
                0x08000a2c                MDMA_IRQHandler
                0x08000a2c                LPTIM3_IRQHandler
                0x08000a2c                HSEM1_IRQHandler
                0x08000a2c                EXTI0_IRQHandler
                0x08000a2c                DMA1_Stream2_IRQHandler
                0x08000a2c                FPU_IRQHandler
                0x08000a2c                OTG_HS_WKUP_IRQHandler
                0x08000a2c                FDCAN1_IT1_IRQHandler
                0x08000a2c                UsageFault_Handler
                0x08000a2c                LTDC_ER_IRQHandler
                0x08000a2c                DMA2_Stream2_IRQHandler
                0x08000a2c                HRTIM1_TIME_IRQHandler
                0x08000a2c                SPI1_IRQHandler
                0x08000a2c                TIM6_DAC_IRQHandler
                0x08000a2c                DCMI_IRQHandler
                0x08000a2c                HRTIM1_TIMC_IRQHandler
                0x08000a2c                DMA2_Stream3_IRQHandler
                0x08000a2c                SAI2_IRQHandler
                0x08000a2c                DFSDM1_FLT3_IRQHandler
                0x08000a2c                TIM17_IRQHandler
                0x08000a2c                CRYP_IRQHandler
                0x08000a2c                BDMA_Channel7_IRQHandler
                0x08000a2c                LPTIM5_IRQHandler
                0x08000a2c                ADC3_IRQHandler
                0x08000a2c                DMA2_Stream0_IRQHandler
                0x08000a2c                TIM4_IRQHandler
                0x08000a2c                BDMA_Channel2_IRQHandler
                0x08000a2c                DMAMUX1_OVR_IRQHandler
                0x08000a2c                TIM16_IRQHandler
                0x08000a2c                BDMA_Channel5_IRQHandler
                0x08000a2c                TIM3_IRQHandler
                0x08000a2c                RCC_IRQHandler
                0x08000a2c                TIM8_BRK_TIM12_IRQHandler
                0x08000a2c                TIM1_TRG_COM_IRQHandler
                0x08000a2c                Default_Handler
                0x08000a2c                ECC_IRQHandler
                0x08000a2c                CEC_IRQHandler
                0x08000a2c                EXTI15_10_IRQHandler
                0x08000a2c                BDMA_Channel0_IRQHandler
                0x08000a2c                ADC_IRQHandler
                0x08000a2c                DMA1_Stream7_IRQHandler
                0x08000a2c                HRTIM1_TIMA_IRQHandler
                0x08000a2c                SPI5_IRQHandler
                0x08000a2c                TIM7_IRQHandler
                0x08000a2c                SDMMC1_IRQHandler
                0x08000a2c                TIM5_IRQHandler
                0x08000a2c                DMA2_Stream7_IRQHandler
                0x08000a2c                TIM15_IRQHandler
                0x08000a2c                PVD_AVD_IRQHandler
                0x08000a2c                EXTI9_5_IRQHandler
                0x08000a2c                RTC_WKUP_IRQHandler
                0x08000a2c                LTDC_IRQHandler
                0x08000a2c                SAI3_IRQHandler
                0x08000a2c                ETH_WKUP_IRQHandler
                0x08000a2c                SPDIF_RX_IRQHandler
                0x08000a2c                SPI2_IRQHandler
                0x08000a2c                MemManage_Handler
                0x08000a2c                SVC_Handler
                0x08000a2c                CRS_IRQHandler
                0x08000a2c                EXTI4_IRQHandler
                0x08000a2c                HRTIM1_TIMB_IRQHandler
                0x08000a2c                FDCAN2_IT1_IRQHandler
                0x08000a2c                ETH_IRQHandler
                0x08000a2c                TIM1_UP_IRQHandler
                0x08000a2c                BDMA_Channel4_IRQHandler
                0x08000a2c                WWDG_IRQHandler
                0x08000a2c                SPI6_IRQHandler
                0x08000a2c                I2C4_EV_IRQHandler
                0x08000a2c                MDIOS_IRQHandler
                0x08000a2c                FDCAN2_IT0_IRQHandler
                0x08000a2c                FDCAN1_IT0_IRQHandler
                0x08000a2c                TIM2_IRQHandler
                0x08000a2c                OTG_FS_WKUP_IRQHandler
                0x08000a2c                DMA2D_IRQHandler
                0x08000a2c                TIM1_BRK_IRQHandler
                0x08000a2c                EXTI1_IRQHandler
                0x08000a2c                SDMMC2_IRQHandler
                0x08000a2c                BDMA_Channel3_IRQHandler
                0x08000a2c                MDIOS_WKUP_IRQHandler
                0x08000a2c                DFSDM1_FLT0_IRQHandler
                0x08000a2c                SAI4_IRQHandler
                0x08000a2c                I2C2_ER_IRQHandler
                0x08000a2c                DMA2_Stream1_IRQHandler
                0x08000a2c                FLASH_IRQHandler
                0x08000a2c                DMA2_Stream4_IRQHandler
                0x08000a2c                BusFault_Handler
                0x08000a2c                SPI3_IRQHandler
                0x08000a2c                WAKEUP_PIN_IRQHandler
                0x08000a2c                I2C1_ER_IRQHandler
                0x08000a2c                FMC_IRQHandler
                0x08000a2c                FDCAN_CAL_IRQHandler
                0x08000a2c                SWPMI1_IRQHandler
                0x08000a2c                COMP1_IRQHandler
                0x08000a2c                LPTIM1_IRQHandler
                0x08000a2c                I2C4_ER_IRQHandler
                0x08000a2c                DMA2_Stream6_IRQHandler
                0x08000a2c                SAI1_IRQHandler
 .text.Reset_Handler
                0x08000a30       0x44 build/startup_stm32h750xx.o
                0x08000a30                Reset_Handler
 .text._ZNK5daisy11OledDisplayINS_13SSD130xDriverILj128ELj64ENS_24SSD130x4WireSpiTransportEEEE5WidthEv
                0x08000a74        0x4 build/Menus.o
                0x08000a74                daisy::OledDisplay<daisy::SSD130xDriver<128u, 64u, daisy::SSD130x4WireSpiTransport> >::Width() const
 .text._ZNK5daisy11OledDisplayINS_13SSD130xDriverILj128ELj64ENS_24SSD130x4WireSpiTransportEEEE6HeightEv
                0x08000a78        0x4 build/Menus.o
                0x08000a78                daisy::OledDisplay<daisy::SSD130xDriver<128u, 64u, daisy::SSD130x4WireSpiTransport> >::Height() const
 .text._ZN5MenusC2Ev
                0x08000a7c       0x70 build/Menus.o
                0x08000a7c                Menus::Menus()
                0x08000a7c                Menus::Menus()
 .text._ZN5daisy25OneBitGraphicsDisplayImplINS_11OledDisplayINS_13SSD130xDriverILj128ELj64ENS_24SSD130x4WireSpiTransportEEEEEE11WriteStringEPKc7FontDefb
                0x08000aec      0x1c0 build/Menus.o
                0x08000aec                daisy::OneBitGraphicsDisplayImpl<daisy::OledDisplay<daisy::SSD130xDriver<128u, 64u, daisy::SSD130x4WireSpiTransport> > >::WriteString(char const*, FontDef, bool)
 *fill*         0x08000cac        0x4 
 .text._ZN5Menus5Menu2E23OledDisplayExtravaganzaPN7daisysp10OscillatorE
                0x08000cb0      0x514 build/Menus.o
                0x08000cb0                Menus::Menu2(OledDisplayExtravaganza, daisysp::Oscillator*)
 *fill*         0x080011c4        0x4 
 .text._ZN5Menus5Menu3E23OledDisplayExtravaganzaPN7daisysp10OscillatorE
                0x080011c8      0x95c build/Menus.o
                0x080011c8                Menus::Menu3(OledDisplayExtravaganza, daisysp::Oscillator*)
 .text._ZN5daisy25OneBitGraphicsDisplayImplINS_11OledDisplayINS_13SSD130xDriverILj128ELj64ENS_24SSD130x4WireSpiTransportEEEEEE8DrawRectEjjjjbb
                0x08001b24      0x418 build/Menus.o
                0x08001b24                daisy::OneBitGraphicsDisplayImpl<daisy::OledDisplay<daisy::SSD130xDriver<128u, 64u, daisy::SSD130x4WireSpiTransport> > >::DrawRect(unsigned int, unsigned int, unsigned int, unsigned int, bool, bool)
 .text._ZN5Menus5Menu1E23OledDisplayExtravaganzaPN7daisysp10OscillatorE
                0x08001f3c      0x868 build/Menus.o
                0x08001f3c                Menus::Menu1(OledDisplayExtravaganza, daisysp::Oscillator*)
 .text._ZN23OledDisplayExtravaganzaD2Ev
                0x080027a4        0x4 build/OledDisplayExtravaganza.o
                0x080027a4                OledDisplayExtravaganza::~OledDisplayExtravaganza()
                0x080027a4                OledDisplayExtravaganza::~OledDisplayExtravaganza()
 .text._ZN5daisy11OledDisplayINS_13SSD130xDriverILj128ELj64ENS_24SSD130x4WireSpiTransportEEEE4FillEb
                0x080027a8       0x10 build/OledDisplayExtravaganza.o
                0x080027a8                daisy::OledDisplay<daisy::SSD130xDriver<128u, 64u, daisy::SSD130x4WireSpiTransport> >::Fill(bool)
 .text._ZN23OledDisplayExtravaganzaD0Ev
                0x080027b8       0x10 build/OledDisplayExtravaganza.o
                0x080027b8                OledDisplayExtravaganza::~OledDisplayExtravaganza()
 .text._ZN5daisy11OledDisplayINS_13SSD130xDriverILj128ELj64ENS_24SSD130x4WireSpiTransportEEEE6UpdateEv
                0x080027c8       0x8c build/OledDisplayExtravaganza.o
                0x080027c8                daisy::OledDisplay<daisy::SSD130xDriver<128u, 64u, daisy::SSD130x4WireSpiTransport> >::Update()
 .text._ZN5daisy11OledDisplayINS_13SSD130xDriverILj128ELj64ENS_24SSD130x4WireSpiTransportEEEE9DrawPixelEjjb
                0x08002854       0x44 build/OledDisplayExtravaganza.o
                0x08002854                daisy::OledDisplay<daisy::SSD130xDriver<128u, 64u, daisy::SSD130x4WireSpiTransport> >::DrawPixel(unsigned int, unsigned int, bool)
 .text._ZN5daisy25OneBitGraphicsDisplayImplINS_11OledDisplayINS_13SSD130xDriverILj128ELj64ENS_24SSD130x4WireSpiTransportEEEEEE8DrawLineEjjjjb
                0x08002898       0xfc build/OledDisplayExtravaganza.o
                0x08002898                daisy::OneBitGraphicsDisplayImpl<daisy::OledDisplay<daisy::SSD130xDriver<128u, 64u, daisy::SSD130x4WireSpiTransport> > >::DrawLine(unsigned int, unsigned int, unsigned int, unsigned int, bool)
 *fill*         0x08002994        0x4 
 .text._ZN5daisy25OneBitGraphicsDisplayImplINS_11OledDisplayINS_13SSD130xDriverILj128ELj64ENS_24SSD130x4WireSpiTransportEEEEEE7DrawArcEjjjiib
                0x08002998      0x478 build/OledDisplayExtravaganza.o
                0x08002998                daisy::OneBitGraphicsDisplayImpl<daisy::OledDisplay<daisy::SSD130xDriver<128u, 64u, daisy::SSD130x4WireSpiTransport> > >::DrawArc(unsigned int, unsigned int, unsigned int, int, int, bool)
 .text._ZN5daisy25OneBitGraphicsDisplayImplINS_11OledDisplayINS_13SSD130xDriverILj128ELj64ENS_24SSD130x4WireSpiTransportEEEEEE9WriteCharEc7FontDefb
                0x08002e10      0x1a0 build/OledDisplayExtravaganza.o
                0x08002e10                daisy::OneBitGraphicsDisplayImpl<daisy::OledDisplay<daisy::SSD130xDriver<128u, 64u, daisy::SSD130x4WireSpiTransport> > >::WriteChar(char, FontDef, bool)
 .text._ZN23OledDisplayExtravaganzaC2Ev
                0x08002fb0       0x10 build/OledDisplayExtravaganza.o
                0x08002fb0                OledDisplayExtravaganza::OledDisplayExtravaganza()
                0x08002fb0                OledDisplayExtravaganza::OledDisplayExtravaganza()
 .text._ZN23OledDisplayExtravaganza10drawSliderEffffff
                0x08002fc0       0x98 build/OledDisplayExtravaganza.o
                0x08002fc0                OledDisplayExtravaganza::drawSlider(float, float, float, float, float, float)
 .text._ZN23OledDisplayExtravaganza8drawSineEfffb
                0x08003058      0x1cc build/OledDisplayExtravaganza.o
                0x08003058                OledDisplayExtravaganza::drawSine(float, float, float, bool)
 .text._ZN23OledDisplayExtravaganza7drawTriEfffb
                0x08003224      0x2e4 build/OledDisplayExtravaganza.o
                0x08003224                OledDisplayExtravaganza::drawTri(float, float, float, bool)
 .text._ZN23OledDisplayExtravaganza7drawSqrEfffb
                0x08003508      0x3a8 build/OledDisplayExtravaganza.o
                0x08003508                OledDisplayExtravaganza::drawSqr(float, float, float, bool)
 .text._ZN23OledDisplayExtravaganza7drawSawEfffb
                0x080038b0      0x304 build/OledDisplayExtravaganza.o
                0x080038b0                OledDisplayExtravaganza::drawSaw(float, float, float, bool)
 .text._ZN23OledDisplayExtravaganza9WaveIconsEiiiib
                0x08003bb4      0x268 build/OledDisplayExtravaganza.o
                0x08003bb4                OledDisplayExtravaganza::WaveIcons(int, int, int, int, bool)
 *fill*         0x08003e1c        0x4 
 .text._ZN23OledDisplayExtravaganza20drawHorizontalToggleEfffbbPKc
                0x08003e20      0x55c build/OledDisplayExtravaganza.o
                0x08003e20                OledDisplayExtravaganza::drawHorizontalToggle(float, float, float, bool, bool, char const*)
 *fill*         0x0800437c        0x4 
 .text._ZN23OledDisplayExtravaganza18drawVerticalToggleEfffbbPKc
                0x08004380      0x57c build/OledDisplayExtravaganza.o
                0x08004380                OledDisplayExtravaganza::drawVerticalToggle(float, float, float, bool, bool, char const*)
 .text._ZN5daisy9DaisySeedD2Ev
                0x080048fc        0x4 build/SynthMenis.o
                0x080048fc                daisy::DaisySeed::~DaisySeed()
                0x080048fc                daisy::DaisySeed::~DaisySeed()
 .text._ZN7daisysp4AdsrD2Ev
                0x08004900        0x4 build/SynthMenis.o
                0x08004900                daisysp::Adsr::~Adsr()
                0x08004900                daisysp::Adsr::~Adsr()
 .text._ZN7daisysp4LineD2Ev
                0x08004904        0x4 build/SynthMenis.o
                0x08004904                daisysp::Line::~Line()
                0x08004904                daisysp::Line::~Line()
 .text._ZN5MenusD2Ev
                0x08004908        0x4 build/SynthMenis.o
                0x08004908                Menus::~Menus()
                0x08004908                Menus::~Menus()
 .text.__tcf_0  0x0800490c        0x4 build/SynthMenis.o
 .text._ZN5daisy11MidiHandlerINS_17MidiUartTransportEED2Ev
                0x08004910        0x4 build/SynthMenis.o
                0x08004910                daisy::MidiHandler<daisy::MidiUartTransport>::~MidiHandler()
                0x08004910                daisy::MidiHandler<daisy::MidiUartTransport>::~MidiHandler()
 .text._Z13AudioCallbackPKfPfj
                0x08004914       0xbc build/SynthMenis.o
                0x08004914                AudioCallback(float const*, float*, unsigned int)
 .text._Z17HandleMidiMessage9MidiEvent
                0x080049d0       0xe0 build/SynthMenis.o
                0x080049d0                HandleMidiMessage(MidiEvent)
 .text._ZN5daisy13SSD130xDriverILj128ELj64ENS_24SSD130x4WireSpiTransportEE4InitENS2_6ConfigE
                0x08004ab0      0x2d4 build/SynthMenis.o
                0x08004ab0                daisy::SSD130xDriver<128u, 64u, daisy::SSD130x4WireSpiTransport>::Init(daisy::SSD130xDriver<128u, 64u, daisy::SSD130x4WireSpiTransport>::Config)
 .text._ZN5daisy11MidiHandlerINS_17MidiUartTransportEE5ParseEh
                0x08004d84      0x278 build/SynthMenis.o
                0x08004d84                daisy::MidiHandler<daisy::MidiUartTransport>::Parse(unsigned char)
 .text.startup.main
                0x08004ffc      0x4d0 build/SynthMenis.o
                0x08004ffc                main
 .text.startup._GLOBAL__sub_I_synthmenu
                0x080054cc       0xfc build/SynthMenis.o
 .text._ZN5daisy9DaisySeed9ConfigureEv
                0x080055c8       0x4c ../../libdaisy/build\libdaisy.a(daisy_seed.o)
                0x080055c8                daisy::DaisySeed::Configure()
 .text._ZN5daisy9DaisySeed6GetPinEh
                0x08005614       0x2c ../../libdaisy/build\libdaisy.a(daisy_seed.o)
                0x08005614                daisy::DaisySeed::GetPin(unsigned char)
 .text._ZN5daisy9DaisySeed10StartAudioEPFvPKfPfjE
                0x08005640        0x8 ../../libdaisy/build\libdaisy.a(daisy_seed.o)
                0x08005640                daisy::DaisySeed::StartAudio(void (*)(float const*, float*, unsigned int))
 .text._ZN5daisy9DaisySeed15AudioSampleRateEv
                0x08005648        0x8 ../../libdaisy/build\libdaisy.a(daisy_seed.o)
                0x08005648                daisy::DaisySeed::AudioSampleRate()
 .text._ZN5daisy9DaisySeed14ConfigureAudioEv
                0x08005650       0x78 ../../libdaisy/build\libdaisy.a(daisy_seed.o)
                0x08005650                daisy::DaisySeed::ConfigureAudio()
 .text._ZN5daisy9DaisySeed4InitEb
                0x080056c8       0x7c ../../libdaisy/build\libdaisy.a(daisy_seed.o)
                0x080056c8                daisy::DaisySeed::Init(bool)
 .text._ZN5daisy6Ak45564InitE12dsy_gpio_pin
                0x08005744       0x44 ../../libdaisy/build\libdaisy.a(codec_ak4556.o)
                0x08005744                daisy::Ak4556::Init(dsy_gpio_pin)
 .text.dsy_sdram_init
                0x08005788      0x108 ../../libdaisy/build\libdaisy.a(sdram.o)
                0x08005788                dsy_sdram_init
 .text.HAL_SDRAM_MspInit
                0x08005890      0x1d0 ../../libdaisy/build\libdaisy.a(sdram.o)
                0x08005890                HAL_SDRAM_MspInit
 .text._ZN5daisy11AudioHandle4Impl16InternalCallbackEPlS2_j
                0x08005a60      0xbbc ../../libdaisy/build\libdaisy.a(audio.o)
                0x08005a60                daisy::AudioHandle::Impl::InternalCallback(long*, long*, unsigned int)
 .text._ZN5daisy11AudioHandle4InitERKNS0_6ConfigENS_9SaiHandleE
                0x0800661c       0x64 ../../libdaisy/build\libdaisy.a(audio.o)
                0x0800661c                daisy::AudioHandle::Init(daisy::AudioHandle::Config const&, daisy::SaiHandle)
 .text._ZNK5daisy11AudioHandle9GetConfigEv
                0x08006680        0x8 ../../libdaisy/build\libdaisy.a(audio.o)
                0x08006680                daisy::AudioHandle::GetConfig() const
 .text._ZN5daisy11AudioHandle13GetSampleRateEv
                0x08006688        0x8 ../../libdaisy/build\libdaisy.a(audio.o)
                0x08006688                daisy::AudioHandle::GetSampleRate()
 .text._ZN5daisy11AudioHandle5StartEPFvPKfPfjE
                0x08006690       0x2c ../../libdaisy/build\libdaisy.a(audio.o)
                0x08006690                daisy::AudioHandle::Start(void (*)(float const*, float*, unsigned int))
 .text.startup._GLOBAL__sub_I__ZN5daisy11AudioHandle4Impl4InitENS0_6ConfigENS_9SaiHandleE
                0x080066bc       0x10 ../../libdaisy/build\libdaisy.a(audio.o)
 .text._ZN5daisy7Encoder4InitE12dsy_gpio_pinS1_S1_f
                0x080066cc       0x4c ../../libdaisy/build\libdaisy.a(encoder.o)
                0x080066cc                daisy::Encoder::Init(dsy_gpio_pin, dsy_gpio_pin, dsy_gpio_pin, float)
 .text._ZN5daisy7Encoder8DebounceEv
                0x08006718       0x60 ../../libdaisy/build\libdaisy.a(encoder.o)
                0x08006718                daisy::Encoder::Debounce()
 .text._ZN5daisy6Switch4InitE12dsy_gpio_pinf
                0x08006778       0x3c ../../libdaisy/build\libdaisy.a(switch.o)
                0x08006778                daisy::Switch::Init(dsy_gpio_pin, float)
 .text._ZN5daisy6Switch8DebounceEv
                0x080067b4       0x4c ../../libdaisy/build\libdaisy.a(switch.o)
                0x080067b4                daisy::Switch::Debounce()
 .text.DummyRxCallback
                0x08006800        0x4 ../../libdaisy/build\libdaisy.a(usb.o)
                0x08006800                DummyRxCallback
 .text._ZN5daisy9UsbHandle4InitENS0_9UsbPeriphE
                0x08006804      0x10c ../../libdaisy/build\libdaisy.a(usb.o)
                0x08006804                daisy::UsbHandle::Init(daisy::UsbHandle::UsbPeriph)
 .text._ZN5daisy9UsbHandle16TransmitInternalEPhj
                0x08006910       0x14 ../../libdaisy/build\libdaisy.a(usb.o)
                0x08006910                daisy::UsbHandle::TransmitInternal(unsigned char*, unsigned int)
 .text.OTG_HS_EP1_OUT_IRQHandler
                0x08006924        0xc ../../libdaisy/build\libdaisy.a(usb.o)
                0x08006924                OTG_HS_EP1_OUT_IRQHandler
 .text.OTG_HS_EP1_IN_IRQHandler
                0x08006930        0xc ../../libdaisy/build\libdaisy.a(usb.o)
                0x08006930                OTG_HS_EP1_IN_IRQHandler
 .text.OTG_HS_IRQHandler
                0x0800693c        0xc ../../libdaisy/build\libdaisy.a(usb.o)
                0x0800693c                OTG_HS_IRQHandler
 .text.OTG_FS_EP1_OUT_IRQHandler
                0x08006948        0xc ../../libdaisy/build\libdaisy.a(usb.o)
                0x08006948                OTG_FS_EP1_OUT_IRQHandler
 .text.OTG_FS_EP1_IN_IRQHandler
                0x08006954        0xc ../../libdaisy/build\libdaisy.a(usb.o)
                0x08006954                OTG_FS_EP1_IN_IRQHandler
 .text.OTG_FS_IRQHandler
                0x08006960        0xc ../../libdaisy/build\libdaisy.a(usb.o)
                0x08006960                OTG_FS_IRQHandler
 .text.dsy_gpio_init
                0x0800696c      0x1b8 ../../libdaisy/build\libdaisy.a(gpio.o)
                0x0800696c                dsy_gpio_init
 .text.dsy_gpio_read
                0x08006b24       0x1c ../../libdaisy/build\libdaisy.a(gpio.o)
                0x08006b24                dsy_gpio_read
 .text.dsy_gpio_write
                0x08006b40       0x24 ../../libdaisy/build\libdaisy.a(gpio.o)
                0x08006b40                dsy_gpio_write
 *fill*         0x08006b64        0x4 
 .text.dsy_qspi_init
                0x08006b68      0x388 ../../libdaisy/build\libdaisy.a(qspi.o)
                0x08006b68                dsy_qspi_init
 .text.HAL_QSPI_MspInit
                0x08006ef0      0x10c ../../libdaisy/build\libdaisy.a(qspi.o)
                0x08006ef0                HAL_QSPI_MspInit
 .text.HAL_QSPI_MspDeInit
                0x08006ffc       0x58 ../../libdaisy/build\libdaisy.a(qspi.o)
                0x08006ffc                HAL_QSPI_MspDeInit
 .text.QUADSPI_IRQHandler
                0x08007054        0xc ../../libdaisy/build\libdaisy.a(qspi.o)
                0x08007054                QUADSPI_IRQHandler
 .text._ZN5daisy9SaiHandle4Impl7InitDmaENS1_15PeripheralBlockE
                0x08007060       0xa0 ../../libdaisy/build\libdaisy.a(sai.o)
                0x08007060                daisy::SaiHandle::Impl::InitDma(daisy::SaiHandle::Impl::PeripheralBlock)
 .text._ZN5daisy9SaiHandle4Impl8InitPinsEv
                0x08007100       0xa8 ../../libdaisy/build\libdaisy.a(sai.o)
                0x08007100                daisy::SaiHandle::Impl::InitPins()
 .text.HAL_SAI_MspInit
                0x080071a8      0x164 ../../libdaisy/build\libdaisy.a(sai.o)
                0x080071a8                HAL_SAI_MspInit
 .text.DMA1_Stream0_IRQHandler
                0x0800730c        0xc ../../libdaisy/build\libdaisy.a(sai.o)
                0x0800730c                DMA1_Stream0_IRQHandler
 .text.DMA1_Stream1_IRQHandler
                0x08007318        0xc ../../libdaisy/build\libdaisy.a(sai.o)
                0x08007318                DMA1_Stream1_IRQHandler
 .text.DMA1_Stream3_IRQHandler
                0x08007324        0xc ../../libdaisy/build\libdaisy.a(sai.o)
                0x08007324                DMA1_Stream3_IRQHandler
 .text.DMA1_Stream4_IRQHandler
                0x08007330        0xc ../../libdaisy/build\libdaisy.a(sai.o)
                0x08007330                DMA1_Stream4_IRQHandler
 .text.HAL_SAI_RxHalfCpltCallback
                0x0800733c       0x78 ../../libdaisy/build\libdaisy.a(sai.o)
                0x0800733c                HAL_SAI_RxHalfCpltCallback
 .text.HAL_SAI_RxCpltCallback
                0x080073b4       0x70 ../../libdaisy/build\libdaisy.a(sai.o)
                0x080073b4                HAL_SAI_RxCpltCallback
 *fill*         0x08007424        0x4 
 .text._ZN5daisy9SaiHandle4InitERKNS0_6ConfigE
                0x08007428      0x1f0 ../../libdaisy/build\libdaisy.a(sai.o)
                0x08007428                daisy::SaiHandle::Init(daisy::SaiHandle::Config const&)
 .text._ZNK5daisy9SaiHandle9GetConfigEv
                0x08007618        0x4 ../../libdaisy/build\libdaisy.a(sai.o)
                0x08007618                daisy::SaiHandle::GetConfig() const
 .text._ZN5daisy9SaiHandle8StartDmaEPlS1_jPFvS1_S1_jE
                0x0800761c       0x68 ../../libdaisy/build\libdaisy.a(sai.o)
                0x0800761c                daisy::SaiHandle::StartDma(long*, long*, unsigned int, void (*)(long*, long*, unsigned int))
 .text._ZN5daisy9SaiHandle13GetSampleRateEv
                0x08007684       0x24 ../../libdaisy/build\libdaisy.a(sai.o)
                0x08007684                daisy::SaiHandle::GetSampleRate()
 .text._ZNK5daisy9SaiHandle9GetOffsetEv
                0x080076a8        0x8 ../../libdaisy/build\libdaisy.a(sai.o)
                0x080076a8                daisy::SaiHandle::GetOffset() const
 .text._ZN5daisy9SpiHandle4Impl8InitPinsEv
                0x080076b0      0x274 ../../libdaisy/build\libdaisy.a(spi.o)
                0x080076b0                daisy::SpiHandle::Impl::InitPins()
 .text.HAL_SPI_MspInit
                0x08007924      0x154 ../../libdaisy/build\libdaisy.a(spi.o)
                0x08007924                HAL_SPI_MspInit
 .text._ZN5daisy9SpiHandle4InitERKNS0_6ConfigE
                0x08007a78      0x104 ../../libdaisy/build\libdaisy.a(spi.o)
                0x08007a78                daisy::SpiHandle::Init(daisy::SpiHandle::Config const&)
 .text._ZN5daisy9SpiHandle16BlockingTransmitEPhjm
                0x08007b7c       0x14 ../../libdaisy/build\libdaisy.a(spi.o)
                0x08007b7c                daisy::SpiHandle::BlockingTransmit(unsigned char*, unsigned int, unsigned long)
 .text.startup._GLOBAL__sub_I__Z19MapInstanceToHandleP11SPI_TypeDef
                0x08007b90      0x168 ../../libdaisy/build\libdaisy.a(spi.o)
 .text._ZN5daisy11UartHandler4Impl8InitPinsEv
                0x08007cf8      0x15c ../../libdaisy/build\libdaisy.a(uart.o)
                0x08007cf8                daisy::UartHandler::Impl::InitPins()
 .text._ZN5daisy11UartHandler4Impl14UARTRxCompleteEv
                0x08007e54       0xfc ../../libdaisy/build\libdaisy.a(uart.o)
                0x08007e54                daisy::UartHandler::Impl::UARTRxComplete()
 .text.HAL_UART_RxCpltCallback
                0x08007f50       0x90 ../../libdaisy/build\libdaisy.a(uart.o)
                0x08007f50                HAL_UART_RxCpltCallback
 .text.HAL_UART_ErrorCallback
                0x08007fe0       0x94 ../../libdaisy/build\libdaisy.a(uart.o)
                0x08007fe0                HAL_UART_ErrorCallback
 .text.HAL_UART_MspInit
                0x08008074      0x28c ../../libdaisy/build\libdaisy.a(uart.o)
                0x08008074                HAL_UART_MspInit
 .text.USART1_IRQHandler
                0x08008300       0xa8 ../../libdaisy/build\libdaisy.a(uart.o)
                0x08008300                USART1_IRQHandler
 .text.USART2_IRQHandler
                0x080083a8       0xac ../../libdaisy/build\libdaisy.a(uart.o)
                0x080083a8                USART2_IRQHandler
 .text.USART3_IRQHandler
                0x08008454       0xac ../../libdaisy/build\libdaisy.a(uart.o)
                0x08008454                USART3_IRQHandler
 .text.UART4_IRQHandler
                0x08008500       0xac ../../libdaisy/build\libdaisy.a(uart.o)
                0x08008500                UART4_IRQHandler
 .text.UART5_IRQHandler
                0x080085ac       0xac ../../libdaisy/build\libdaisy.a(uart.o)
                0x080085ac                UART5_IRQHandler
 .text.USART6_IRQHandler
                0x08008658       0xac ../../libdaisy/build\libdaisy.a(uart.o)
                0x08008658                USART6_IRQHandler
 .text.UART7_IRQHandler
                0x08008704       0xac ../../libdaisy/build\libdaisy.a(uart.o)
                0x08008704                UART7_IRQHandler
 .text.UART8_IRQHandler
                0x080087b0       0xac ../../libdaisy/build\libdaisy.a(uart.o)
                0x080087b0                UART8_IRQHandler
 .text.LPUART1_IRQHandler
                0x0800885c       0xb4 ../../libdaisy/build\libdaisy.a(uart.o)
                0x0800885c                LPUART1_IRQHandler
 .text.DMA1_Stream5_IRQHandler
                0x08008910        0xc ../../libdaisy/build\libdaisy.a(uart.o)
                0x08008910                DMA1_Stream5_IRQHandler
 .text._ZN5daisy11UartHandler4InitERKNS0_6ConfigE
                0x0800891c      0x104 ../../libdaisy/build\libdaisy.a(uart.o)
                0x0800891c                daisy::UartHandler::Init(daisy::UartHandler::Config const&)
 .text._ZN5daisy11UartHandler7StartRxEv
                0x08008a20       0x28 ../../libdaisy/build\libdaisy.a(uart.o)
                0x08008a20                daisy::UartHandler::StartRx()
 .text._ZN5daisy11UartHandler8RxActiveEv
                0x08008a48        0x8 ../../libdaisy/build\libdaisy.a(uart.o)
                0x08008a48                daisy::UartHandler::RxActive()
 .text._ZN5daisy11UartHandler7FlushRxEv
                0x08008a50       0x10 ../../libdaisy/build\libdaisy.a(uart.o)
                0x08008a50                daisy::UartHandler::FlushRx()
 .text._ZN5daisy11UartHandler5PopRxEv
                0x08008a60       0x28 ../../libdaisy/build\libdaisy.a(uart.o)
                0x08008a60                daisy::UartHandler::PopRx()
 .text._ZN5daisy11UartHandler8ReadableEv
                0x08008a88       0x10 ../../libdaisy/build\libdaisy.a(uart.o)
                0x08008a88                daisy::UartHandler::Readable()
 .text.startup._GLOBAL__sub_I__Z19MapInstanceToHandleP13USART_TypeDef
                0x08008a98      0x140 ../../libdaisy/build\libdaisy.a(uart.o)
 .text._ZN5daisy11TimerHandleD2Ev
                0x08008bd8        0x4 ../../libdaisy/build\libdaisy.a(system.o)
                0x08008bd8                daisy::TimerHandle::~TimerHandle()
                0x08008bd8                daisy::TimerHandle::~TimerHandle()
 .text.SysTick_Handler
                0x08008bdc       0x10 ../../libdaisy/build\libdaisy.a(system.o)
                0x08008bdc                SysTick_Handler
 .text.HardFault_Handler
                0x08008bec        0x4 ../../libdaisy/build\libdaisy.a(system.o)
                0x08008bec                HardFault_Handler
 .text._ZN5daisy6System6GetNowEv
                0x08008bf0        0x4 ../../libdaisy/build\libdaisy.a(system.o)
                0x08008bf0                daisy::System::GetNow()
 .text._ZN5daisy6System5DelayEm
                0x08008bf4        0x4 ../../libdaisy/build\libdaisy.a(system.o)
                0x08008bf4                daisy::System::Delay(unsigned long)
 .text._ZN5daisy6System15ConfigureClocksEv
                0x08008bf8      0x194 ../../libdaisy/build\libdaisy.a(system.o)
                0x08008bf8                daisy::System::ConfigureClocks()
 .text._ZN5daisy6System4InitERKNS0_6ConfigE
                0x08008d8c      0x11c ../../libdaisy/build\libdaisy.a(system.o)
                0x08008d8c                daisy::System::Init(daisy::System::Config const&)
 .text.startup._GLOBAL__sub_I_SysTick_Handler
                0x08008ea8       0x1c ../../libdaisy/build\libdaisy.a(system.o)
 .text.SystemInit
                0x08008ec4       0x84 ../../libdaisy/build\libdaisy.a(system_stm32h7xx.o)
                0x08008ec4                SystemInit
 .text.dummy_rx_callback
                0x08008f48        0x4 ../../libdaisy/build\libdaisy.a(usbd_cdc_if.o)
                0x08008f48                dummy_rx_callback
 .text.CDC_DeInit_FS
                0x08008f4c        0x4 ../../libdaisy/build\libdaisy.a(usbd_cdc_if.o)
 .text.CDC_Receive_FS
                0x08008f50       0x2c ../../libdaisy/build\libdaisy.a(usbd_cdc_if.o)
 .text.CDC_Receive_HS
                0x08008f7c       0x2c ../../libdaisy/build\libdaisy.a(usbd_cdc_if.o)
 .text.CDC_Init_FS
                0x08008fa8       0x34 ../../libdaisy/build\libdaisy.a(usbd_cdc_if.o)
 .text.CDC_Init_HS
                0x08008fdc       0x34 ../../libdaisy/build\libdaisy.a(usbd_cdc_if.o)
 .text.CDC_Control_FS
                0x08009010       0x34 ../../libdaisy/build\libdaisy.a(usbd_cdc_if.o)
 .text.CDC_Control_HS
                0x08009044       0x34 ../../libdaisy/build\libdaisy.a(usbd_cdc_if.o)
 .text.CDC_DeInit_HS
                0x08009078        0x4 ../../libdaisy/build\libdaisy.a(usbd_cdc_if.o)
 .text.CDC_Transmit_FS
                0x0800907c       0x2c ../../libdaisy/build\libdaisy.a(usbd_cdc_if.o)
                0x0800907c                CDC_Transmit_FS
 .text.HAL_PCD_MspInit
                0x080090a8      0x144 ../../libdaisy/build\libdaisy.a(usbd_conf.o)
                0x080090a8                HAL_PCD_MspInit
 .text.HAL_PCD_SetupStageCallback
                0x080091ec        0xc ../../libdaisy/build\libdaisy.a(usbd_conf.o)
                0x080091ec                HAL_PCD_SetupStageCallback
 .text.HAL_PCD_DataOutStageCallback
                0x080091f8       0x14 ../../libdaisy/build\libdaisy.a(usbd_conf.o)
                0x080091f8                HAL_PCD_DataOutStageCallback
 .text.HAL_PCD_DataInStageCallback
                0x0800920c       0x14 ../../libdaisy/build\libdaisy.a(usbd_conf.o)
                0x0800920c                HAL_PCD_DataInStageCallback
 .text.HAL_PCD_SOFCallback
                0x08009220        0x8 ../../libdaisy/build\libdaisy.a(usbd_conf.o)
                0x08009220                HAL_PCD_SOFCallback
 .text.HAL_PCD_ResetCallback
                0x08009228       0x24 ../../libdaisy/build\libdaisy.a(usbd_conf.o)
                0x08009228                HAL_PCD_ResetCallback
 .text.HAL_PCD_SuspendCallback
                0x0800924c       0x30 ../../libdaisy/build\libdaisy.a(usbd_conf.o)
                0x0800924c                HAL_PCD_SuspendCallback
 .text.HAL_PCD_ResumeCallback
                0x0800927c        0x8 ../../libdaisy/build\libdaisy.a(usbd_conf.o)
                0x0800927c                HAL_PCD_ResumeCallback
 .text.HAL_PCD_ISOOUTIncompleteCallback
                0x08009284        0x8 ../../libdaisy/build\libdaisy.a(usbd_conf.o)
                0x08009284                HAL_PCD_ISOOUTIncompleteCallback
 .text.HAL_PCD_ISOINIncompleteCallback
                0x0800928c        0x8 ../../libdaisy/build\libdaisy.a(usbd_conf.o)
                0x0800928c                HAL_PCD_ISOINIncompleteCallback
 .text.HAL_PCD_ConnectCallback
                0x08009294        0x8 ../../libdaisy/build\libdaisy.a(usbd_conf.o)
                0x08009294                HAL_PCD_ConnectCallback
 .text.HAL_PCD_DisconnectCallback
                0x0800929c        0x8 ../../libdaisy/build\libdaisy.a(usbd_conf.o)
                0x0800929c                HAL_PCD_DisconnectCallback
 .text.USBD_LL_Init
                0x080092a4       0xe4 ../../libdaisy/build\libdaisy.a(usbd_conf.o)
                0x080092a4                USBD_LL_Init
 .text.USBD_LL_Start
                0x08009388       0x1c ../../libdaisy/build\libdaisy.a(usbd_conf.o)
                0x08009388                USBD_LL_Start
 .text.USBD_LL_OpenEP
                0x080093a4       0x24 ../../libdaisy/build\libdaisy.a(usbd_conf.o)
                0x080093a4                USBD_LL_OpenEP
 .text.USBD_LL_CloseEP
                0x080093c8       0x1c ../../libdaisy/build\libdaisy.a(usbd_conf.o)
                0x080093c8                USBD_LL_CloseEP
 .text.USBD_LL_StallEP
                0x080093e4       0x1c ../../libdaisy/build\libdaisy.a(usbd_conf.o)
                0x080093e4                USBD_LL_StallEP
 .text.USBD_LL_ClearStallEP
                0x08009400       0x1c ../../libdaisy/build\libdaisy.a(usbd_conf.o)
                0x08009400                USBD_LL_ClearStallEP
 .text.USBD_LL_IsStallEP
                0x0800941c       0x28 ../../libdaisy/build\libdaisy.a(usbd_conf.o)
                0x0800941c                USBD_LL_IsStallEP
 .text.USBD_LL_SetUSBAddress
                0x08009444       0x1c ../../libdaisy/build\libdaisy.a(usbd_conf.o)
                0x08009444                USBD_LL_SetUSBAddress
 .text.USBD_LL_Transmit
                0x08009460       0x1c ../../libdaisy/build\libdaisy.a(usbd_conf.o)
                0x08009460                USBD_LL_Transmit
 .text.USBD_LL_PrepareReceive
                0x0800947c       0x1c ../../libdaisy/build\libdaisy.a(usbd_conf.o)
                0x0800947c                USBD_LL_PrepareReceive
 .text.USBD_LL_GetRxDataSize
                0x08009498        0x8 ../../libdaisy/build\libdaisy.a(usbd_conf.o)
                0x08009498                USBD_LL_GetRxDataSize
 .text.USBD_HS_DeviceDescriptor
                0x080094a0        0xc ../../libdaisy/build\libdaisy.a(usbd_desc.o)
                0x080094a0                USBD_HS_DeviceDescriptor
 .text.USBD_FS_DeviceDescriptor
                0x080094ac        0xc ../../libdaisy/build\libdaisy.a(usbd_desc.o)
                0x080094ac                USBD_FS_DeviceDescriptor
 .text.USBD_FS_LangIDStrDescriptor
                0x080094b8        0xc ../../libdaisy/build\libdaisy.a(usbd_desc.o)
                0x080094b8                USBD_FS_LangIDStrDescriptor
 .text.USBD_FS_ManufacturerStrDescriptor
                0x080094c4       0x1c ../../libdaisy/build\libdaisy.a(usbd_desc.o)
                0x080094c4                USBD_FS_ManufacturerStrDescriptor
 .text.USBD_HS_ProductStrDescriptor
                0x080094e0       0x1c ../../libdaisy/build\libdaisy.a(usbd_desc.o)
                0x080094e0                USBD_HS_ProductStrDescriptor
 .text.USBD_FS_ConfigStrDescriptor
                0x080094fc       0x1c ../../libdaisy/build\libdaisy.a(usbd_desc.o)
                0x080094fc                USBD_FS_ConfigStrDescriptor
 .text.USBD_FS_InterfaceStrDescriptor
                0x08009518       0x1c ../../libdaisy/build\libdaisy.a(usbd_desc.o)
                0x08009518                USBD_FS_InterfaceStrDescriptor
 .text.USBD_FS_ProductStrDescriptor
                0x08009534       0x1c ../../libdaisy/build\libdaisy.a(usbd_desc.o)
                0x08009534                USBD_FS_ProductStrDescriptor
 .text.USBD_HS_LangIDStrDescriptor
                0x08009550        0xc ../../libdaisy/build\libdaisy.a(usbd_desc.o)
                0x08009550                USBD_HS_LangIDStrDescriptor
 .text.USBD_HS_ManufacturerStrDescriptor
                0x0800955c       0x1c ../../libdaisy/build\libdaisy.a(usbd_desc.o)
                0x0800955c                USBD_HS_ManufacturerStrDescriptor
 .text.USBD_FS_SerialStrDescriptor
                0x08009578      0x124 ../../libdaisy/build\libdaisy.a(usbd_desc.o)
                0x08009578                USBD_FS_SerialStrDescriptor
 .text.USBD_HS_SerialStrDescriptor
                0x0800969c      0x124 ../../libdaisy/build\libdaisy.a(usbd_desc.o)
                0x0800969c                USBD_HS_SerialStrDescriptor
 .text.USBD_HS_InterfaceStrDescriptor
                0x080097c0       0x1c ../../libdaisy/build\libdaisy.a(usbd_desc.o)
                0x080097c0                USBD_HS_InterfaceStrDescriptor
 .text.USBD_HS_ConfigStrDescriptor
                0x080097dc       0x1c ../../libdaisy/build\libdaisy.a(usbd_desc.o)
                0x080097dc                USBD_HS_ConfigStrDescriptor
 .text.dsy_hal_map_get_port
                0x080097f8       0x10 ../../libdaisy/build\libdaisy.a(hal_map.o)
                0x080097f8                dsy_hal_map_get_port
 .text.dsy_hal_map_get_pin
                0x08009808       0x10 ../../libdaisy/build\libdaisy.a(hal_map.o)
                0x08009808                dsy_hal_map_get_pin
 .text.dsy_hal_map_gpio_clk_enable
                0x08009818      0x150 ../../libdaisy/build\libdaisy.a(hal_map.o)
                0x08009818                dsy_hal_map_gpio_clk_enable
 .text.HAL_MspInit
                0x08009968        0x4 ../../libdaisy/build\libdaisy.a(stm32h7xx_hal.o)
                0x08009968                HAL_MspInit
 .text.HAL_InitTick
                0x0800996c       0x4c ../../libdaisy/build\libdaisy.a(stm32h7xx_hal.o)
                0x0800996c                HAL_InitTick
 .text.HAL_Init
                0x080099b8       0x60 ../../libdaisy/build\libdaisy.a(stm32h7xx_hal.o)
                0x080099b8                HAL_Init
 .text.HAL_IncTick
                0x08009a18       0x18 ../../libdaisy/build\libdaisy.a(stm32h7xx_hal.o)
                0x08009a18                HAL_IncTick
 .text.HAL_GetTick
                0x08009a30        0xc ../../libdaisy/build\libdaisy.a(stm32h7xx_hal.o)
                0x08009a30                HAL_GetTick
 .text.HAL_Delay
                0x08009a3c       0x24 ../../libdaisy/build\libdaisy.a(stm32h7xx_hal.o)
                0x08009a3c                HAL_Delay
 .text.HAL_GetREVID
                0x08009a60        0xc ../../libdaisy/build\libdaisy.a(stm32h7xx_hal.o)
                0x08009a60                HAL_GetREVID
 .text.HAL_NVIC_SetPriorityGrouping
                0x08009a6c       0x24 ../../libdaisy/build\libdaisy.a(stm32h7xx_hal_cortex.o)
                0x08009a6c                HAL_NVIC_SetPriorityGrouping
 .text.HAL_NVIC_SetPriority
                0x08009a90       0x7c ../../libdaisy/build\libdaisy.a(stm32h7xx_hal_cortex.o)
                0x08009a90                HAL_NVIC_SetPriority
 .text.HAL_NVIC_EnableIRQ
                0x08009b0c       0x1c ../../libdaisy/build\libdaisy.a(stm32h7xx_hal_cortex.o)
                0x08009b0c                HAL_NVIC_EnableIRQ
 .text.HAL_NVIC_DisableIRQ
                0x08009b28       0x28 ../../libdaisy/build\libdaisy.a(stm32h7xx_hal_cortex.o)
                0x08009b28                HAL_NVIC_DisableIRQ
 .text.HAL_SYSTICK_Config
                0x08009b50       0x2c ../../libdaisy/build\libdaisy.a(stm32h7xx_hal_cortex.o)
                0x08009b50                HAL_SYSTICK_Config
 .text.HAL_MPU_Disable
                0x08009b7c       0x1c ../../libdaisy/build\libdaisy.a(stm32h7xx_hal_cortex.o)
                0x08009b7c                HAL_MPU_Disable
 .text.HAL_MPU_Enable
                0x08009b98       0x20 ../../libdaisy/build\libdaisy.a(stm32h7xx_hal_cortex.o)
                0x08009b98                HAL_MPU_Enable
 .text.HAL_MPU_ConfigRegion
                0x08009bb8       0x64 ../../libdaisy/build\libdaisy.a(stm32h7xx_hal_cortex.o)
                0x08009bb8                HAL_MPU_ConfigRegion
 .text.HAL_SYSTICK_Callback
                0x08009c1c        0x4 ../../libdaisy/build\libdaisy.a(stm32h7xx_hal_cortex.o)
                0x08009c1c                HAL_SYSTICK_Callback
 .text.HAL_SYSTICK_IRQHandler
                0x08009c20        0x8 ../../libdaisy/build\libdaisy.a(stm32h7xx_hal_cortex.o)
                0x08009c20                HAL_SYSTICK_IRQHandler
 .text.DMA_CalcBaseAndBitshift
                0x08009c28       0xf4 ../../libdaisy/build\libdaisy.a(stm32h7xx_hal_dma.o)
 .text.DMA_CalcDMAMUXChannelBaseAndMask
                0x08009d1c       0xd8 ../../libdaisy/build\libdaisy.a(stm32h7xx_hal_dma.o)
 .text.HAL_DMA_Init
                0x08009df4      0x37c ../../libdaisy/build\libdaisy.a(stm32h7xx_hal_dma.o)
                0x08009df4                HAL_DMA_Init
 .text.HAL_DMA_Start_IT
                0x0800a170      0x240 ../../libdaisy/build\libdaisy.a(stm32h7xx_hal_dma.o)
                0x0800a170                HAL_DMA_Start_IT
 .text.HAL_DMA_Abort_IT
                0x0800a3b0      0x134 ../../libdaisy/build\libdaisy.a(stm32h7xx_hal_dma.o)
                0x0800a3b0                HAL_DMA_Abort_IT
 .text.HAL_DMA_IRQHandler
                0x0800a4e4      0x6a0 ../../libdaisy/build\libdaisy.a(stm32h7xx_hal_dma.o)
                0x0800a4e4                HAL_DMA_IRQHandler
 .text.HAL_DMA_GetError
                0x0800ab84        0x4 ../../libdaisy/build\libdaisy.a(stm32h7xx_hal_dma.o)
                0x0800ab84                HAL_DMA_GetError
 .text.HAL_GPIO_Init
                0x0800ab88      0x280 ../../libdaisy/build\libdaisy.a(stm32h7xx_hal_gpio.o)
                0x0800ab88                HAL_GPIO_Init
 .text.HAL_GPIO_DeInit
                0x0800ae08      0x190 ../../libdaisy/build\libdaisy.a(stm32h7xx_hal_gpio.o)
                0x0800ae08                HAL_GPIO_DeInit
 .text.HAL_GPIO_ReadPin
                0x0800af98        0xc ../../libdaisy/build\libdaisy.a(stm32h7xx_hal_gpio.o)
                0x0800af98                HAL_GPIO_ReadPin
 .text.HAL_GPIO_WritePin
                0x0800afa4        0x8 ../../libdaisy/build\libdaisy.a(stm32h7xx_hal_gpio.o)
                0x0800afa4                HAL_GPIO_WritePin
 .text.HAL_PCD_Init
                0x0800afac      0x12c ../../libdaisy/build\libdaisy.a(stm32h7xx_hal_pcd.o)
                0x0800afac                HAL_PCD_Init
 .text.HAL_PCD_Start
                0x0800b0d8       0x44 ../../libdaisy/build\libdaisy.a(stm32h7xx_hal_pcd.o)
                0x0800b0d8                HAL_PCD_Start
 .text.HAL_PCD_IRQHandler
                0x0800b11c      0x69c ../../libdaisy/build\libdaisy.a(stm32h7xx_hal_pcd.o)
                0x0800b11c                HAL_PCD_IRQHandler
 .text.HAL_PCD_SetAddress
                0x0800b7b8       0x2c ../../libdaisy/build\libdaisy.a(stm32h7xx_hal_pcd.o)
                0x0800b7b8                HAL_PCD_SetAddress
 .text.HAL_PCD_EP_Open
                0x0800b7e4       0x7c ../../libdaisy/build\libdaisy.a(stm32h7xx_hal_pcd.o)
                0x0800b7e4                HAL_PCD_EP_Open
 .text.HAL_PCD_EP_Close
                0x0800b860       0x6c ../../libdaisy/build\libdaisy.a(stm32h7xx_hal_pcd.o)
                0x0800b860                HAL_PCD_EP_Close
 .text.HAL_PCD_EP_Receive
                0x0800b8cc       0x50 ../../libdaisy/build\libdaisy.a(stm32h7xx_hal_pcd.o)
                0x0800b8cc                HAL_PCD_EP_Receive
 .text.HAL_PCD_EP_GetRxCount
                0x0800b91c       0x14 ../../libdaisy/build\libdaisy.a(stm32h7xx_hal_pcd.o)
                0x0800b91c                HAL_PCD_EP_GetRxCount
 .text.HAL_PCD_EP_Transmit
                0x0800b930       0x50 ../../libdaisy/build\libdaisy.a(stm32h7xx_hal_pcd.o)
                0x0800b930                HAL_PCD_EP_Transmit
 .text.HAL_PCD_EP_SetStall
                0x0800b980       0x88 ../../libdaisy/build\libdaisy.a(stm32h7xx_hal_pcd.o)
                0x0800b980                HAL_PCD_EP_SetStall
 .text.HAL_PCD_EP_ClrStall
                0x0800ba08       0x78 ../../libdaisy/build\libdaisy.a(stm32h7xx_hal_pcd.o)
                0x0800ba08                HAL_PCD_EP_ClrStall
 .text.HAL_PCDEx_SetTxFiFo
                0x0800ba80       0x54 ../../libdaisy/build\libdaisy.a(stm32h7xx_hal_pcd_ex.o)
                0x0800ba80                HAL_PCDEx_SetTxFiFo
 .text.HAL_PCDEx_SetRxFiFo
                0x0800bad4        0xc ../../libdaisy/build\libdaisy.a(stm32h7xx_hal_pcd_ex.o)
                0x0800bad4                HAL_PCDEx_SetRxFiFo
 .text.HAL_PCDEx_ActivateLPM
                0x0800bae0       0x30 ../../libdaisy/build\libdaisy.a(stm32h7xx_hal_pcd_ex.o)
                0x0800bae0                HAL_PCDEx_ActivateLPM
 .text.HAL_PCDEx_LPM_Callback
                0x0800bb10        0x4 ../../libdaisy/build\libdaisy.a(stm32h7xx_hal_pcd_ex.o)
                0x0800bb10                HAL_PCDEx_LPM_Callback
 .text.HAL_PWREx_ConfigSupply
                0x0800bb14       0x4c ../../libdaisy/build\libdaisy.a(stm32h7xx_hal_pwr_ex.o)
                0x0800bb14                HAL_PWREx_ConfigSupply
 .text.HAL_PWREx_EnableUSBVoltageDetector
                0x0800bb60       0x10 ../../libdaisy/build\libdaisy.a(stm32h7xx_hal_pwr_ex.o)
                0x0800bb60                HAL_PWREx_EnableUSBVoltageDetector
 .text.QSPI_Config
                0x0800bb70      0x174 ../../libdaisy/build\libdaisy.a(stm32h7xx_hal_qspi.o)
 .text.HAL_QSPI_Init
                0x0800bce4       0xd8 ../../libdaisy/build\libdaisy.a(stm32h7xx_hal_qspi.o)
                0x0800bce4                HAL_QSPI_Init
 .text.HAL_QSPI_DeInit
                0x0800bdbc       0x3c ../../libdaisy/build\libdaisy.a(stm32h7xx_hal_qspi.o)
                0x0800bdbc                HAL_QSPI_DeInit
 .text.HAL_QSPI_Command
                0x0800bdf8       0xd4 ../../libdaisy/build\libdaisy.a(stm32h7xx_hal_qspi.o)
                0x0800bdf8                HAL_QSPI_Command
 .text.HAL_QSPI_Transmit
                0x0800becc       0xfc ../../libdaisy/build\libdaisy.a(stm32h7xx_hal_qspi.o)
                0x0800becc                HAL_QSPI_Transmit
 .text.HAL_QSPI_Receive
                0x0800bfc8      0x108 ../../libdaisy/build\libdaisy.a(stm32h7xx_hal_qspi.o)
                0x0800bfc8                HAL_QSPI_Receive
 .text.HAL_QSPI_AutoPolling
                0x0800c0d0       0xf0 ../../libdaisy/build\libdaisy.a(stm32h7xx_hal_qspi.o)
                0x0800c0d0                HAL_QSPI_AutoPolling
 .text.HAL_QSPI_MemoryMapped
                0x0800c1c0       0xc0 ../../libdaisy/build\libdaisy.a(stm32h7xx_hal_qspi.o)
                0x0800c1c0                HAL_QSPI_MemoryMapped
 .text.HAL_QSPI_ErrorCallback
                0x0800c280        0x4 ../../libdaisy/build\libdaisy.a(stm32h7xx_hal_qspi.o)
                0x0800c280                HAL_QSPI_ErrorCallback
 .text.QSPI_DMAAbortCplt
                0x0800c284       0x38 ../../libdaisy/build\libdaisy.a(stm32h7xx_hal_qspi.o)
 .text.HAL_QSPI_AbortCpltCallback
                0x0800c2bc        0x4 ../../libdaisy/build\libdaisy.a(stm32h7xx_hal_qspi.o)
                0x0800c2bc                HAL_QSPI_AbortCpltCallback
 .text.HAL_QSPI_CmdCpltCallback
                0x0800c2c0        0x4 ../../libdaisy/build\libdaisy.a(stm32h7xx_hal_qspi.o)
                0x0800c2c0                HAL_QSPI_CmdCpltCallback
 .text.HAL_QSPI_RxCpltCallback
                0x0800c2c4        0x4 ../../libdaisy/build\libdaisy.a(stm32h7xx_hal_qspi.o)
                0x0800c2c4                HAL_QSPI_RxCpltCallback
 .text.HAL_QSPI_TxCpltCallback
                0x0800c2c8        0x4 ../../libdaisy/build\libdaisy.a(stm32h7xx_hal_qspi.o)
                0x0800c2c8                HAL_QSPI_TxCpltCallback
 .text.HAL_QSPI_FifoThresholdCallback
                0x0800c2cc        0x4 ../../libdaisy/build\libdaisy.a(stm32h7xx_hal_qspi.o)
                0x0800c2cc                HAL_QSPI_FifoThresholdCallback
 .text.HAL_QSPI_StatusMatchCallback
                0x0800c2d0        0x4 ../../libdaisy/build\libdaisy.a(stm32h7xx_hal_qspi.o)
                0x0800c2d0                HAL_QSPI_StatusMatchCallback
 .text.HAL_QSPI_TimeOutCallback
                0x0800c2d4        0x4 ../../libdaisy/build\libdaisy.a(stm32h7xx_hal_qspi.o)
                0x0800c2d4                HAL_QSPI_TimeOutCallback
 .text.HAL_QSPI_IRQHandler
                0x0800c2d8      0x210 ../../libdaisy/build\libdaisy.a(stm32h7xx_hal_qspi.o)
                0x0800c2d8                HAL_QSPI_IRQHandler
 .text.HAL_RCC_OscConfig
                0x0800c4e8      0x51c ../../libdaisy/build\libdaisy.a(stm32h7xx_hal_rcc.o)
                0x0800c4e8                HAL_RCC_OscConfig
 .text.HAL_RCC_GetSysClockFreq
                0x0800ca04      0x140 ../../libdaisy/build\libdaisy.a(stm32h7xx_hal_rcc.o)
                0x0800ca04                HAL_RCC_GetSysClockFreq
 .text.HAL_RCC_ClockConfig
                0x0800cb44      0x234 ../../libdaisy/build\libdaisy.a(stm32h7xx_hal_rcc.o)
                0x0800cb44                HAL_RCC_ClockConfig
 .text.HAL_RCC_GetHCLKFreq
                0x0800cd78       0x2c ../../libdaisy/build\libdaisy.a(stm32h7xx_hal_rcc.o)
                0x0800cd78                HAL_RCC_GetHCLKFreq
 .text.HAL_RCC_GetPCLK1Freq
                0x0800cda4       0x38 ../../libdaisy/build\libdaisy.a(stm32h7xx_hal_rcc.o)
                0x0800cda4                HAL_RCC_GetPCLK1Freq
 .text.HAL_RCC_GetPCLK2Freq
                0x0800cddc       0x38 ../../libdaisy/build\libdaisy.a(stm32h7xx_hal_rcc.o)
                0x0800cddc                HAL_RCC_GetPCLK2Freq
 .text.RCCEx_PLL2_Config
                0x0800ce14       0xf4 ../../libdaisy/build\libdaisy.a(stm32h7xx_hal_rcc_ex.o)
 .text.RCCEx_PLL3_Config
                0x0800cf08       0xf4 ../../libdaisy/build\libdaisy.a(stm32h7xx_hal_rcc_ex.o)
 .text.HAL_RCCEx_PeriphCLKConfig
                0x0800cffc      0xa7c ../../libdaisy/build\libdaisy.a(stm32h7xx_hal_rcc_ex.o)
                0x0800cffc                HAL_RCCEx_PeriphCLKConfig
 .text.HAL_RCCEx_GetD3PCLK1Freq
                0x0800da78       0x24 ../../libdaisy/build\libdaisy.a(stm32h7xx_hal_rcc_ex.o)
                0x0800da78                HAL_RCCEx_GetD3PCLK1Freq
 .text.HAL_RCCEx_GetPLL2ClockFreq
                0x0800da9c      0x17c ../../libdaisy/build\libdaisy.a(stm32h7xx_hal_rcc_ex.o)
                0x0800da9c                HAL_RCCEx_GetPLL2ClockFreq
 .text.HAL_RCCEx_GetPLL3ClockFreq
                0x0800dc18      0x17c ../../libdaisy/build\libdaisy.a(stm32h7xx_hal_rcc_ex.o)
                0x0800dc18                HAL_RCCEx_GetPLL3ClockFreq
 .text.HAL_RCCEx_GetPLL1ClockFreq
                0x0800dd94      0x17c ../../libdaisy/build\libdaisy.a(stm32h7xx_hal_rcc_ex.o)
                0x0800dd94                HAL_RCCEx_GetPLL1ClockFreq
 .text.HAL_RCCEx_GetPeriphCLKFreq
                0x0800df10      0x198 ../../libdaisy/build\libdaisy.a(stm32h7xx_hal_rcc_ex.o)
                0x0800df10                HAL_RCCEx_GetPeriphCLKFreq
 .text.HAL_RCCEx_GetD1SysClockFreq
                0x0800e0a8       0x2c ../../libdaisy/build\libdaisy.a(stm32h7xx_hal_rcc_ex.o)
                0x0800e0a8                HAL_RCCEx_GetD1SysClockFreq
 .text.HAL_SAI_Init.part.0
                0x0800e0d4      0x348 ../../libdaisy/build\libdaisy.a(stm32h7xx_hal_sai.o)
 .text.HAL_SAI_InitProtocol
                0x0800e41c      0x178 ../../libdaisy/build\libdaisy.a(stm32h7xx_hal_sai.o)
                0x0800e41c                HAL_SAI_InitProtocol
 .text.HAL_SAI_Transmit_DMA
                0x0800e594      0x124 ../../libdaisy/build\libdaisy.a(stm32h7xx_hal_sai.o)
                0x0800e594                HAL_SAI_Transmit_DMA
 .text.HAL_SAI_Receive_DMA
                0x0800e6b8       0xd0 ../../libdaisy/build\libdaisy.a(stm32h7xx_hal_sai.o)
                0x0800e6b8                HAL_SAI_Receive_DMA
 .text.HAL_SAI_TxCpltCallback
                0x0800e788        0x4 ../../libdaisy/build\libdaisy.a(stm32h7xx_hal_sai.o)
                0x0800e788                HAL_SAI_TxCpltCallback
 .text.SAI_DMATxCplt
                0x0800e78c       0x64 ../../libdaisy/build\libdaisy.a(stm32h7xx_hal_sai.o)
 .text.HAL_SAI_TxHalfCpltCallback
                0x0800e7f0        0x4 ../../libdaisy/build\libdaisy.a(stm32h7xx_hal_sai.o)
                0x0800e7f0                HAL_SAI_TxHalfCpltCallback
 .text.SAI_DMATxHalfCplt
                0x0800e7f4        0xc ../../libdaisy/build\libdaisy.a(stm32h7xx_hal_sai.o)
 .text.SAI_DMARxCplt
                0x0800e800       0x64 ../../libdaisy/build\libdaisy.a(stm32h7xx_hal_sai.o)
 .text.SAI_DMARxHalfCplt
                0x0800e864        0xc ../../libdaisy/build\libdaisy.a(stm32h7xx_hal_sai.o)
 .text.HAL_SAI_ErrorCallback
                0x0800e870        0x4 ../../libdaisy/build\libdaisy.a(stm32h7xx_hal_sai.o)
                0x0800e870                HAL_SAI_ErrorCallback
 .text.SAI_DMAError
                0x0800e874       0x6c ../../libdaisy/build\libdaisy.a(stm32h7xx_hal_sai.o)
 .text.HAL_SDRAM_Init
                0x0800e8e0       0x54 ../../libdaisy/build\libdaisy.a(stm32h7xx_hal_sdram.o)
                0x0800e8e0                HAL_SDRAM_Init
 .text.HAL_SDRAM_SendCommand
                0x0800e934       0x40 ../../libdaisy/build\libdaisy.a(stm32h7xx_hal_sdram.o)
                0x0800e934                HAL_SDRAM_SendCommand
 .text.HAL_SDRAM_ProgramRefreshRate
                0x0800e974       0x30 ../../libdaisy/build\libdaisy.a(stm32h7xx_hal_sdram.o)
                0x0800e974                HAL_SDRAM_ProgramRefreshRate
 .text.SPI_CloseTransfer
                0x0800e9a4       0xb8 ../../libdaisy/build\libdaisy.a(stm32h7xx_hal_spi.o)
 .text.HAL_SPI_Init
                0x0800ea5c      0x15c ../../libdaisy/build\libdaisy.a(stm32h7xx_hal_spi.o)
                0x0800ea5c                HAL_SPI_Init
 .text.HAL_SPI_Transmit
                0x0800ebb8      0x314 ../../libdaisy/build\libdaisy.a(stm32h7xx_hal_spi.o)
                0x0800ebb8                HAL_SPI_Transmit
 .text.HAL_UART_Receive_DMA
                0x0800eecc       0xac ../../libdaisy/build\libdaisy.a(stm32h7xx_hal_uart.o)
                0x0800eecc                HAL_UART_Receive_DMA
 .text.HAL_UART_TxCpltCallback
                0x0800ef78        0x4 ../../libdaisy/build\libdaisy.a(stm32h7xx_hal_uart.o)
                0x0800ef78                HAL_UART_TxCpltCallback
 .text.UART_DMAReceiveCplt
                0x0800ef7c       0x38 ../../libdaisy/build\libdaisy.a(stm32h7xx_hal_uart.o)
 .text.HAL_UART_RxHalfCpltCallback
                0x0800efb4        0x4 ../../libdaisy/build\libdaisy.a(stm32h7xx_hal_uart.o)
                0x0800efb4                HAL_UART_RxHalfCpltCallback
 .text.UART_DMARxHalfCplt
                0x0800efb8        0xc ../../libdaisy/build\libdaisy.a(stm32h7xx_hal_uart.o)
 .text.UART_DMAError
                0x0800efc4       0x78 ../../libdaisy/build\libdaisy.a(stm32h7xx_hal_uart.o)
 .text.HAL_UART_IRQHandler
                0x0800f03c      0x1d0 ../../libdaisy/build\libdaisy.a(stm32h7xx_hal_uart.o)
                0x0800f03c                HAL_UART_IRQHandler
 .text.UART_DMAAbortOnError
                0x0800f20c       0x14 ../../libdaisy/build\libdaisy.a(stm32h7xx_hal_uart.o)
 .text.UART_SetConfig
                0x0800f220     0x14b8 ../../libdaisy/build\libdaisy.a(stm32h7xx_hal_uart.o)
                0x0800f220                UART_SetConfig
 .text.UART_AdvFeatureConfig
                0x080106d8       0xb0 ../../libdaisy/build\libdaisy.a(stm32h7xx_hal_uart.o)
                0x080106d8                UART_AdvFeatureConfig
 .text.UART_CheckIdleState
                0x08010788       0x84 ../../libdaisy/build\libdaisy.a(stm32h7xx_hal_uart.o)
                0x08010788                UART_CheckIdleState
 .text.HAL_UART_Init
                0x0801080c       0x68 ../../libdaisy/build\libdaisy.a(stm32h7xx_hal_uart.o)
                0x0801080c                HAL_UART_Init
 .text.HAL_UARTEx_WakeupCallback
                0x08010874        0x4 ../../libdaisy/build\libdaisy.a(stm32h7xx_hal_uart_ex.o)
                0x08010874                HAL_UARTEx_WakeupCallback
 .text.HAL_UARTEx_RxFifoFullCallback
                0x08010878        0x4 ../../libdaisy/build\libdaisy.a(stm32h7xx_hal_uart_ex.o)
                0x08010878                HAL_UARTEx_RxFifoFullCallback
 .text.HAL_UARTEx_TxFifoEmptyCallback
                0x0801087c        0x4 ../../libdaisy/build\libdaisy.a(stm32h7xx_hal_uart_ex.o)
                0x0801087c                HAL_UARTEx_TxFifoEmptyCallback
 .text.HAL_UARTEx_DisableFifoMode
                0x08010880       0x3c ../../libdaisy/build\libdaisy.a(stm32h7xx_hal_uart_ex.o)
                0x08010880                HAL_UARTEx_DisableFifoMode
 .text.HAL_UARTEx_SetTxFifoThreshold
                0x080108bc       0x9c ../../libdaisy/build\libdaisy.a(stm32h7xx_hal_uart_ex.o)
                0x080108bc                HAL_UARTEx_SetTxFifoThreshold
 .text.HAL_UARTEx_SetRxFifoThreshold
                0x08010958       0x9c ../../libdaisy/build\libdaisy.a(stm32h7xx_hal_uart_ex.o)
                0x08010958                HAL_UARTEx_SetRxFifoThreshold
 .text.FMC_SDRAM_Init
                0x080109f4       0x7c ../../libdaisy/build\libdaisy.a(stm32h7xx_ll_fmc.o)
                0x080109f4                FMC_SDRAM_Init
 .text.FMC_SDRAM_Timing_Init
                0x08010a70       0x98 ../../libdaisy/build\libdaisy.a(stm32h7xx_ll_fmc.o)
                0x08010a70                FMC_SDRAM_Timing_Init
 .text.FMC_SDRAM_SendCommand
                0x08010b08       0x28 ../../libdaisy/build\libdaisy.a(stm32h7xx_ll_fmc.o)
                0x08010b08                FMC_SDRAM_SendCommand
 .text.FMC_SDRAM_ProgramRefreshRate
                0x08010b30       0x1c ../../libdaisy/build\libdaisy.a(stm32h7xx_ll_fmc.o)
                0x08010b30                FMC_SDRAM_ProgramRefreshRate
 .text.USB_CoreInit
                0x08010b4c       0xfc ../../libdaisy/build\libdaisy.a(stm32h7xx_ll_usb.o)
                0x08010b4c                USB_CoreInit
 .text.USB_SetTurnaroundTime
                0x08010c48       0xf4 ../../libdaisy/build\libdaisy.a(stm32h7xx_ll_usb.o)
                0x08010c48                USB_SetTurnaroundTime
 .text.USB_EnableGlobalInt
                0x08010d3c       0x10 ../../libdaisy/build\libdaisy.a(stm32h7xx_ll_usb.o)
                0x08010d3c                USB_EnableGlobalInt
 .text.USB_DisableGlobalInt
                0x08010d4c       0x10 ../../libdaisy/build\libdaisy.a(stm32h7xx_ll_usb.o)
                0x08010d4c                USB_DisableGlobalInt
 .text.USB_SetCurrentMode
                0x08010d5c       0x30 ../../libdaisy/build\libdaisy.a(stm32h7xx_ll_usb.o)
                0x08010d5c                USB_SetCurrentMode
 .text.USB_DevInit
                0x08010d8c      0x20c ../../libdaisy/build\libdaisy.a(stm32h7xx_ll_usb.o)
                0x08010d8c                USB_DevInit
 .text.USB_FlushTxFifo
                0x08010f98       0x24 ../../libdaisy/build\libdaisy.a(stm32h7xx_ll_usb.o)
                0x08010f98                USB_FlushTxFifo
 .text.USB_GetDevSpeed
                0x08010fbc       0x18 ../../libdaisy/build\libdaisy.a(stm32h7xx_ll_usb.o)
                0x08010fbc                USB_GetDevSpeed
 .text.USB_ActivateEndpoint
                0x08010fd4       0x90 ../../libdaisy/build\libdaisy.a(stm32h7xx_ll_usb.o)
                0x08010fd4                USB_ActivateEndpoint
 .text.USB_DeactivateEndpoint
                0x08011064       0x84 ../../libdaisy/build\libdaisy.a(stm32h7xx_ll_usb.o)
                0x08011064                USB_DeactivateEndpoint
 .text.USB_EPStartXfer
                0x080110e8      0x230 ../../libdaisy/build\libdaisy.a(stm32h7xx_ll_usb.o)
                0x080110e8                USB_EPStartXfer
 .text.USB_EP0StartXfer
                0x08011318      0x174 ../../libdaisy/build\libdaisy.a(stm32h7xx_ll_usb.o)
                0x08011318                USB_EP0StartXfer
 .text.USB_WritePacket
                0x0801148c       0x2c ../../libdaisy/build\libdaisy.a(stm32h7xx_ll_usb.o)
                0x0801148c                USB_WritePacket
 .text.USB_ReadPacket
                0x080114b8       0x20 ../../libdaisy/build\libdaisy.a(stm32h7xx_ll_usb.o)
                0x080114b8                USB_ReadPacket
 .text.USB_EPSetStall
                0x080114d8       0x68 ../../libdaisy/build\libdaisy.a(stm32h7xx_ll_usb.o)
                0x080114d8                USB_EPSetStall
 .text.USB_EPClearStall
                0x08011540       0x58 ../../libdaisy/build\libdaisy.a(stm32h7xx_ll_usb.o)
                0x08011540                USB_EPClearStall
 .text.USB_SetDevAddress
                0x08011598       0x24 ../../libdaisy/build\libdaisy.a(stm32h7xx_ll_usb.o)
                0x08011598                USB_SetDevAddress
 .text.USB_DevConnect
                0x080115bc       0x1c ../../libdaisy/build\libdaisy.a(stm32h7xx_ll_usb.o)
                0x080115bc                USB_DevConnect
 .text.USB_DevDisconnect
                0x080115d8       0x1c ../../libdaisy/build\libdaisy.a(stm32h7xx_ll_usb.o)
                0x080115d8                USB_DevDisconnect
 .text.USB_ReadInterrupts
                0x080115f4        0x8 ../../libdaisy/build\libdaisy.a(stm32h7xx_ll_usb.o)
                0x080115f4                USB_ReadInterrupts
 .text.USB_ReadDevAllOutEpInterrupt
                0x080115fc       0x10 ../../libdaisy/build\libdaisy.a(stm32h7xx_ll_usb.o)
                0x080115fc                USB_ReadDevAllOutEpInterrupt
 .text.USB_ReadDevAllInEpInterrupt
                0x0801160c       0x10 ../../libdaisy/build\libdaisy.a(stm32h7xx_ll_usb.o)
                0x0801160c                USB_ReadDevAllInEpInterrupt
 .text.USB_ReadDevOutEPInterrupt
                0x0801161c       0x14 ../../libdaisy/build\libdaisy.a(stm32h7xx_ll_usb.o)
                0x0801161c                USB_ReadDevOutEPInterrupt
 .text.USB_ReadDevInEPInterrupt
                0x08011630       0x20 ../../libdaisy/build\libdaisy.a(stm32h7xx_ll_usb.o)
                0x08011630                USB_ReadDevInEPInterrupt
 .text.USB_GetMode
                0x08011650        0x8 ../../libdaisy/build\libdaisy.a(stm32h7xx_ll_usb.o)
                0x08011650                USB_GetMode
 .text.USB_ActivateSetup
                0x08011658       0x38 ../../libdaisy/build\libdaisy.a(stm32h7xx_ll_usb.o)
                0x08011658                USB_ActivateSetup
 .text.USB_EP0_OutStart
                0x08011690       0x58 ../../libdaisy/build\libdaisy.a(stm32h7xx_ll_usb.o)
                0x08011690                USB_EP0_OutStart
 .text.USBD_CDC_EP0_RxReady
                0x080116e8       0x2c ../../libdaisy/build\libdaisy.a(usbd_cdc.o)
 .text.USBD_CDC_GetFSCfgDesc
                0x08011714       0x10 ../../libdaisy/build\libdaisy.a(usbd_cdc.o)
 .text.USBD_CDC_GetHSCfgDesc
                0x08011724       0x10 ../../libdaisy/build\libdaisy.a(usbd_cdc.o)
 .text.USBD_CDC_GetOtherSpeedCfgDesc
                0x08011734       0x10 ../../libdaisy/build\libdaisy.a(usbd_cdc.o)
 .text.USBD_CDC_GetDeviceQualifierDescriptor
                0x08011744       0x10 ../../libdaisy/build\libdaisy.a(usbd_cdc.o)
                0x08011744                USBD_CDC_GetDeviceQualifierDescriptor
 .text.USBD_CDC_DataOut
                0x08011754       0x30 ../../libdaisy/build\libdaisy.a(usbd_cdc.o)
 .text.USBD_CDC_DataIn
                0x08011784       0x50 ../../libdaisy/build\libdaisy.a(usbd_cdc.o)
 .text.USBD_CDC_Setup
                0x080117d4       0xcc ../../libdaisy/build\libdaisy.a(usbd_cdc.o)
 .text.USBD_CDC_DeInit
                0x080118a0       0x44 ../../libdaisy/build\libdaisy.a(usbd_cdc.o)
 .text.USBD_CDC_Init
                0x080118e4       0x94 ../../libdaisy/build\libdaisy.a(usbd_cdc.o)
 .text.USBD_CDC_RegisterInterface
                0x08011978       0x10 ../../libdaisy/build\libdaisy.a(usbd_cdc.o)
                0x08011978                USBD_CDC_RegisterInterface
 .text.USBD_CDC_SetTxBuffer
                0x08011988       0x14 ../../libdaisy/build\libdaisy.a(usbd_cdc.o)
                0x08011988                USBD_CDC_SetTxBuffer
 .text.USBD_CDC_SetRxBuffer
                0x0801199c       0x10 ../../libdaisy/build\libdaisy.a(usbd_cdc.o)
                0x0801199c                USBD_CDC_SetRxBuffer
 .text.USBD_CDC_TransmitPacket
                0x080119ac       0x34 ../../libdaisy/build\libdaisy.a(usbd_cdc.o)
                0x080119ac                USBD_CDC_TransmitPacket
 .text.USBD_CDC_ReceivePacket
                0x080119e0       0x38 ../../libdaisy/build\libdaisy.a(usbd_cdc.o)
                0x080119e0                USBD_CDC_ReceivePacket
 .text.USBD_Init
                0x08011a18       0x44 ../../libdaisy/build\libdaisy.a(usbd_core.o)
                0x08011a18                USBD_Init
 .text.USBD_RegisterClass
                0x08011a5c       0x2c ../../libdaisy/build\libdaisy.a(usbd_core.o)
                0x08011a5c                USBD_RegisterClass
 .text.USBD_Start
                0x08011a88        0xc ../../libdaisy/build\libdaisy.a(usbd_core.o)
                0x08011a88                USBD_Start
 .text.USBD_SetClassConfig
                0x08011a94       0x14 ../../libdaisy/build\libdaisy.a(usbd_core.o)
                0x08011a94                USBD_SetClassConfig
 .text.USBD_ClrClassConfig
                0x08011aa8       0x10 ../../libdaisy/build\libdaisy.a(usbd_core.o)
                0x08011aa8                USBD_ClrClassConfig
 .text.USBD_LL_SetupStage
                0x08011ab8       0x5c ../../libdaisy/build\libdaisy.a(usbd_core.o)
                0x08011ab8                USBD_LL_SetupStage
 .text.USBD_LL_DataOutStage
                0x08011b14       0x7c ../../libdaisy/build\libdaisy.a(usbd_core.o)
                0x08011b14                USBD_LL_DataOutStage
 .text.USBD_LL_DataInStage
                0x08011b90       0xcc ../../libdaisy/build\libdaisy.a(usbd_core.o)
                0x08011b90                USBD_LL_DataInStage
 .text.USBD_LL_Reset
                0x08011c5c       0x50 ../../libdaisy/build\libdaisy.a(usbd_core.o)
                0x08011c5c                USBD_LL_Reset
 .text.USBD_LL_SetSpeed
                0x08011cac        0x8 ../../libdaisy/build\libdaisy.a(usbd_core.o)
                0x08011cac                USBD_LL_SetSpeed
 .text.USBD_LL_Suspend
                0x08011cb4       0x14 ../../libdaisy/build\libdaisy.a(usbd_core.o)
                0x08011cb4                USBD_LL_Suspend
 .text.USBD_LL_Resume
                0x08011cc8       0x10 ../../libdaisy/build\libdaisy.a(usbd_core.o)
                0x08011cc8                USBD_LL_Resume
 .text.USBD_LL_SOF
                0x08011cd8       0x1c ../../libdaisy/build\libdaisy.a(usbd_core.o)
                0x08011cd8                USBD_LL_SOF
 .text.USBD_LL_IsoINIncomplete
                0x08011cf4        0x4 ../../libdaisy/build\libdaisy.a(usbd_core.o)
                0x08011cf4                USBD_LL_IsoINIncomplete
 .text.USBD_LL_IsoOUTIncomplete
                0x08011cf8        0x4 ../../libdaisy/build\libdaisy.a(usbd_core.o)
                0x08011cf8                USBD_LL_IsoOUTIncomplete
 .text.USBD_LL_DevConnected
                0x08011cfc        0x4 ../../libdaisy/build\libdaisy.a(usbd_core.o)
                0x08011cfc                USBD_LL_DevConnected
 .text.USBD_LL_DevDisconnected
                0x08011d00       0x18 ../../libdaisy/build\libdaisy.a(usbd_core.o)
                0x08011d00                USBD_LL_DevDisconnected
 .text.USBD_StdDevReq
                0x08011d18      0x2f4 ../../libdaisy/build\libdaisy.a(usbd_ctlreq.o)
                0x08011d18                USBD_StdDevReq
 .text.USBD_StdItfReq
                0x0801200c       0x68 ../../libdaisy/build\libdaisy.a(usbd_ctlreq.o)
                0x0801200c                USBD_StdItfReq
 .text.USBD_StdEPReq
                0x08012074      0x13c ../../libdaisy/build\libdaisy.a(usbd_ctlreq.o)
                0x08012074                USBD_StdEPReq
 .text.USBD_ParseSetupRequest
                0x080121b0       0x28 ../../libdaisy/build\libdaisy.a(usbd_ctlreq.o)
                0x080121b0                USBD_ParseSetupRequest
 .text.USBD_CtlError
                0x080121d8       0x18 ../../libdaisy/build\libdaisy.a(usbd_ctlreq.o)
                0x080121d8                USBD_CtlError
 .text.USBD_GetString
                0x080121f0       0x54 ../../libdaisy/build\libdaisy.a(usbd_ctlreq.o)
                0x080121f0                USBD_GetString
 .text.USBD_CtlSendData
                0x08012244       0x1c ../../libdaisy/build\libdaisy.a(usbd_ioreq.o)
                0x08012244                USBD_CtlSendData
 .text.USBD_CtlContinueSendData
                0x08012260       0x14 ../../libdaisy/build\libdaisy.a(usbd_ioreq.o)
                0x08012260                USBD_CtlContinueSendData
 .text.USBD_CtlPrepareRx
                0x08012274       0x1c ../../libdaisy/build\libdaisy.a(usbd_ioreq.o)
                0x08012274                USBD_CtlPrepareRx
 .text.USBD_CtlContinueRx
                0x08012290       0x14 ../../libdaisy/build\libdaisy.a(usbd_ioreq.o)
                0x08012290                USBD_CtlContinueRx
 .text.USBD_CtlSendStatus
                0x080122a4       0x18 ../../libdaisy/build\libdaisy.a(usbd_ioreq.o)
                0x080122a4                USBD_CtlSendStatus
 .text.USBD_CtlReceiveStatus
                0x080122bc       0x18 ../../libdaisy/build\libdaisy.a(usbd_ioreq.o)
                0x080122bc                USBD_CtlReceiveStatus
 .text.dsy_i2c_global_init
                0x080122d4       0x78 ../../libdaisy/build\libdaisy.a(i2c.o)
                0x080122d4                dsy_i2c_global_init
 .text.DMA1_Stream6_IRQHandler
                0x0801234c       0x34 ../../libdaisy/build\libdaisy.a(i2c.o)
                0x0801234c                DMA1_Stream6_IRQHandler
 .text.I2C1_EV_IRQHandler
                0x08012380        0xc ../../libdaisy/build\libdaisy.a(i2c.o)
                0x08012380                I2C1_EV_IRQHandler
 .text.I2C2_EV_IRQHandler
                0x0801238c        0xc ../../libdaisy/build\libdaisy.a(i2c.o)
                0x0801238c                I2C2_EV_IRQHandler
 .text.I2C3_EV_IRQHandler
                0x08012398        0xc ../../libdaisy/build\libdaisy.a(i2c.o)
                0x08012398                I2C3_EV_IRQHandler
 .text.startup._GLOBAL__sub_I__ZN5daisy9I2CHandle4Impl10GlobalInitEv
                0x080123a4       0x18 ../../libdaisy/build\libdaisy.a(i2c.o)
 .text.HAL_TIM_Base_MspInit
                0x080123bc       0xcc ../../libdaisy/build\libdaisy.a(tim.o)
                0x080123bc                HAL_TIM_Base_MspInit
 .text._ZN5daisy11TimerHandle4InitERKNS0_6ConfigE
                0x08012488       0xc4 ../../libdaisy/build\libdaisy.a(tim.o)
                0x08012488                daisy::TimerHandle::Init(daisy::TimerHandle::Config const&)
 .text._ZN5daisy11TimerHandle5StartEv
                0x0801254c       0x14 ../../libdaisy/build\libdaisy.a(tim.o)
                0x0801254c                daisy::TimerHandle::Start()
 .text.dsy_dma_init
                0x08012560       0xd0 ../../libdaisy/build\libdaisy.a(dma.o)
                0x08012560                dsy_dma_init
 .text.HAL_I2C_EV_IRQHandler
                0x08012630       0x10 ../../libdaisy/build\libdaisy.a(stm32h7xx_hal_i2c.o)
                0x08012630                HAL_I2C_EV_IRQHandler
 .text.HAL_MDMA_Abort_IT
                0x08012640       0x2c ../../libdaisy/build\libdaisy.a(stm32h7xx_hal_mdma.o)
                0x08012640                HAL_MDMA_Abort_IT
 .text.HAL_TIM_Base_Init
                0x0801266c      0x140 ../../libdaisy/build\libdaisy.a(stm32h7xx_hal_tim.o)
                0x0801266c                HAL_TIM_Base_Init
 .text.HAL_TIM_Base_Start
                0x080127ac       0x34 ../../libdaisy/build\libdaisy.a(stm32h7xx_hal_tim.o)
                0x080127ac                HAL_TIM_Base_Start
 .text.HAL_TIM_ConfigClockSource
                0x080127e0      0x17c ../../libdaisy/build\libdaisy.a(stm32h7xx_hal_tim.o)
                0x080127e0                HAL_TIM_ConfigClockSource
 .text.HAL_TIMEx_MasterConfigSynchronization
                0x0801295c       0x64 ../../libdaisy/build\libdaisy.a(stm32h7xx_hal_tim_ex.o)
                0x0801295c                HAL_TIMEx_MasterConfigSynchronization
 .text._ZN7daisysp4Adsr4InitEfi
                0x080129c0       0xe0 ../../DaisySP/build\libdaisysp.a(adsr.o)
                0x080129c0                daisysp::Adsr::Init(float, int)
 .text._ZN7daisysp4Adsr9RetriggerEb
                0x08012aa0       0x10 ../../DaisySP/build\libdaisysp.a(adsr.o)
                0x08012aa0                daisysp::Adsr::Retrigger(bool)
 .text._ZN7daisysp4Adsr7SetTimeEif
                0x08012ab0      0x110 ../../DaisySP/build\libdaisysp.a(adsr.o)
                0x08012ab0                daisysp::Adsr::SetTime(int, float)
 .text._ZN7daisysp4Adsr7ProcessEb
                0x08012bc0       0xb0 ../../DaisySP/build\libdaisysp.a(adsr.o)
                0x08012bc0                daisysp::Adsr::Process(bool)
 .text._ZN7daisysp4Line4InitEf
                0x08012c70       0x18 ../../DaisySP/build\libdaisysp.a(line.o)
                0x08012c70                daisysp::Line::Init(float)
 .text._ZN7daisysp4Line5StartEfff
                0x08012c88       0x2c ../../DaisySP/build\libdaisysp.a(line.o)
                0x08012c88                daisysp::Line::Start(float, float, float)
 .text._ZN7daisysp4Line7ProcessEPh
                0x08012cb4       0x64 ../../DaisySP/build\libdaisysp.a(line.o)
                0x08012cb4                daisysp::Line::Process(unsigned char*)
 .text._ZN7daisysp10Oscillator7ProcessEv
                0x08012d18      0x3c4 ../../DaisySP/build\libdaisysp.a(oscillator.o)
                0x08012d18                daisysp::Oscillator::Process()
 .text._ZN7daisysp10Oscillator12CalcPhaseIncEf
                0x080130dc       0x18 ../../DaisySP/build\libdaisysp.a(oscillator.o)
                0x080130dc                daisysp::Oscillator::CalcPhaseInc(float)
 .text.__aeabi_atexit
                0x080130f4        0xa c:/users/vinícius/documents/daisytoolchain-0.3.1/windows/bin/../lib/gcc/arm-none-eabi/10.2.1/../../../../arm-none-eabi/lib/thumb/v7e-m+dp/hard\libstdc++_nano.a(atexit_arm.o)
                0x080130f4                __aeabi_atexit
 .text._ZNK10__cxxabiv117__class_type_info11__do_upcastEPKS0_PPv
                0x080130fe       0x32 c:/users/vinícius/documents/daisytoolchain-0.3.1/windows/bin/../lib/gcc/arm-none-eabi/10.2.1/../../../../arm-none-eabi/lib/thumb/v7e-m+dp/hard\libstdc++_nano.a(class_type_info.o)
                0x080130fe                __cxxabiv1::__class_type_info::__do_upcast(__cxxabiv1::__class_type_info const*, void**) const
 .text._ZNK10__cxxabiv117__class_type_info20__do_find_public_srcEiPKvPKS0_S2_
                0x08013130        0xc c:/users/vinícius/documents/daisytoolchain-0.3.1/windows/bin/../lib/gcc/arm-none-eabi/10.2.1/../../../../arm-none-eabi/lib/thumb/v7e-m+dp/hard\libstdc++_nano.a(class_type_info.o)
                0x08013130                __cxxabiv1::__class_type_info::__do_find_public_src(int, void const*, __cxxabiv1::__class_type_info const*, void const*) const
 .text._ZN10__cxxabiv117__class_type_infoD2Ev
                0x0801313c       0x14 c:/users/vinícius/documents/daisytoolchain-0.3.1/windows/bin/../lib/gcc/arm-none-eabi/10.2.1/../../../../arm-none-eabi/lib/thumb/v7e-m+dp/hard\libstdc++_nano.a(class_type_info.o)
                0x0801313c                __cxxabiv1::__class_type_info::~__class_type_info()
                0x0801313c                __cxxabiv1::__class_type_info::~__class_type_info()
 .text._ZN10__cxxabiv117__class_type_infoD0Ev
                0x08013150       0x14 c:/users/vinícius/documents/daisytoolchain-0.3.1/windows/bin/../lib/gcc/arm-none-eabi/10.2.1/../../../../arm-none-eabi/lib/thumb/v7e-m+dp/hard\libstdc++_nano.a(class_type_info.o)
                0x08013150                __cxxabiv1::__class_type_info::~__class_type_info()
 .text._ZNK10__cxxabiv117__class_type_info12__do_dyncastEiNS0_10__sub_kindEPKS0_PKvS3_S5_RNS0_16__dyncast_resultE
                0x08013164       0x3e c:/users/vinícius/documents/daisytoolchain-0.3.1/windows/bin/../lib/gcc/arm-none-eabi/10.2.1/../../../../arm-none-eabi/lib/thumb/v7e-m+dp/hard\libstdc++_nano.a(class_type_info.o)
                0x08013164                __cxxabiv1::__class_type_info::__do_dyncast(int, __cxxabiv1::__class_type_info::__sub_kind, __cxxabiv1::__class_type_info const*, void const*, __cxxabiv1::__class_type_info const*, void const*, __cxxabiv1::__class_type_info::__dyncast_result&) const
 .text._ZNK10__cxxabiv117__class_type_info11__do_upcastEPKS0_PKvRNS0_15__upcast_resultE
                0x080131a2       0x18 c:/users/vinícius/documents/daisytoolchain-0.3.1/windows/bin/../lib/gcc/arm-none-eabi/10.2.1/../../../../arm-none-eabi/lib/thumb/v7e-m+dp/hard\libstdc++_nano.a(class_type_info.o)
                0x080131a2                __cxxabiv1::__class_type_info::__do_upcast(__cxxabiv1::__class_type_info const*, void const*, __cxxabiv1::__class_type_info::__upcast_result&) const
 .text._ZNK10__cxxabiv117__class_type_info10__do_catchEPKSt9type_infoPPvj
                0x080131ba       0x2a c:/users/vinícius/documents/daisytoolchain-0.3.1/windows/bin/../lib/gcc/arm-none-eabi/10.2.1/../../../../arm-none-eabi/lib/thumb/v7e-m+dp/hard\libstdc++_nano.a(class_type_info.o)
                0x080131ba                __cxxabiv1::__class_type_info::__do_catch(std::type_info const*, void**, unsigned int) const
 .text._ZdlPvj  0x080131e4        0x4 c:/users/vinícius/documents/daisytoolchain-0.3.1/windows/bin/../lib/gcc/arm-none-eabi/10.2.1/../../../../arm-none-eabi/lib/thumb/v7e-m+dp/hard\libstdc++_nano.a(del_ops.o)
                0x080131e4                operator delete(void*, unsigned int)
 .text._ZN10__cxxabiv120__si_class_type_infoD2Ev
                0x080131e8       0x14 c:/users/vinícius/documents/daisytoolchain-0.3.1/windows/bin/../lib/gcc/arm-none-eabi/10.2.1/../../../../arm-none-eabi/lib/thumb/v7e-m+dp/hard\libstdc++_nano.a(si_class_type_info.o)
                0x080131e8                __cxxabiv1::__si_class_type_info::~__si_class_type_info()
                0x080131e8                __cxxabiv1::__si_class_type_info::~__si_class_type_info()
 .text._ZN10__cxxabiv120__si_class_type_infoD0Ev
                0x080131fc       0x14 c:/users/vinícius/documents/daisytoolchain-0.3.1/windows/bin/../lib/gcc/arm-none-eabi/10.2.1/../../../../arm-none-eabi/lib/thumb/v7e-m+dp/hard\libstdc++_nano.a(si_class_type_info.o)
                0x080131fc                __cxxabiv1::__si_class_type_info::~__si_class_type_info()
 .text._ZNK10__cxxabiv120__si_class_type_info20__do_find_public_srcEiPKvPKNS_17__class_type_infoES2_
                0x08013210       0x38 c:/users/vinícius/documents/daisytoolchain-0.3.1/windows/bin/../lib/gcc/arm-none-eabi/10.2.1/../../../../arm-none-eabi/lib/thumb/v7e-m+dp/hard\libstdc++_nano.a(si_class_type_info.o)
                0x08013210                __cxxabiv1::__si_class_type_info::__do_find_public_src(int, void const*, __cxxabiv1::__class_type_info const*, void const*) const
 .text._ZNK10__cxxabiv120__si_class_type_info12__do_dyncastEiNS_17__class_type_info10__sub_kindEPKS1_PKvS4_S6_RNS1_16__dyncast_resultE
                0x08013248       0x74 c:/users/vinícius/documents/daisytoolchain-0.3.1/windows/bin/../lib/gcc/arm-none-eabi/10.2.1/../../../../arm-none-eabi/lib/thumb/v7e-m+dp/hard\libstdc++_nano.a(si_class_type_info.o)
                0x08013248                __cxxabiv1::__si_class_type_info::__do_dyncast(int, __cxxabiv1::__class_type_info::__sub_kind, __cxxabiv1::__class_type_info const*, void const*, __cxxabiv1::__class_type_info const*, void const*, __cxxabiv1::__class_type_info::__dyncast_result&) const
 .text._ZNK10__cxxabiv120__si_class_type_info11__do_upcastEPKNS_17__class_type_infoEPKvRNS1_15__upcast_resultE
                0x080132bc       0x2a c:/users/vinícius/documents/daisytoolchain-0.3.1/windows/bin/../lib/gcc/arm-none-eabi/10.2.1/../../../../arm-none-eabi/lib/thumb/v7e-m+dp/hard\libstdc++_nano.a(si_class_type_info.o)
                0x080132bc                __cxxabiv1::__si_class_type_info::__do_upcast(__cxxabiv1::__class_type_info const*, void const*, __cxxabiv1::__class_type_info::__upcast_result&) const
 .text._ZNSt9type_infoD2Ev
                0x080132e6        0x2 c:/users/vinícius/documents/daisytoolchain-0.3.1/windows/bin/../lib/gcc/arm-none-eabi/10.2.1/../../../../arm-none-eabi/lib/thumb/v7e-m+dp/hard\libstdc++_nano.a(tinfo.o)
                0x080132e6                std::type_info::~type_info()
                0x080132e6                std::type_info::~type_info()
 .text._ZNKSt9type_info14__is_pointer_pEv
                0x080132e8        0x4 c:/users/vinícius/documents/daisytoolchain-0.3.1/windows/bin/../lib/gcc/arm-none-eabi/10.2.1/../../../../arm-none-eabi/lib/thumb/v7e-m+dp/hard\libstdc++_nano.a(tinfo.o)
                0x080132e8                std::type_info::__is_pointer_p() const
                0x080132e8                std::type_info::__is_function_p() const
 .text._ZNKSt9type_infoeqERKS_
                0x080132ec       0x2c c:/users/vinícius/documents/daisytoolchain-0.3.1/windows/bin/../lib/gcc/arm-none-eabi/10.2.1/../../../../arm-none-eabi/lib/thumb/v7e-m+dp/hard\libstdc++_nano.a(tinfo.o)
                0x080132ec                std::type_info::operator==(std::type_info const&) const
 .text._ZdlPv   0x08013318        0x4 c:/users/vinícius/documents/daisytoolchain-0.3.1/windows/bin/../lib/gcc/arm-none-eabi/10.2.1/../../../../arm-none-eabi/lib/thumb/v7e-m+dp/hard\libstdc++_nano.a(del_op.o)
                0x08013318                operator delete(void*)
 *fill*         0x0801331c        0x4 
 .text.cosf     0x08013320      0x1bc c:/users/vinícius/documents/daisytoolchain-0.3.1/windows/bin/../lib/gcc/arm-none-eabi/10.2.1/../../../../arm-none-eabi/lib/thumb/v7e-m+dp/hard\libm.a(lib_a-cosf.o)
                0x08013320                cosf
 .text.with_errnof
                0x080134dc       0x18 c:/users/vinícius/documents/daisytoolchain-0.3.1/windows/bin/../lib/gcc/arm-none-eabi/10.2.1/../../../../arm-none-eabi/lib/thumb/v7e-m+dp/hard\libm.a(lib_a-math_errf.o)
 .text.xflowf   0x080134f4       0x20 c:/users/vinícius/documents/daisytoolchain-0.3.1/windows/bin/../lib/gcc/arm-none-eabi/10.2.1/../../../../arm-none-eabi/lib/thumb/v7e-m+dp/hard\libm.a(lib_a-math_errf.o)
 .text.__math_uflowf
                0x08013514        0xc c:/users/vinícius/documents/daisytoolchain-0.3.1/windows/bin/../lib/gcc/arm-none-eabi/10.2.1/../../../../arm-none-eabi/lib/thumb/v7e-m+dp/hard\libm.a(lib_a-math_errf.o)
                0x08013514                __math_uflowf
 .text.__math_may_uflowf
                0x08013520        0xc c:/users/vinícius/documents/daisytoolchain-0.3.1/windows/bin/../lib/gcc/arm-none-eabi/10.2.1/../../../../arm-none-eabi/lib/thumb/v7e-m+dp/hard\libm.a(lib_a-math_errf.o)
                0x08013520                __math_may_uflowf
 .text.__math_oflowf
                0x0801352c        0xc c:/users/vinícius/documents/daisytoolchain-0.3.1/windows/bin/../lib/gcc/arm-none-eabi/10.2.1/../../../../arm-none-eabi/lib/thumb/v7e-m+dp/hard\libm.a(lib_a-math_errf.o)
                0x0801352c                __math_oflowf
 .text.__math_divzerof
                0x08013538       0x24 c:/users/vinícius/documents/daisytoolchain-0.3.1/windows/bin/../lib/gcc/arm-none-eabi/10.2.1/../../../../arm-none-eabi/lib/thumb/v7e-m+dp/hard\libm.a(lib_a-math_errf.o)
                0x08013538                __math_divzerof